03-27 02:14:06.116   753   906 D StartingSurfaceDrawer: addSplashScreen: apply overrideConfig{1.0 310mcc260mnc [en_US] ldltr sw411dp w411dp h842dp 420dpi nrml long port finger qwerty/v/v dpad/v winConfig={ mBounds=Rect(0, 0 - 1080, 2400) mAppBounds=Rect(0, 0 - 1080, 2274) mMaxBounds=Rect(0, 0 - 1080, 2400) mWindowingMode=fullscreen mDisplayWindowingMode=fullscreen mActivityType=standard mAlwaysOnTop=undefined mRotation=ROTATION_0} s.1 fontWeightAdjustment=0} to starting window resId=2131231212
03-27 02:14:06.124   547   601 I ActivityManager: Start proc 14882:host.exp.exponent/u0a145 for pre-top-activity {host.exp.exponent/host.exp.exponent.experience.HomeActivity}
03-27 02:14:06.218   547   630 I ActivityTaskManager: START u0 {act=android.intent.action.VIEW dat=exp://192.168.1.13:8081 flg=0x10000000 cmp=host.exp.exponent/.LauncherActivity} from uid 2000
03-27 02:14:06.660   547  2425 I ActivityTaskManager: START u0 {flg=0xc080000 cmp=host.exp.exponent/.experience.ExperienceActivity (has extras)} from uid 10145
03-27 02:14:06.672   753   906 D StartingSurfaceDrawer: addSplashScreen host.exp.exponent theme=7f1402b1 task=55 suggestType=3
03-27 02:14:06.672   753   906 D StartingSurfaceDrawer: addSplashScreen: creating context based on task Configuration {1.0 310mcc260mnc [en_US] ldltr sw411dp w411dp h842dp 420dpi nrml long port finger qwerty/v/v dpad/v winConfig={ mBounds=Rect(0, 0 - 1080, 2400) mAppBounds=Rect(0, 0 - 1080, 2274) mMaxBounds=Rect(0, 0 - 1080, 2400) mWindowingMode=fullscreen mDisplayWindowingMode=fullscreen mActivityType=standard mAlwaysOnTop=undefined mRotation=ROTATION_0} s.1 fontWeightAdjustment=0} for splash screen
03-27 02:14:06.673   753   906 D StartingSurfaceDrawer: addSplashScreen: apply overrideConfig{1.0 310mcc260mnc [en_US] ldltr sw411dp w411dp h842dp 420dpi nrml long port finger qwerty/v/v dpad/v winConfig={ mBounds=Rect(0, 0 - 1080, 2400) mAppBounds=Rect(0, 0 - 1080, 2274) mMaxBounds=Rect(0, 0 - 1080, 2400) mWindowingMode=fullscreen mDisplayWindowingMode=fullscreen mActivityType=standard mAlwaysOnTop=undefined mRotation=ROTATION_0} s.1 fontWeightAdjustment=0} to starting window resId=2131100557
03-27 02:58:04.352   547   592 I ActivityManager: Killing 14882:host.exp.exponent/u0a145 (adj 915): remove task
03-27 02:58:04.356   547   599 W UsageStatsService: Unexpected activity event reported! (host.exp.exponent/host.exp.exponent.experience.HomeActivity event : 23 instanceId : 32145159)
03-27 02:58:04.385   547  3456 I WindowManager: WIN DEATH: Window{a2ac508 u0 host.exp.exponent/host.exp.exponent.experience.ExperienceActivity}
03-27 02:58:04.386   547   889 I WindowManager: WIN DEATH: Window{91ef7ab u0 host.exp.exponent/host.exp.exponent.experience.ExperienceActivity EXITING}
03-27 02:58:04.406   547   599 W UsageStatsService: Unexpected activity event reported! (host.exp.exponent/host.exp.exponent.experience.ExperienceActivity event : 23 instanceId : 265839245)
03-27 02:58:07.973   547  1621 I ActivityTaskManager: START u0 {act=android.intent.action.MAIN cat=[android.intent.category.LAUNCHER] flg=0x10200000 cmp=host.exp.exponent/.experience.HomeActivity} from uid 2000
03-27 02:58:07.976   753   906 D StartingSurfaceDrawer: addSplashScreen host.exp.exponent theme=7f1402b0 task=56 suggestType=3
03-27 02:58:07.977   753   906 D StartingSurfaceDrawer: addSplashScreen: creating context based on task Configuration {1.0 310mcc260mnc [en_US] ldltr sw411dp w411dp h842dp 420dpi nrml long port finger qwerty/v/v dpad/v winConfig={ mBounds=Rect(0, 0 - 1080, 2400) mAppBounds=Rect(0, 0 - 1080, 2274) mMaxBounds=Rect(0, 0 - 1080, 2400) mWindowingMode=fullscreen mDisplayWindowingMode=fullscreen mActivityType=standard mAlwaysOnTop=undefined mRotation=ROTATION_0} s.1 fontWeightAdjustment=0} for splash screen
03-27 02:58:07.978   753   906 D StartingSurfaceDrawer: addSplashScreen: apply overrideConfig{1.0 310mcc260mnc [en_US] ldltr sw411dp w411dp h842dp 420dpi nrml long port finger qwerty/v/v dpad/v winConfig={ mBounds=Rect(0, 0 - 1080, 2400) mAppBounds=Rect(0, 0 - 1080, 2274) mMaxBounds=Rect(0, 0 - 1080, 2400) mWindowingMode=fullscreen mDisplayWindowingMode=fullscreen mActivityType=standard mAlwaysOnTop=undefined mRotation=ROTATION_0} s.1 fontWeightAdjustment=0} to starting window resId=2131231212
03-27 02:58:07.986   547   601 I ActivityManager: Start proc 15291:host.exp.exponent/u0a145 for pre-top-activity {host.exp.exponent/host.exp.exponent.experience.HomeActivity}
03-27 02:58:08.078   547  3456 I ActivityTaskManager: START u0 {act=android.intent.action.VIEW dat=exp://192.168.1.13:8081 flg=0x10000000 cmp=host.exp.exponent/.LauncherActivity} from uid 2000
03-27 02:58:08.385   547  3456 I ActivityTaskManager: START u0 {flg=0xc080000 cmp=host.exp.exponent/.experience.ExperienceActivity (has extras)} from uid 10145
03-27 02:58:08.405   753   906 D StartingSurfaceDrawer: addSplashScreen host.exp.exponent theme=7f1402b1 task=57 suggestType=3
03-27 02:58:08.405   753   906 D StartingSurfaceDrawer: addSplashScreen: creating context based on task Configuration {1.0 310mcc260mnc [en_US] ldltr sw411dp w411dp h842dp 420dpi nrml long port finger qwerty/v/v dpad/v winConfig={ mBounds=Rect(0, 0 - 1080, 2400) mAppBounds=Rect(0, 0 - 1080, 2274) mMaxBounds=Rect(0, 0 - 1080, 2400) mWindowingMode=fullscreen mDisplayWindowingMode=fullscreen mActivityType=standard mAlwaysOnTop=undefined mRotation=ROTATION_0} s.1 fontWeightAdjustment=0} for splash screen
03-27 02:58:08.405   753   906 D StartingSurfaceDrawer: addSplashScreen: apply overrideConfig{1.0 310mcc260mnc [en_US] ldltr sw411dp w411dp h842dp 420dpi nrml long port finger qwerty/v/v dpad/v winConfig={ mBounds=Rect(0, 0 - 1080, 2400) mAppBounds=Rect(0, 0 - 1080, 2274) mMaxBounds=Rect(0, 0 - 1080, 2400) mWindowingMode=fullscreen mDisplayWindowingMode=fullscreen mActivityType=standard mAlwaysOnTop=undefined mRotation=ROTATION_0} s.1 fontWeightAdjustment=0} to starting window resId=2131100557
03-27 02:58:08.605   547  2101 I ActivityTaskManager: Activity reported stop, but no longer stopping: ActivityRecord{992ee6e u0 host.exp.exponent/.LauncherActivity t56 f}} DESTROYING
03-27 03:04:10.229   547   592 I ActivityManager: Killing 15291:host.exp.exponent/u0a145 (adj 915): remove task
03-27 03:04:10.262   547  1854 I WindowManager: WIN DEATH: Window{aef74f4 u0 host.exp.exponent/host.exp.exponent.experience.ExperienceActivity}
03-27 03:04:10.266   547  2424 I WindowManager: WIN DEATH: Window{a9aba88 u0 host.exp.exponent/host.exp.exponent.experience.ExperienceActivity EXITING}
03-27 03:04:10.267   547   599 W UsageStatsService: Unexpected activity event reported! (host.exp.exponent/host.exp.exponent.experience.ExperienceActivity event : 23 instanceId : 209603048)
03-27 03:04:10.269   547   599 W UsageStatsService: Unexpected activity event reported! (host.exp.exponent/host.exp.exponent.experience.HomeActivity event : 23 instanceId : 217626679)
03-27 03:04:22.798   547  1963 I ActivityTaskManager: START u0 {act=android.intent.action.MAIN cat=[android.intent.category.LAUNCHER] flg=0x10200000 cmp=host.exp.exponent/.experience.HomeActivity} from uid 2000
03-27 03:04:22.801   753   906 D StartingSurfaceDrawer: addSplashScreen host.exp.exponent theme=7f1402b0 task=58 suggestType=3
03-27 03:04:22.802   753   906 D StartingSurfaceDrawer: addSplashScreen: creating context based on task Configuration {1.0 310mcc260mnc [en_US] ldltr sw411dp w411dp h842dp 420dpi nrml long port finger qwerty/v/v dpad/v winConfig={ mBounds=Rect(0, 0 - 1080, 2400) mAppBounds=Rect(0, 0 - 1080, 2274) mMaxBounds=Rect(0, 0 - 1080, 2400) mWindowingMode=fullscreen mDisplayWindowingMode=fullscreen mActivityType=standard mAlwaysOnTop=undefined mRotation=ROTATION_0} s.1 fontWeightAdjustment=0} for splash screen
03-27 03:04:22.804   753   906 D StartingSurfaceDrawer: addSplashScreen: apply overrideConfig{1.0 310mcc260mnc [en_US] ldltr sw411dp w411dp h842dp 420dpi nrml long port finger qwerty/v/v dpad/v winConfig={ mBounds=Rect(0, 0 - 1080, 2400) mAppBounds=Rect(0, 0 - 1080, 2274) mMaxBounds=Rect(0, 0 - 1080, 2400) mWindowingMode=fullscreen mDisplayWindowingMode=fullscreen mActivityType=standard mAlwaysOnTop=undefined mRotation=ROTATION_0} s.1 fontWeightAdjustment=0} to starting window resId=2131231212
03-27 03:04:22.814   547   601 I ActivityManager: Start proc 15607:host.exp.exponent/u0a145 for pre-top-activity {host.exp.exponent/host.exp.exponent.experience.HomeActivity}
03-27 03:04:22.896   547  1854 I ActivityTaskManager: START u0 {act=android.intent.action.VIEW dat=exp://192.168.1.13:8081 flg=0x10000000 cmp=host.exp.exponent/.LauncherActivity} from uid 2000
03-27 03:04:23.189   547  2424 I ActivityTaskManager: START u0 {flg=0xc080000 cmp=host.exp.exponent/.experience.ExperienceActivity (has extras)} from uid 10145
03-27 03:04:23.205   753   906 D StartingSurfaceDrawer: addSplashScreen host.exp.exponent theme=7f1402b1 task=59 suggestType=3
03-27 03:04:23.205   753   906 D StartingSurfaceDrawer: addSplashScreen: creating context based on task Configuration {1.0 310mcc260mnc [en_US] ldltr sw411dp w411dp h842dp 420dpi nrml long port finger qwerty/v/v dpad/v winConfig={ mBounds=Rect(0, 0 - 1080, 2400) mAppBounds=Rect(0, 0 - 1080, 2274) mMaxBounds=Rect(0, 0 - 1080, 2400) mWindowingMode=fullscreen mDisplayWindowingMode=fullscreen mActivityType=standard mAlwaysOnTop=undefined mRotation=ROTATION_0} s.1 fontWeightAdjustment=0} for splash screen
03-27 03:04:23.205   753   906 D StartingSurfaceDrawer: addSplashScreen: apply overrideConfig{1.0 310mcc260mnc [en_US] ldltr sw411dp w411dp h842dp 420dpi nrml long port finger qwerty/v/v dpad/v winConfig={ mBounds=Rect(0, 0 - 1080, 2400) mAppBounds=Rect(0, 0 - 1080, 2274) mMaxBounds=Rect(0, 0 - 1080, 2400) mWindowingMode=fullscreen mDisplayWindowingMode=fullscreen mActivityType=standard mAlwaysOnTop=undefined mRotation=ROTATION_0} s.1 fontWeightAdjustment=0} to starting window resId=2131100557
03-27 03:04:23.363   547   599 W UsageStatsService: Unexpected activity event reported! (host.exp.exponent/host.exp.exponent.LauncherActivity event : 23 instanceId : 248557877)
03-27 03:08:28.716   547  1854 I ActivityTaskManager: START u0 {act=android.intent.action.MAIN cat=[android.intent.category.LAUNCHER] flg=0x10200000 cmp=host.exp.exponent/.experience.HomeActivity} from uid 2000
03-27 03:08:28.721   753   906 D StartingSurfaceDrawer: addSplashScreen host.exp.exponent theme=7f1402b0 task=58 suggestType=3
03-27 03:08:28.721   753   906 D StartingSurfaceDrawer: addSplashScreen: creating context based on task Configuration {1.0 310mcc260mnc [en_US] ldltr sw411dp w411dp h842dp 420dpi nrml long port finger qwerty/v/v dpad/v winConfig={ mBounds=Rect(0, 0 - 1080, 2400) mAppBounds=Rect(0, 0 - 1080, 2274) mMaxBounds=Rect(0, 0 - 1080, 2400) mWindowingMode=fullscreen mDisplayWindowingMode=fullscreen mActivityType=standard mAlwaysOnTop=undefined mRotation=ROTATION_0} s.1 fontWeightAdjustment=0} for splash screen
03-27 03:08:28.721   753   906 D StartingSurfaceDrawer: addSplashScreen: apply overrideConfig{1.0 310mcc260mnc [en_US] ldltr sw411dp w411dp h842dp 420dpi nrml long port finger qwerty/v/v dpad/v winConfig={ mBounds=Rect(0, 0 - 1080, 2400) mAppBounds=Rect(0, 0 - 1080, 2274) mMaxBounds=Rect(0, 0 - 1080, 2400) mWindowingMode=fullscreen mDisplayWindowingMode=fullscreen mActivityType=standard mAlwaysOnTop=undefined mRotation=ROTATION_0} s.1 fontWeightAdjustment=0} to starting window resId=2131231212
03-27 03:08:28.818   547  3422 I ActivityTaskManager: START u0 {act=android.intent.action.VIEW dat=exp://192.168.1.13:8081 flg=0x10000000 cmp=host.exp.exponent/.LauncherActivity} from uid 2000
03-27 03:08:29.011   547  1854 I ActivityTaskManager: Activity reported stop, but no longer stopping: ActivityRecord{f0d1adf u0 host.exp.exponent/.LauncherActivity t58 f}} DESTROYING
03-27 03:08:36.678   547   592 I ActivityManager: Killing 15607:host.exp.exponent/u0a145 (adj 915): remove task
03-27 03:08:36.711   547  5092 I WindowManager: WIN DEATH: Window{eb51af5 u0 host.exp.exponent/host.exp.exponent.experience.ExperienceActivity}
03-27 03:08:36.721   547   599 W UsageStatsService: Unexpected activity event reported! (host.exp.exponent/host.exp.exponent.experience.ExperienceActivity event : 23 instanceId : 182845314)
03-27 03:08:36.721   547   599 W UsageStatsService: Unexpected activity event reported! (host.exp.exponent/host.exp.exponent.experience.HomeActivity event : 23 instanceId : 21298845)
03-27 03:08:38.505   547  1854 I ActivityTaskManager: START u0 {act=android.intent.action.MAIN cat=[android.intent.category.LAUNCHER] flg=0x10200000 cmp=host.exp.exponent/.experience.HomeActivity} from uid 2000
03-27 03:08:38.508   753   906 D StartingSurfaceDrawer: addSplashScreen host.exp.exponent theme=7f1402b0 task=60 suggestType=3
03-27 03:08:38.508   753   906 D StartingSurfaceDrawer: addSplashScreen: creating context based on task Configuration {1.0 310mcc260mnc [en_US] ldltr sw411dp w411dp h842dp 420dpi nrml long port finger qwerty/v/v dpad/v winConfig={ mBounds=Rect(0, 0 - 1080, 2400) mAppBounds=Rect(0, 0 - 1080, 2274) mMaxBounds=Rect(0, 0 - 1080, 2400) mWindowingMode=fullscreen mDisplayWindowingMode=fullscreen mActivityType=standard mAlwaysOnTop=undefined mRotation=ROTATION_0} s.1 fontWeightAdjustment=0} for splash screen
03-27 03:08:38.511   753   906 D StartingSurfaceDrawer: addSplashScreen: apply overrideConfig{1.0 310mcc260mnc [en_US] ldltr sw411dp w411dp h842dp 420dpi nrml long port finger qwerty/v/v dpad/v winConfig={ mBounds=Rect(0, 0 - 1080, 2400) mAppBounds=Rect(0, 0 - 1080, 2274) mMaxBounds=Rect(0, 0 - 1080, 2400) mWindowingMode=fullscreen mDisplayWindowingMode=fullscreen mActivityType=standard mAlwaysOnTop=undefined mRotation=ROTATION_0} s.1 fontWeightAdjustment=0} to starting window resId=2131231212
03-27 03:08:38.517   547   601 I ActivityManager: Start proc 15886:host.exp.exponent/u0a145 for pre-top-activity {host.exp.exponent/host.exp.exponent.experience.HomeActivity}
03-27 03:08:38.567   547  5092 I ActivityTaskManager: START u0 {act=android.intent.action.VIEW dat=exp://192.168.1.13:8081 flg=0x10000000 cmp=host.exp.exponent/.LauncherActivity} from uid 2000
03-27 03:08:38.893   547  1854 I ActivityTaskManager: START u0 {flg=0xc080000 cmp=host.exp.exponent/.experience.ExperienceActivity (has extras)} from uid 10145
03-27 03:08:38.906   753   906 D StartingSurfaceDrawer: addSplashScreen host.exp.exponent theme=7f1402b1 task=61 suggestType=3
03-27 03:08:38.907   753   906 D StartingSurfaceDrawer: addSplashScreen: creating context based on task Configuration {1.0 310mcc260mnc [en_US] ldltr sw411dp w411dp h842dp 420dpi nrml long port finger qwerty/v/v dpad/v winConfig={ mBounds=Rect(0, 0 - 1080, 2400) mAppBounds=Rect(0, 0 - 1080, 2274) mMaxBounds=Rect(0, 0 - 1080, 2400) mWindowingMode=fullscreen mDisplayWindowingMode=fullscreen mActivityType=standard mAlwaysOnTop=undefined mRotation=ROTATION_0} s.1 fontWeightAdjustment=0} for splash screen
03-27 03:08:38.907   753   906 D StartingSurfaceDrawer: addSplashScreen: apply overrideConfig{1.0 310mcc260mnc [en_US] ldltr sw411dp w411dp h842dp 420dpi nrml long port finger qwerty/v/v dpad/v winConfig={ mBounds=Rect(0, 0 - 1080, 2400) mAppBounds=Rect(0, 0 - 1080, 2274) mMaxBounds=Rect(0, 0 - 1080, 2400) mWindowingMode=fullscreen mDisplayWindowingMode=fullscreen mActivityType=standard mAlwaysOnTop=undefined mRotation=ROTATION_0} s.1 fontWeightAdjustment=0} to starting window resId=2131100557
03-27 03:13:20.081   547   592 I ActivityManager: Killing 15886:host.exp.exponent/u0a145 (adj 915): remove task
03-27 03:13:20.116   547  2424 I WindowManager: WIN DEATH: Window{47e999c u0 host.exp.exponent/host.exp.exponent.experience.ExperienceActivity}
03-27 03:13:20.122   547   672 I WindowManager: WIN DEATH: Window{d881f6a u0 host.exp.exponent/host.exp.exponent.experience.ExperienceActivity EXITING}
03-27 03:13:20.131   547   599 W UsageStatsService: Unexpected activity event reported! (host.exp.exponent/host.exp.exponent.experience.ExperienceActivity event : 23 instanceId : 139205843)
03-27 03:13:20.134   547   599 W UsageStatsService: Unexpected activity event reported! (host.exp.exponent/host.exp.exponent.experience.HomeActivity event : 23 instanceId : 84506751)
03-27 03:13:55.754   547  4147 I ActivityTaskManager: START u0 {act=android.intent.action.MAIN cat=[android.intent.category.LAUNCHER] flg=0x10200000 cmp=host.exp.exponent/.experience.HomeActivity} from uid 2000
03-27 03:13:55.758   753   906 D StartingSurfaceDrawer: addSplashScreen host.exp.exponent theme=7f1402b0 task=62 suggestType=3
03-27 03:13:55.758   753   906 D StartingSurfaceDrawer: addSplashScreen: creating context based on task Configuration {1.0 310mcc260mnc [en_US] ldltr sw411dp w411dp h842dp 420dpi nrml long port finger qwerty/v/v dpad/v winConfig={ mBounds=Rect(0, 0 - 1080, 2400) mAppBounds=Rect(0, 0 - 1080, 2274) mMaxBounds=Rect(0, 0 - 1080, 2400) mWindowingMode=fullscreen mDisplayWindowingMode=fullscreen mActivityType=standard mAlwaysOnTop=undefined mRotation=ROTATION_0} s.1 fontWeightAdjustment=0} for splash screen
03-27 03:13:55.758   753   906 D StartingSurfaceDrawer: addSplashScreen: apply overrideConfig{1.0 310mcc260mnc [en_US] ldltr sw411dp w411dp h842dp 420dpi nrml long port finger qwerty/v/v dpad/v winConfig={ mBounds=Rect(0, 0 - 1080, 2400) mAppBounds=Rect(0, 0 - 1080, 2274) mMaxBounds=Rect(0, 0 - 1080, 2400) mWindowingMode=fullscreen mDisplayWindowingMode=fullscreen mActivityType=standard mAlwaysOnTop=undefined mRotation=ROTATION_0} s.1 fontWeightAdjustment=0} to starting window resId=2131231212
03-27 03:13:55.771   547   601 I ActivityManager: Start proc 16149:host.exp.exponent/u0a145 for pre-top-activity {host.exp.exponent/host.exp.exponent.experience.HomeActivity}
03-27 03:13:55.855   547   586 I ActivityTaskManager: START u0 {act=android.intent.action.VIEW dat=exp://192.168.1.13:8081 flg=0x10000000 cmp=host.exp.exponent/.LauncherActivity} from uid 2000
03-27 03:13:56.133   547   832 I ActivityTaskManager: START u0 {flg=0xc080000 cmp=host.exp.exponent/.experience.ExperienceActivity (has extras)} from uid 10145
03-27 03:13:56.138   753   906 D StartingSurfaceDrawer: addSplashScreen host.exp.exponent theme=7f1402b1 task=63 suggestType=3
03-27 03:13:56.138   753   906 D StartingSurfaceDrawer: addSplashScreen: creating context based on task Configuration {1.0 310mcc260mnc [en_US] ldltr sw411dp w411dp h842dp 420dpi nrml long port finger qwerty/v/v dpad/v winConfig={ mBounds=Rect(0, 0 - 1080, 2400) mAppBounds=Rect(0, 0 - 1080, 2274) mMaxBounds=Rect(0, 0 - 1080, 2400) mWindowingMode=fullscreen mDisplayWindowingMode=fullscreen mActivityType=standard mAlwaysOnTop=undefined mRotation=ROTATION_0} s.1 fontWeightAdjustment=0} for splash screen
03-27 03:13:56.139   753   906 D StartingSurfaceDrawer: addSplashScreen: apply overrideConfig{1.0 310mcc260mnc [en_US] ldltr sw411dp w411dp h842dp 420dpi nrml long port finger qwerty/v/v dpad/v winConfig={ mBounds=Rect(0, 0 - 1080, 2400) mAppBounds=Rect(0, 0 - 1080, 2274) mMaxBounds=Rect(0, 0 - 1080, 2400) mWindowingMode=fullscreen mDisplayWindowingMode=fullscreen mActivityType=standard mAlwaysOnTop=undefined mRotation=ROTATION_0} s.1 fontWeightAdjustment=0} to starting window resId=2131100557
03-27 03:33:39.715   547   592 I ActivityManager: Killing 16149:host.exp.exponent/u0a145 (adj 915): remove task
03-27 03:33:39.742   547  4326 I WindowManager: WIN DEATH: Window{42e74b9 u0 host.exp.exponent/host.exp.exponent.experience.HomeActivity}
03-27 03:33:39.744   547  4147 I WindowManager: WIN DEATH: Window{633133c u0 host.exp.exponent/host.exp.exponent.experience.ExperienceActivity}
03-27 03:33:39.746   547  4809 I WindowManager: WIN DEATH: Window{a4b4b76 u0 host.exp.exponent/host.exp.exponent.experience.ExperienceActivity EXITING}
03-27 03:33:39.750   547   599 W UsageStatsService: Unexpected activity event reported! (host.exp.exponent/host.exp.exponent.experience.ExperienceActivity event : 23 instanceId : 209748804)
03-27 03:33:39.751   547   599 W UsageStatsService: Unexpected activity event reported! (host.exp.exponent/host.exp.exponent.experience.HomeActivity event : 23 instanceId : 251731879)
03-27 03:33:48.947   547   830 I ActivityTaskManager: START u0 {act=android.intent.action.MAIN cat=[android.intent.category.LAUNCHER] flg=0x10200000 cmp=host.exp.exponent/.experience.HomeActivity} from uid 2000
03-27 03:33:48.950   753   906 D StartingSurfaceDrawer: addSplashScreen host.exp.exponent theme=7f1402b0 task=64 suggestType=3
03-27 03:33:48.950   753   906 D StartingSurfaceDrawer: addSplashScreen: creating context based on task Configuration {1.0 310mcc260mnc [en_US] ldltr sw411dp w411dp h842dp 420dpi nrml long port finger qwerty/v/v dpad/v winConfig={ mBounds=Rect(0, 0 - 1080, 2400) mAppBounds=Rect(0, 0 - 1080, 2274) mMaxBounds=Rect(0, 0 - 1080, 2400) mWindowingMode=fullscreen mDisplayWindowingMode=fullscreen mActivityType=standard mAlwaysOnTop=undefined mRotation=ROTATION_0} s.1 fontWeightAdjustment=0} for splash screen
03-27 03:33:48.951   753   906 D StartingSurfaceDrawer: addSplashScreen: apply overrideConfig{1.0 310mcc260mnc [en_US] ldltr sw411dp w411dp h842dp 420dpi nrml long port finger qwerty/v/v dpad/v winConfig={ mBounds=Rect(0, 0 - 1080, 2400) mAppBounds=Rect(0, 0 - 1080, 2274) mMaxBounds=Rect(0, 0 - 1080, 2400) mWindowingMode=fullscreen mDisplayWindowingMode=fullscreen mActivityType=standard mAlwaysOnTop=undefined mRotation=ROTATION_0} s.1 fontWeightAdjustment=0} to starting window resId=2131231212
03-27 03:33:48.962   547   601 I ActivityManager: Start proc 16505:host.exp.exponent/u0a145 for pre-top-activity {host.exp.exponent/host.exp.exponent.experience.HomeActivity}
03-27 03:33:49.039   547  1963 I ActivityTaskManager: START u0 {act=android.intent.action.VIEW dat=exp://192.168.1.13:8081 flg=0x10000000 cmp=host.exp.exponent/.LauncherActivity} from uid 2000
03-27 03:33:49.367   547  5092 I ActivityTaskManager: START u0 {flg=0xc080000 cmp=host.exp.exponent/.experience.ExperienceActivity (has extras)} from uid 10145
03-27 03:33:49.371   753   906 D StartingSurfaceDrawer: addSplashScreen host.exp.exponent theme=7f1402b1 task=65 suggestType=3
03-27 03:33:49.371   753   906 D StartingSurfaceDrawer: addSplashScreen: creating context based on task Configuration {1.0 310mcc260mnc [en_US] ldltr sw411dp w411dp h842dp 420dpi nrml long port finger qwerty/v/v dpad/v winConfig={ mBounds=Rect(0, 0 - 1080, 2400) mAppBounds=Rect(0, 0 - 1080, 2274) mMaxBounds=Rect(0, 0 - 1080, 2400) mWindowingMode=fullscreen mDisplayWindowingMode=fullscreen mActivityType=standard mAlwaysOnTop=undefined mRotation=ROTATION_0} s.1 fontWeightAdjustment=0} for splash screen
03-27 03:33:49.371   753   906 D StartingSurfaceDrawer: addSplashScreen: apply overrideConfig{1.0 310mcc260mnc [en_US] ldltr sw411dp w411dp h842dp 420dpi nrml long port finger qwerty/v/v dpad/v winConfig={ mBounds=Rect(0, 0 - 1080, 2400) mAppBounds=Rect(0, 0 - 1080, 2274) mMaxBounds=Rect(0, 0 - 1080, 2400) mWindowingMode=fullscreen mDisplayWindowingMode=fullscreen mActivityType=standard mAlwaysOnTop=undefined mRotation=ROTATION_0} s.1 fontWeightAdjustment=0} to starting window resId=2131100557
03-27 03:41:27.065   547   592 I ActivityManager: Killing 16505:host.exp.exponent/u0a145 (adj 915): remove task
03-27 03:41:27.100   547  6014 I WindowManager: WIN DEATH: Window{719f3c u0 host.exp.exponent/host.exp.exponent.experience.ExperienceActivity}
03-27 03:41:27.102   547  4147 I WindowManager: WIN DEATH: Window{c9a6850 u0 host.exp.exponent/host.exp.exponent.experience.ExperienceActivity EXITING}
03-27 03:41:27.104   547   599 W UsageStatsService: Unexpected activity event reported! (host.exp.exponent/host.exp.exponent.experience.ExperienceActivity event : 23 instanceId : 95610925)
03-27 03:41:27.125   547   599 W UsageStatsService: Unexpected activity event reported! (host.exp.exponent/host.exp.exponent.experience.HomeActivity event : 23 instanceId : 129885632)
03-27 03:41:44.280   547   830 I ActivityTaskManager: START u0 {act=android.intent.action.MAIN cat=[android.intent.category.LAUNCHER] flg=0x10200000 cmp=host.exp.exponent/.experience.HomeActivity} from uid 2000
03-27 03:41:44.283   753   906 D StartingSurfaceDrawer: addSplashScreen host.exp.exponent theme=7f1402b0 task=66 suggestType=3
03-27 03:41:44.284   753   906 D StartingSurfaceDrawer: addSplashScreen: creating context based on task Configuration {1.0 310mcc260mnc [en_US] ldltr sw411dp w411dp h842dp 420dpi nrml long port finger qwerty/v/v dpad/v winConfig={ mBounds=Rect(0, 0 - 1080, 2400) mAppBounds=Rect(0, 0 - 1080, 2274) mMaxBounds=Rect(0, 0 - 1080, 2400) mWindowingMode=fullscreen mDisplayWindowingMode=fullscreen mActivityType=standard mAlwaysOnTop=undefined mRotation=ROTATION_0} s.1 fontWeightAdjustment=0} for splash screen
03-27 03:41:44.285   753   906 D StartingSurfaceDrawer: addSplashScreen: apply overrideConfig{1.0 310mcc260mnc [en_US] ldltr sw411dp w411dp h842dp 420dpi nrml long port finger qwerty/v/v dpad/v winConfig={ mBounds=Rect(0, 0 - 1080, 2400) mAppBounds=Rect(0, 0 - 1080, 2274) mMaxBounds=Rect(0, 0 - 1080, 2400) mWindowingMode=fullscreen mDisplayWindowingMode=fullscreen mActivityType=standard mAlwaysOnTop=undefined mRotation=ROTATION_0} s.1 fontWeightAdjustment=0} to starting window resId=2131231212
03-27 03:41:44.294   547   601 I ActivityManager: Start proc 16791:host.exp.exponent/u0a145 for pre-top-activity {host.exp.exponent/host.exp.exponent.experience.HomeActivity}
03-27 03:41:44.388   547  4147 I ActivityTaskManager: START u0 {act=android.intent.action.VIEW dat=exp://192.168.1.13:8081 flg=0x10000000 cmp=host.exp.exponent/.LauncherActivity} from uid 2000
03-27 03:41:44.691   547   830 I ActivityTaskManager: START u0 {flg=0xc080000 cmp=host.exp.exponent/.experience.ExperienceActivity (has extras)} from uid 10145
03-27 03:41:44.704   753   906 D StartingSurfaceDrawer: addSplashScreen host.exp.exponent theme=7f1402b1 task=67 suggestType=3
03-27 03:41:44.705   753   906 D StartingSurfaceDrawer: addSplashScreen: creating context based on task Configuration {1.0 310mcc260mnc [en_US] ldltr sw411dp w411dp h842dp 420dpi nrml long port finger qwerty/v/v dpad/v winConfig={ mBounds=Rect(0, 0 - 1080, 2400) mAppBounds=Rect(0, 0 - 1080, 2274) mMaxBounds=Rect(0, 0 - 1080, 2400) mWindowingMode=fullscreen mDisplayWindowingMode=fullscreen mActivityType=standard mAlwaysOnTop=undefined mRotation=ROTATION_0} s.1 fontWeightAdjustment=0} for splash screen
03-27 03:41:44.705   753   906 D StartingSurfaceDrawer: addSplashScreen: apply overrideConfig{1.0 310mcc260mnc [en_US] ldltr sw411dp w411dp h842dp 420dpi nrml long port finger qwerty/v/v dpad/v winConfig={ mBounds=Rect(0, 0 - 1080, 2400) mAppBounds=Rect(0, 0 - 1080, 2274) mMaxBounds=Rect(0, 0 - 1080, 2400) mWindowingMode=fullscreen mDisplayWindowingMode=fullscreen mActivityType=standard mAlwaysOnTop=undefined mRotation=ROTATION_0} s.1 fontWeightAdjustment=0} to starting window resId=2131100557
03-27 03:41:44.944   547  6014 I ActivityTaskManager: Activity reported stop, but no longer stopping: ActivityRecord{32983af u0 host.exp.exponent/.LauncherActivity t66 f} isExiting} DESTROYED
03-27 03:46:45.238   547   592 I ActivityManager: Killing 16791:host.exp.exponent/u0a145 (adj 915): remove task
03-27 03:46:45.282   547  5092 I WindowManager: WIN DEATH: Window{969c2fe u0 host.exp.exponent/host.exp.exponent.experience.ExperienceActivity}
03-27 03:46:45.295   547   599 W UsageStatsService: Unexpected activity event reported! (host.exp.exponent/host.exp.exponent.experience.ExperienceActivity event : 23 instanceId : 759687)
03-27 03:46:45.295   547   599 W UsageStatsService: Unexpected activity event reported! (host.exp.exponent/host.exp.exponent.experience.HomeActivity event : 23 instanceId : 184021677)
03-27 03:46:55.656   547  4147 I ActivityTaskManager: START u0 {act=android.intent.action.MAIN cat=[android.intent.category.LAUNCHER] flg=0x10200000 cmp=host.exp.exponent/.experience.HomeActivity} from uid 2000
03-27 03:46:55.658   753   906 D StartingSurfaceDrawer: addSplashScreen host.exp.exponent theme=7f1402b0 task=68 suggestType=3
03-27 03:46:55.658   753   906 D StartingSurfaceDrawer: addSplashScreen: creating context based on task Configuration {1.0 310mcc260mnc [en_US] ldltr sw411dp w411dp h842dp 420dpi nrml long port finger qwerty/v/v dpad/v winConfig={ mBounds=Rect(0, 0 - 1080, 2400) mAppBounds=Rect(0, 0 - 1080, 2274) mMaxBounds=Rect(0, 0 - 1080, 2400) mWindowingMode=fullscreen mDisplayWindowingMode=fullscreen mActivityType=standard mAlwaysOnTop=undefined mRotation=ROTATION_0} s.1 fontWeightAdjustment=0} for splash screen
03-27 03:46:55.659   753   906 D StartingSurfaceDrawer: addSplashScreen: apply overrideConfig{1.0 310mcc260mnc [en_US] ldltr sw411dp w411dp h842dp 420dpi nrml long port finger qwerty/v/v dpad/v winConfig={ mBounds=Rect(0, 0 - 1080, 2400) mAppBounds=Rect(0, 0 - 1080, 2274) mMaxBounds=Rect(0, 0 - 1080, 2400) mWindowingMode=fullscreen mDisplayWindowingMode=fullscreen mActivityType=standard mAlwaysOnTop=undefined mRotation=ROTATION_0} s.1 fontWeightAdjustment=0} to starting window resId=2131231212
03-27 03:46:55.665   547   601 I ActivityManager: Start proc 17057:host.exp.exponent/u0a145 for pre-top-activity {host.exp.exponent/host.exp.exponent.experience.HomeActivity}
03-27 03:46:55.773   547  5471 I ActivityTaskManager: START u0 {act=android.intent.action.VIEW dat=exp://192.168.1.13:8081 flg=0x10000000 cmp=host.exp.exponent/.LauncherActivity} from uid 2000
03-27 03:46:56.060   547  5471 I ActivityTaskManager: START u0 {flg=0xc080000 cmp=host.exp.exponent/.experience.ExperienceActivity (has extras)} from uid 10145
03-27 03:46:56.075   753   906 D StartingSurfaceDrawer: addSplashScreen host.exp.exponent theme=7f1402b1 task=69 suggestType=3
03-27 03:46:56.075   753   906 D StartingSurfaceDrawer: addSplashScreen: creating context based on task Configuration {1.0 310mcc260mnc [en_US] ldltr sw411dp w411dp h842dp 420dpi nrml long port finger qwerty/v/v dpad/v winConfig={ mBounds=Rect(0, 0 - 1080, 2400) mAppBounds=Rect(0, 0 - 1080, 2274) mMaxBounds=Rect(0, 0 - 1080, 2400) mWindowingMode=fullscreen mDisplayWindowingMode=fullscreen mActivityType=standard mAlwaysOnTop=undefined mRotation=ROTATION_0} s.1 fontWeightAdjustment=0} for splash screen
03-27 03:46:56.075   753   906 D StartingSurfaceDrawer: addSplashScreen: apply overrideConfig{1.0 310mcc260mnc [en_US] ldltr sw411dp w411dp h842dp 420dpi nrml long port finger qwerty/v/v dpad/v winConfig={ mBounds=Rect(0, 0 - 1080, 2400) mAppBounds=Rect(0, 0 - 1080, 2274) mMaxBounds=Rect(0, 0 - 1080, 2400) mWindowingMode=fullscreen mDisplayWindowingMode=fullscreen mActivityType=standard mAlwaysOnTop=undefined mRotation=ROTATION_0} s.1 fontWeightAdjustment=0} to starting window resId=2131100557
03-27 03:46:56.249   547  2809 I ActivityTaskManager: Activity reported stop, but no longer stopping: ActivityRecord{89e55ff u0 host.exp.exponent/.LauncherActivity t68 f}} DESTROYING
03-27 03:56:53.864   547   592 I ActivityManager: Killing 17057:host.exp.exponent/u0a145 (adj 915): remove task
03-27 03:56:53.897   547   832 I WindowManager: WIN DEATH: Window{53b01b7 u0 host.exp.exponent/host.exp.exponent.experience.ExperienceActivity}
03-27 03:56:53.903   547   599 W UsageStatsService: Unexpected activity event reported! (host.exp.exponent/host.exp.exponent.experience.ExperienceActivity event : 23 instanceId : 70875899)
03-27 03:56:53.910   547   599 W UsageStatsService: Unexpected activity event reported! (host.exp.exponent/host.exp.exponent.experience.HomeActivity event : 23 instanceId : 189706023)
03-27 03:57:08.668   547  2809 I ActivityTaskManager: START u0 {act=android.intent.action.MAIN cat=[android.intent.category.LAUNCHER] flg=0x10200000 cmp=host.exp.exponent/.experience.HomeActivity} from uid 2000
03-27 03:57:08.672   753   906 D StartingSurfaceDrawer: addSplashScreen host.exp.exponent theme=7f1402b0 task=70 suggestType=3
03-27 03:57:08.672   753   906 D StartingSurfaceDrawer: addSplashScreen: creating context based on task Configuration {1.0 310mcc260mnc [en_US] ldltr sw411dp w411dp h842dp 420dpi nrml long port finger qwerty/v/v dpad/v winConfig={ mBounds=Rect(0, 0 - 1080, 2400) mAppBounds=Rect(0, 0 - 1080, 2274) mMaxBounds=Rect(0, 0 - 1080, 2400) mWindowingMode=fullscreen mDisplayWindowingMode=fullscreen mActivityType=standard mAlwaysOnTop=undefined mRotation=ROTATION_0} s.1 fontWeightAdjustment=0} for splash screen
03-27 03:57:08.673   753   906 D StartingSurfaceDrawer: addSplashScreen: apply overrideConfig{1.0 310mcc260mnc [en_US] ldltr sw411dp w411dp h842dp 420dpi nrml long port finger qwerty/v/v dpad/v winConfig={ mBounds=Rect(0, 0 - 1080, 2400) mAppBounds=Rect(0, 0 - 1080, 2274) mMaxBounds=Rect(0, 0 - 1080, 2400) mWindowingMode=fullscreen mDisplayWindowingMode=fullscreen mActivityType=standard mAlwaysOnTop=undefined mRotation=ROTATION_0} s.1 fontWeightAdjustment=0} to starting window resId=2131231212
03-27 03:57:08.682   547   601 I ActivityManager: Start proc 17532:host.exp.exponent/u0a145 for pre-top-activity {host.exp.exponent/host.exp.exponent.experience.HomeActivity}
03-27 03:57:08.782   547   832 I ActivityTaskManager: START u0 {act=android.intent.action.VIEW dat=exp://192.168.1.13:8081 flg=0x10000000 cmp=host.exp.exponent/.LauncherActivity} from uid 2000
03-27 03:57:09.126   547  5757 I ActivityTaskManager: START u0 {flg=0xc080000 cmp=host.exp.exponent/.experience.ExperienceActivity (has extras)} from uid 10145
03-27 03:57:09.139   753   906 D StartingSurfaceDrawer: addSplashScreen host.exp.exponent theme=7f1402b1 task=71 suggestType=3
03-27 03:57:09.139   753   906 D StartingSurfaceDrawer: addSplashScreen: creating context based on task Configuration {1.0 310mcc260mnc [en_US] ldltr sw411dp w411dp h842dp 420dpi nrml long port finger qwerty/v/v dpad/v winConfig={ mBounds=Rect(0, 0 - 1080, 2400) mAppBounds=Rect(0, 0 - 1080, 2274) mMaxBounds=Rect(0, 0 - 1080, 2400) mWindowingMode=fullscreen mDisplayWindowingMode=fullscreen mActivityType=standard mAlwaysOnTop=undefined mRotation=ROTATION_0} s.1 fontWeightAdjustment=0} for splash screen
03-27 03:57:09.139   753   906 D StartingSurfaceDrawer: addSplashScreen: apply overrideConfig{1.0 310mcc260mnc [en_US] ldltr sw411dp w411dp h842dp 420dpi nrml long port finger qwerty/v/v dpad/v winConfig={ mBounds=Rect(0, 0 - 1080, 2400) mAppBounds=Rect(0, 0 - 1080, 2274) mMaxBounds=Rect(0, 0 - 1080, 2400) mWindowingMode=fullscreen mDisplayWindowingMode=fullscreen mActivityType=standard mAlwaysOnTop=undefined mRotation=ROTATION_0} s.1 fontWeightAdjustment=0} to starting window resId=2131100557
03-27 03:57:09.367   547  5757 I ActivityTaskManager: Activity reported stop, but no longer stopping: ActivityRecord{e1845cc u0 host.exp.exponent/.LauncherActivity t70 f} isExiting} DESTROYED
03-27 04:15:59.272   753   906 D StartingSurfaceDrawer: addSplashScreen host.exp.exponent theme=7f1402b0 task=70 suggestType=3
03-27 04:15:59.272   753   906 D StartingSurfaceDrawer: addSplashScreen: creating context based on task Configuration {1.0 310mcc260mnc [en_US] ldltr sw411dp w411dp h842dp 420dpi nrml long port finger qwerty/v/v dpad/v winConfig={ mBounds=Rect(0, 0 - 1080, 2400) mAppBounds=Rect(0, 0 - 1080, 2274) mMaxBounds=Rect(0, 0 - 1080, 2400) mWindowingMode=fullscreen mDisplayWindowingMode=fullscreen mActivityType=standard mAlwaysOnTop=undefined mRotation=ROTATION_0} s.1 fontWeightAdjustment=0} for splash screen
03-27 04:15:59.274   753   906 D StartingSurfaceDrawer: addSplashScreen: apply overrideConfig{1.0 310mcc260mnc [en_US] ldltr sw411dp w411dp h842dp 420dpi nrml long port finger qwerty/v/v dpad/v winConfig={ mBounds=Rect(0, 0 - 1080, 2400) mAppBounds=Rect(0, 0 - 1080, 2274) mMaxBounds=Rect(0, 0 - 1080, 2400) mWindowingMode=fullscreen mDisplayWindowingMode=fullscreen mActivityType=standard mAlwaysOnTop=undefined mRotation=ROTATION_0} s.1 fontWeightAdjustment=0} to starting window resId=2131231212
03-27 04:16:01.932   547   592 I ActivityManager: Killing 17532:host.exp.exponent/u0a145 (adj 915): remove task
03-27 04:16:01.961   547  2101 I WindowManager: WIN DEATH: Window{f50dddf u0 host.exp.exponent/host.exp.exponent.experience.HomeActivity}
03-27 04:16:01.965   547  2425 I WindowManager: WIN DEATH: Window{205ddc1 u0 host.exp.exponent/host.exp.exponent.experience.ExperienceActivity}
03-27 04:16:01.966   547  5471 I WindowManager: WIN DEATH: Window{87f0fa3 u0 host.exp.exponent/host.exp.exponent.experience.ExperienceActivity}
03-27 04:16:01.970   547   599 W UsageStatsService: Unexpected activity event reported! (host.exp.exponent/host.exp.exponent.experience.HomeActivity event : 23 instanceId : 250784724)
03-27 04:16:01.970   547   599 W UsageStatsService: Unexpected activity event reported! (host.exp.exponent/host.exp.exponent.experience.ExperienceActivity event : 23 instanceId : 140019504)
03-27 04:16:13.126   547  4147 I ActivityTaskManager: START u0 {act=android.intent.action.MAIN cat=[android.intent.category.LAUNCHER] flg=0x10200000 cmp=host.exp.exponent/.experience.HomeActivity} from uid 2000
03-27 04:16:13.130   753   906 D StartingSurfaceDrawer: addSplashScreen host.exp.exponent theme=7f1402b0 task=72 suggestType=3
03-27 04:16:13.130   753   906 D StartingSurfaceDrawer: addSplashScreen: creating context based on task Configuration {1.0 310mcc260mnc [en_US] ldltr sw411dp w411dp h842dp 420dpi nrml long port finger qwerty/v/v dpad/v winConfig={ mBounds=Rect(0, 0 - 1080, 2400) mAppBounds=Rect(0, 0 - 1080, 2274) mMaxBounds=Rect(0, 0 - 1080, 2400) mWindowingMode=fullscreen mDisplayWindowingMode=fullscreen mActivityType=standard mAlwaysOnTop=undefined mRotation=ROTATION_0} s.1 fontWeightAdjustment=0} for splash screen
03-27 04:16:13.130   753   906 D StartingSurfaceDrawer: addSplashScreen: apply overrideConfig{1.0 310mcc260mnc [en_US] ldltr sw411dp w411dp h842dp 420dpi nrml long port finger qwerty/v/v dpad/v winConfig={ mBounds=Rect(0, 0 - 1080, 2400) mAppBounds=Rect(0, 0 - 1080, 2274) mMaxBounds=Rect(0, 0 - 1080, 2400) mWindowingMode=fullscreen mDisplayWindowingMode=fullscreen mActivityType=standard mAlwaysOnTop=undefined mRotation=ROTATION_0} s.1 fontWeightAdjustment=0} to starting window resId=2131231212
03-27 04:16:13.139   547   601 I ActivityManager: Start proc 17856:host.exp.exponent/u0a145 for pre-top-activity {host.exp.exponent/host.exp.exponent.experience.HomeActivity}
03-27 04:16:13.218   547  1621 I ActivityTaskManager: START u0 {act=android.intent.action.VIEW dat=exp://192.168.1.13:8081 flg=0x10000000 cmp=host.exp.exponent/.LauncherActivity} from uid 2000
03-27 04:16:13.591   547  2425 I ActivityTaskManager: START u0 {flg=0xc080000 cmp=host.exp.exponent/.experience.ExperienceActivity (has extras)} from uid 10145
03-27 04:16:13.599   753   906 D StartingSurfaceDrawer: addSplashScreen host.exp.exponent theme=7f1402b1 task=73 suggestType=3
03-27 04:16:13.600   753   906 D StartingSurfaceDrawer: addSplashScreen: creating context based on task Configuration {1.0 310mcc260mnc [en_US] ldltr sw411dp w411dp h842dp 420dpi nrml long port finger qwerty/v/v dpad/v winConfig={ mBounds=Rect(0, 0 - 1080, 2400) mAppBounds=Rect(0, 0 - 1080, 2274) mMaxBounds=Rect(0, 0 - 1080, 2400) mWindowingMode=fullscreen mDisplayWindowingMode=fullscreen mActivityType=standard mAlwaysOnTop=undefined mRotation=ROTATION_0} s.1 fontWeightAdjustment=0} for splash screen
03-27 04:16:13.600   753   906 D StartingSurfaceDrawer: addSplashScreen: apply overrideConfig{1.0 310mcc260mnc [en_US] ldltr sw411dp w411dp h842dp 420dpi nrml long port finger qwerty/v/v dpad/v winConfig={ mBounds=Rect(0, 0 - 1080, 2400) mAppBounds=Rect(0, 0 - 1080, 2274) mMaxBounds=Rect(0, 0 - 1080, 2400) mWindowingMode=fullscreen mDisplayWindowingMode=fullscreen mActivityType=standard mAlwaysOnTop=undefined mRotation=ROTATION_0} s.1 fontWeightAdjustment=0} to starting window resId=2131100557
03-27 04:29:08.646   547   592 I ActivityManager: Killing 17856:host.exp.exponent/u0a145 (adj 915): remove task
03-27 04:29:08.676   547  5471 I WindowManager: WIN DEATH: Window{3638bd6 u0 host.exp.exponent/host.exp.exponent.experience.ExperienceActivity}
03-27 04:29:08.685   547   599 W UsageStatsService: Unexpected activity event reported! (host.exp.exponent/host.exp.exponent.experience.ExperienceActivity event : 23 instanceId : 179850666)
03-27 04:29:08.686   547   599 W UsageStatsService: Unexpected activity event reported! (host.exp.exponent/host.exp.exponent.experience.HomeActivity event : 23 instanceId : 100425697)
03-27 04:29:12.307   547   832 I ActivityTaskManager: START u0 {act=android.intent.action.MAIN cat=[android.intent.category.LAUNCHER] flg=0x10200000 cmp=host.exp.exponent/.experience.HomeActivity} from uid 2000
03-27 04:29:12.309   753   906 D StartingSurfaceDrawer: addSplashScreen host.exp.exponent theme=7f1402b0 task=74 suggestType=3
03-27 04:29:12.309   753   906 D StartingSurfaceDrawer: addSplashScreen: creating context based on task Configuration {1.0 310mcc260mnc [en_US] ldltr sw411dp w411dp h842dp 420dpi nrml long port finger qwerty/v/v dpad/v winConfig={ mBounds=Rect(0, 0 - 1080, 2400) mAppBounds=Rect(0, 0 - 1080, 2274) mMaxBounds=Rect(0, 0 - 1080, 2400) mWindowingMode=fullscreen mDisplayWindowingMode=fullscreen mActivityType=standard mAlwaysOnTop=undefined mRotation=ROTATION_0} s.1 fontWeightAdjustment=0} for splash screen
03-27 04:29:12.312   753   906 D StartingSurfaceDrawer: addSplashScreen: apply overrideConfig{1.0 310mcc260mnc [en_US] ldltr sw411dp w411dp h842dp 420dpi nrml long port finger qwerty/v/v dpad/v winConfig={ mBounds=Rect(0, 0 - 1080, 2400) mAppBounds=Rect(0, 0 - 1080, 2274) mMaxBounds=Rect(0, 0 - 1080, 2400) mWindowingMode=fullscreen mDisplayWindowingMode=fullscreen mActivityType=standard mAlwaysOnTop=undefined mRotation=ROTATION_0} s.1 fontWeightAdjustment=0} to starting window resId=2131231212
03-27 04:29:12.320   547   601 I ActivityManager: Start proc 18124:host.exp.exponent/u0a145 for pre-top-activity {host.exp.exponent/host.exp.exponent.experience.HomeActivity}
03-27 04:29:12.415   547  5471 I ActivityTaskManager: START u0 {act=android.intent.action.VIEW dat=exp://192.168.1.13:8081 flg=0x10000000 cmp=host.exp.exponent/.LauncherActivity} from uid 2000
03-27 04:29:12.729   547  5471 I ActivityTaskManager: START u0 {flg=0xc080000 cmp=host.exp.exponent/.experience.ExperienceActivity (has extras)} from uid 10145
03-27 04:29:12.738   753   906 D StartingSurfaceDrawer: addSplashScreen host.exp.exponent theme=7f1402b1 task=75 suggestType=3
03-27 04:29:12.738   753   906 D StartingSurfaceDrawer: addSplashScreen: creating context based on task Configuration {1.0 310mcc260mnc [en_US] ldltr sw411dp w411dp h842dp 420dpi nrml long port finger qwerty/v/v dpad/v winConfig={ mBounds=Rect(0, 0 - 1080, 2400) mAppBounds=Rect(0, 0 - 1080, 2274) mMaxBounds=Rect(0, 0 - 1080, 2400) mWindowingMode=fullscreen mDisplayWindowingMode=fullscreen mActivityType=standard mAlwaysOnTop=undefined mRotation=ROTATION_0} s.1 fontWeightAdjustment=0} for splash screen
03-27 04:29:12.739   753   906 D StartingSurfaceDrawer: addSplashScreen: apply overrideConfig{1.0 310mcc260mnc [en_US] ldltr sw411dp w411dp h842dp 420dpi nrml long port finger qwerty/v/v dpad/v winConfig={ mBounds=Rect(0, 0 - 1080, 2400) mAppBounds=Rect(0, 0 - 1080, 2274) mMaxBounds=Rect(0, 0 - 1080, 2400) mWindowingMode=fullscreen mDisplayWindowingMode=fullscreen mActivityType=standard mAlwaysOnTop=undefined mRotation=ROTATION_0} s.1 fontWeightAdjustment=0} to starting window resId=2131100557
03-27 04:29:12.984   547  4147 I ActivityTaskManager: Activity reported stop, but no longer stopping: ActivityRecord{c75906c u0 host.exp.exponent/.LauncherActivity t74 f} isExiting} DESTROYED
03-27 04:29:27.281   547   592 I ActivityManager: Killing 18124:host.exp.exponent/u0a145 (adj 915): remove task
03-27 04:29:27.311   547   599 W UsageStatsService: Unexpected activity event reported! (host.exp.exponent/host.exp.exponent.experience.ExperienceActivity event : 23 instanceId : 216091382)
03-27 04:29:27.313   547   599 W UsageStatsService: Unexpected activity event reported! (host.exp.exponent/host.exp.exponent.experience.HomeActivity event : 23 instanceId : 59265042)
03-27 04:29:27.335   547   586 I WindowManager: WIN DEATH: Window{80d9783 u0 host.exp.exponent/host.exp.exponent.experience.ExperienceActivity}
03-27 04:29:27.339   547  2101 I WindowManager: WIN DEATH: Window{5a44aee u0 host.exp.exponent/host.exp.exponent.experience.ExperienceActivity EXITING}
03-27 04:29:38.086   547  2101 I ActivityTaskManager: START u0 {act=android.intent.action.MAIN cat=[android.intent.category.LAUNCHER] flg=0x10200000 cmp=host.exp.exponent/.experience.HomeActivity} from uid 2000
03-27 04:29:38.088   753   906 D StartingSurfaceDrawer: addSplashScreen host.exp.exponent theme=7f1402b0 task=76 suggestType=3
03-27 04:29:38.088   753   906 D StartingSurfaceDrawer: addSplashScreen: creating context based on task Configuration {1.0 310mcc260mnc [en_US] ldltr sw411dp w411dp h842dp 420dpi nrml long port finger qwerty/v/v dpad/v winConfig={ mBounds=Rect(0, 0 - 1080, 2400) mAppBounds=Rect(0, 0 - 1080, 2274) mMaxBounds=Rect(0, 0 - 1080, 2400) mWindowingMode=fullscreen mDisplayWindowingMode=fullscreen mActivityType=standard mAlwaysOnTop=undefined mRotation=ROTATION_0} s.1 fontWeightAdjustment=0} for splash screen
03-27 04:29:38.088   753   906 D StartingSurfaceDrawer: addSplashScreen: apply overrideConfig{1.0 310mcc260mnc [en_US] ldltr sw411dp w411dp h842dp 420dpi nrml long port finger qwerty/v/v dpad/v winConfig={ mBounds=Rect(0, 0 - 1080, 2400) mAppBounds=Rect(0, 0 - 1080, 2274) mMaxBounds=Rect(0, 0 - 1080, 2400) mWindowingMode=fullscreen mDisplayWindowingMode=fullscreen mActivityType=standard mAlwaysOnTop=undefined mRotation=ROTATION_0} s.1 fontWeightAdjustment=0} to starting window resId=2131231212
03-27 04:29:38.094   547   601 I ActivityManager: Start proc 18333:host.exp.exponent/u0a145 for pre-top-activity {host.exp.exponent/host.exp.exponent.experience.HomeActivity}
03-27 04:29:38.182   547   902 I ActivityTaskManager: START u0 {act=android.intent.action.VIEW dat=exp://192.168.1.13:8081 flg=0x10000000 cmp=host.exp.exponent/.LauncherActivity} from uid 2000
03-27 04:29:38.528   547  4147 I ActivityTaskManager: START u0 {flg=0xc080000 cmp=host.exp.exponent/.experience.ExperienceActivity (has extras)} from uid 10145
03-27 04:29:38.542   753   906 D StartingSurfaceDrawer: addSplashScreen host.exp.exponent theme=7f1402b1 task=77 suggestType=3
03-27 04:29:38.543   753   906 D StartingSurfaceDrawer: addSplashScreen: creating context based on task Configuration {1.0 310mcc260mnc [en_US] ldltr sw411dp w411dp h842dp 420dpi nrml long port finger qwerty/v/v dpad/v winConfig={ mBounds=Rect(0, 0 - 1080, 2400) mAppBounds=Rect(0, 0 - 1080, 2274) mMaxBounds=Rect(0, 0 - 1080, 2400) mWindowingMode=fullscreen mDisplayWindowingMode=fullscreen mActivityType=standard mAlwaysOnTop=undefined mRotation=ROTATION_0} s.1 fontWeightAdjustment=0} for splash screen
03-27 04:29:38.543   753   906 D StartingSurfaceDrawer: addSplashScreen: apply overrideConfig{1.0 310mcc260mnc [en_US] ldltr sw411dp w411dp h842dp 420dpi nrml long port finger qwerty/v/v dpad/v winConfig={ mBounds=Rect(0, 0 - 1080, 2400) mAppBounds=Rect(0, 0 - 1080, 2274) mMaxBounds=Rect(0, 0 - 1080, 2400) mWindowingMode=fullscreen mDisplayWindowingMode=fullscreen mActivityType=standard mAlwaysOnTop=undefined mRotation=ROTATION_0} s.1 fontWeightAdjustment=0} to starting window resId=2131100557
03-27 10:01:14.197   547   592 I ActivityManager: Killing 18333:host.exp.exponent/u0a145 (adj 905): remove task
03-27 10:01:14.224   547  2747 I WindowManager: WIN DEATH: Window{f77edce u0 host.exp.exponent/host.exp.exponent.experience.HomeActivity}
03-27 10:01:14.235   547   630 I WindowManager: WIN DEATH: Window{852bdfc u0 host.exp.exponent/host.exp.exponent.experience.ExperienceActivity}
03-27 10:01:14.236   547   586 I WindowManager: WIN DEATH: Window{2c0adb u0 host.exp.exponent/host.exp.exponent.experience.ExperienceActivity}
03-27 10:01:14.255   547   599 W UsageStatsService: Unexpected activity event reported! (host.exp.exponent/host.exp.exponent.experience.HomeActivity event : 23 instanceId : 103858507)
03-27 10:01:58.563   547  2747 I ActivityTaskManager: START u0 {act=android.intent.action.MAIN cat=[android.intent.category.LAUNCHER] flg=0x10200000 cmp=host.exp.exponent/.experience.HomeActivity} from uid 2000
03-27 10:01:58.566   753   906 D StartingSurfaceDrawer: addSplashScreen host.exp.exponent theme=7f1402b0 task=78 suggestType=3
03-27 10:01:58.567   753   906 D StartingSurfaceDrawer: addSplashScreen: creating context based on task Configuration {1.0 310mcc260mnc [en_US] ldltr sw411dp w411dp h842dp 420dpi nrml long port finger qwerty/v/v dpad/v winConfig={ mBounds=Rect(0, 0 - 1080, 2400) mAppBounds=Rect(0, 0 - 1080, 2274) mMaxBounds=Rect(0, 0 - 1080, 2400) mWindowingMode=fullscreen mDisplayWindowingMode=fullscreen mActivityType=standard mAlwaysOnTop=undefined mRotation=ROTATION_0} s.1 fontWeightAdjustment=0} for splash screen
03-27 10:01:58.575   753   906 D StartingSurfaceDrawer: addSplashScreen: apply overrideConfig{1.0 310mcc260mnc [en_US] ldltr sw411dp w411dp h842dp 420dpi nrml long port finger qwerty/v/v dpad/v winConfig={ mBounds=Rect(0, 0 - 1080, 2400) mAppBounds=Rect(0, 0 - 1080, 2274) mMaxBounds=Rect(0, 0 - 1080, 2400) mWindowingMode=fullscreen mDisplayWindowingMode=fullscreen mActivityType=standard mAlwaysOnTop=undefined mRotation=ROTATION_0} s.1 fontWeightAdjustment=0} to starting window resId=2131231212
03-27 10:01:58.585   547   601 I ActivityManager: Start proc 24353:host.exp.exponent/u0a145 for pre-top-activity {host.exp.exponent/host.exp.exponent.experience.HomeActivity}
03-27 10:01:58.716   547   630 I ActivityTaskManager: START u0 {act=android.intent.action.VIEW dat=exp://192.168.1.13:8081 flg=0x10000000 cmp=host.exp.exponent/.LauncherActivity} from uid 2000
