03-30 12:46:56.134   547  2100 I ActivityTaskManager: Activity reported stop, but no longer stopping: ActivityRecord{30bade7 u0 host.exp.exponent/.LauncherActivity t210 f}} DESTROYING
03-30 12:47:24.591   547   592 I ActivityManager: Killing 20931:host.exp.exponent/u0a145 (adj 905): remove task
03-30 12:47:24.623   547  2424 I WindowManager: WIN DEATH: Window{dade116 u0 host.exp.exponent/host.exp.exponent.experience.ExperienceActivity}
03-30 12:47:24.624   547  4147 I WindowManager: WIN DEATH: Window{2766f09 u0 host.exp.exponent/host.exp.exponent.experience.ExperienceActivity EXITING}
03-30 12:47:24.628   547   599 W UsageStatsService: Unexpected activity event reported! (host.exp.exponent/host.exp.exponent.experience.ExperienceActivity event : 23 instanceId : 150391999)
03-30 12:47:24.629   547   599 W UsageStatsService: Unexpected activity event reported! (host.exp.exponent/host.exp.exponent.experience.HomeActivity event : 23 instanceId : 118247589)
03-30 12:47:27.827   547  2100 I ActivityTaskManager: START u0 {act=android.intent.action.MAIN cat=[android.intent.category.LAUNCHER] flg=0x10200000 cmp=host.exp.exponent/.experience.HomeActivity} from uid 2000
03-30 12:47:27.830  5810  5869 D StartingSurfaceDrawer: addSplashScreen host.exp.exponent theme=7f1402b0 task=212 suggestType=3
03-30 12:47:27.841   547   601 I ActivityManager: Start proc 21159:host.exp.exponent/u0a145 for pre-top-activity {host.exp.exponent/host.exp.exponent.experience.HomeActivity}
03-30 12:47:27.916   547  2100 I ActivityTaskManager: START u0 {act=android.intent.action.VIEW dat=exp://192.168.1.13:8081 flg=0x10000000 cmp=host.exp.exponent/.LauncherActivity} from uid 2000
03-30 12:47:28.220   547   896 I ActivityTaskManager: START u0 {flg=0xc080000 cmp=host.exp.exponent/.experience.ExperienceActivity (has extras)} from uid 10145
03-30 12:47:28.233  5810  5869 D StartingSurfaceDrawer: addSplashScreen host.exp.exponent theme=7f1402b1 task=213 suggestType=3
03-30 12:53:56.843   547   592 I ActivityManager: Killing 21159:host.exp.exponent/u0a145 (adj 905): remove task
03-30 12:53:56.886   547   586 I WindowManager: WIN DEATH: Window{9c63781 u0 host.exp.exponent/host.exp.exponent.experience.ExperienceActivity}
03-30 12:53:56.896   547   599 W UsageStatsService: Unexpected activity event reported! (host.exp.exponent/host.exp.exponent.experience.ExperienceActivity event : 23 instanceId : 40552134)
03-30 12:53:56.897   547   599 W UsageStatsService: Unexpected activity event reported! (host.exp.exponent/host.exp.exponent.experience.HomeActivity event : 23 instanceId : 138777826)
03-30 12:53:59.307   547  2425 I ActivityTaskManager: START u0 {act=android.intent.action.MAIN cat=[android.intent.category.LAUNCHER] flg=0x10200000 cmp=host.exp.exponent/.experience.HomeActivity} from uid 2000
03-30 12:53:59.310  5810  5869 D StartingSurfaceDrawer: addSplashScreen host.exp.exponent theme=7f1402b0 task=214 suggestType=3
03-30 12:53:59.315   547   601 I ActivityManager: Start proc 21446:host.exp.exponent/u0a145 for pre-top-activity {host.exp.exponent/host.exp.exponent.experience.HomeActivity}
03-30 12:53:59.378   547  4809 I ActivityTaskManager: START u0 {act=android.intent.action.VIEW dat=exp://192.168.1.13:8081 flg=0x10000000 cmp=host.exp.exponent/.LauncherActivity} from uid 2000
03-30 12:53:59.742   547  3456 I ActivityTaskManager: START u0 {flg=0xc080000 cmp=host.exp.exponent/.experience.ExperienceActivity (has extras)} from uid 10145
03-30 12:53:59.750  5810  5869 D StartingSurfaceDrawer: addSplashScreen host.exp.exponent theme=7f1402b1 task=215 suggestType=3
03-30 12:54:23.341   547   592 I ActivityManager: Killing 21446:host.exp.exponent/u0a145 (adj 905): remove task
03-30 12:54:23.378   547   599 W UsageStatsService: Unexpected activity event reported! (host.exp.exponent/host.exp.exponent.experience.ExperienceActivity event : 23 instanceId : 89468476)
03-30 12:54:23.389   547   599 W UsageStatsService: Unexpected activity event reported! (host.exp.exponent/host.exp.exponent.experience.HomeActivity event : 23 instanceId : 68564536)
03-30 12:54:52.296   547   601 I ActivityManager: Start proc 21648:host.exp.exponent/u0a145 for service {host.exp.exponent/com.google.android.datatransport.runtime.scheduling.jobscheduling.JobInfoSchedulerService}
03-30 12:54:53.953   547  3456 I ActivityTaskManager: START u0 {act=android.intent.action.MAIN cat=[android.intent.category.LAUNCHER] flg=0x10200000 cmp=host.exp.exponent/.experience.HomeActivity} from uid 2000
03-30 12:54:53.956  5810  5869 D StartingSurfaceDrawer: addSplashScreen host.exp.exponent theme=7f1402b0 task=216 suggestType=3
03-30 12:54:54.069   547  2425 I ActivityTaskManager: START u0 {act=android.intent.action.VIEW dat=exp://192.168.1.13:8081 flg=0x10000000 cmp=host.exp.exponent/.LauncherActivity} from uid 2000
03-30 12:54:54.307   547  2425 I ActivityTaskManager: START u0 {flg=0xc080000 cmp=host.exp.exponent/.experience.ExperienceActivity (has extras)} from uid 10145
03-30 12:54:54.316  5810  5869 D StartingSurfaceDrawer: addSplashScreen host.exp.exponent theme=7f1402b1 task=217 suggestType=3
03-30 12:54:54.609   547  4809 I ActivityTaskManager: Activity reported stop, but no longer stopping: ActivityRecord{10f090f u0 host.exp.exponent/.LauncherActivity t216 f}} DESTROYING
03-30 13:02:35.769   547   592 I ActivityManager: Killing 21648:host.exp.exponent/u0a145 (adj 905): remove task
03-30 13:02:35.797   547  1042 I WindowManager: WIN DEATH: Window{1e84db1 u0 host.exp.exponent/host.exp.exponent.experience.HomeActivity}
03-30 13:02:35.801   547  2424 I WindowManager: WIN DEATH: Window{5ee58fb u0 host.exp.exponent/host.exp.exponent.experience.ExperienceActivity}
03-30 13:02:35.803   547  1854 I WindowManager: WIN DEATH: Window{e9dea1 u0 host.exp.exponent/host.exp.exponent.experience.ExperienceActivity EXITING}
03-30 13:02:35.830   547   599 W UsageStatsService: Unexpected activity event reported! (host.exp.exponent/host.exp.exponent.experience.ExperienceActivity event : 23 instanceId : 214159146)
03-30 13:02:35.830   547   599 W UsageStatsService: Unexpected activity event reported! (host.exp.exponent/host.exp.exponent.experience.HomeActivity event : 23 instanceId : 146688777)
03-30 13:02:52.048   547  5757 I ActivityTaskManager: START u0 {act=android.intent.action.MAIN cat=[android.intent.category.LAUNCHER] flg=0x10200000 cmp=host.exp.exponent/.experience.HomeActivity} from uid 2000
03-30 13:02:52.051  5810  5869 D StartingSurfaceDrawer: addSplashScreen host.exp.exponent theme=7f1402b0 task=218 suggestType=3
03-30 13:02:52.056   547   601 I ActivityManager: Start proc 22031:host.exp.exponent/u0a145 for pre-top-activity {host.exp.exponent/host.exp.exponent.experience.HomeActivity}
03-30 13:02:52.119   547  3422 I ActivityTaskManager: START u0 {act=android.intent.action.VIEW dat=exp://192.168.1.13:8081 flg=0x10000000 cmp=host.exp.exponent/.LauncherActivity} from uid 2000
03-30 13:02:52.422   547  5757 I ActivityTaskManager: START u0 {flg=0xc080000 cmp=host.exp.exponent/.experience.ExperienceActivity (has extras)} from uid 10145
03-30 13:02:52.435  5810  5869 D StartingSurfaceDrawer: addSplashScreen host.exp.exponent theme=7f1402b1 task=219 suggestType=3
03-30 13:04:14.213   547   592 I ActivityManager: Killing 22031:host.exp.exponent/u0a145 (adj 905): remove task
03-30 13:04:14.303   547   889 I WindowManager: WIN DEATH: Window{252603e u0 host.exp.exponent/host.exp.exponent.experience.ExperienceActivity}
03-30 13:04:14.305   547   831 I WindowManager: WIN DEATH: Window{cbed7fd u0 host.exp.exponent/host.exp.exponent.experience.ExperienceActivity}
03-30 13:04:14.311   547   599 W UsageStatsService: Unexpected activity event reported! (host.exp.exponent/host.exp.exponent.experience.ExperienceActivity event : 23 instanceId : 186128274)
03-30 13:04:14.311   547   599 W UsageStatsService: Unexpected activity event reported! (host.exp.exponent/host.exp.exponent.experience.HomeActivity event : 23 instanceId : 31879603)
03-30 13:05:01.016   547  4809 I ActivityTaskManager: START u0 {act=android.intent.action.MAIN cat=[android.intent.category.LAUNCHER] flg=0x10200000 cmp=host.exp.exponent/.experience.HomeActivity} from uid 2000
03-30 13:05:01.019  5810  5869 D StartingSurfaceDrawer: addSplashScreen host.exp.exponent theme=7f1402b0 task=220 suggestType=3
03-30 13:05:01.030   547   601 I ActivityManager: Start proc 22307:host.exp.exponent/u0a145 for pre-top-activity {host.exp.exponent/host.exp.exponent.experience.HomeActivity}
03-30 13:05:01.091   547  4809 I ActivityTaskManager: START u0 {act=android.intent.action.VIEW dat=exp://192.168.1.13:8081 flg=0x10000000 cmp=host.exp.exponent/.LauncherActivity} from uid 2000
03-30 13:05:01.440   547  5757 I ActivityTaskManager: START u0 {flg=0xc080000 cmp=host.exp.exponent/.experience.ExperienceActivity (has extras)} from uid 10145
03-30 13:05:01.457  5810  5869 D StartingSurfaceDrawer: addSplashScreen host.exp.exponent theme=7f1402b1 task=221 suggestType=3
03-30 13:05:01.741   547   831 I ActivityTaskManager: Activity reported stop, but no longer stopping: ActivityRecord{e15da72 u0 host.exp.exponent/.LauncherActivity t220 f} isExiting} DESTROYED
03-30 13:45:25.031   547   547 D DevicePolicyManager: updateSystemUpdateFreezePeriodsRecord
03-30 14:02:09.612   547   592 I ActivityManager: Killing 22307:host.exp.exponent/u0a145 (adj 905): remove task
03-30 14:02:09.658   547  4809 I WindowManager: WIN DEATH: Window{64f1d71 u0 host.exp.exponent/host.exp.exponent.experience.ExperienceActivity}
03-30 14:02:09.673   547   599 W UsageStatsService: Unexpected activity event reported! (host.exp.exponent/host.exp.exponent.experience.ExperienceActivity event : 23 instanceId : 200663699)
03-30 14:02:09.673   547   599 W UsageStatsService: Unexpected activity event reported! (host.exp.exponent/host.exp.exponent.experience.HomeActivity event : 23 instanceId : 222373470)
03-30 14:02:45.653   547  1854 I ActivityTaskManager: START u0 {act=android.intent.action.MAIN cat=[android.intent.category.LAUNCHER] flg=0x10200000 cmp=host.exp.exponent/.experience.HomeActivity} from uid 2000
03-30 14:02:45.661  5810  5869 D StartingSurfaceDrawer: addSplashScreen host.exp.exponent theme=7f1402b0 task=222 suggestType=3
03-30 14:02:45.670   547   601 I ActivityManager: Start proc 24906:host.exp.exponent/u0a145 for pre-top-activity {host.exp.exponent/host.exp.exponent.experience.HomeActivity}
03-30 14:02:45.788   547  1854 I ActivityTaskManager: START u0 {act=android.intent.action.VIEW dat=exp://192.168.1.13:8081 flg=0x10000000 cmp=host.exp.exponent/.LauncherActivity} from uid 2000
03-30 14:02:46.283   547  1854 I ActivityTaskManager: START u0 {flg=0xc080000 cmp=host.exp.exponent/.experience.ExperienceActivity (has extras)} from uid 10145
03-30 14:02:46.302  5810  5869 D StartingSurfaceDrawer: addSplashScreen host.exp.exponent theme=7f1402b1 task=223 suggestType=3
03-30 14:02:46.514   547  5471 I ActivityTaskManager: Activity reported stop, but no longer stopping: ActivityRecord{82af4ab u0 host.exp.exponent/.LauncherActivity t222 f} isExiting} DESTROYED
03-30 14:03:27.064   547   592 I ActivityManager: Killing 24906:host.exp.exponent/u0a145 (adj 905): remove task
03-30 14:03:27.067   547   599 W UsageStatsService: Unexpected activity event reported! (host.exp.exponent/host.exp.exponent.experience.HomeActivity event : 23 instanceId : 202956507)
03-30 14:03:27.089   547   599 W UsageStatsService: Unexpected activity event reported! (host.exp.exponent/host.exp.exponent.experience.ExperienceActivity event : 23 instanceId : 12890497)
03-30 14:03:29.135   547   831 I ActivityTaskManager: START u0 {act=android.intent.action.MAIN cat=[android.intent.category.LAUNCHER] flg=0x10200000 cmp=host.exp.exponent/.experience.HomeActivity} from uid 2000
03-30 14:03:29.137  5810  5869 D StartingSurfaceDrawer: addSplashScreen host.exp.exponent theme=7f1402b0 task=224 suggestType=3
03-30 14:03:29.145   547   601 I ActivityManager: Start proc 25112:host.exp.exponent/u0a145 for pre-top-activity {host.exp.exponent/host.exp.exponent.experience.HomeActivity}
03-30 14:03:29.237   547  1621 I ActivityTaskManager: START u0 {act=android.intent.action.VIEW dat=exp://192.168.1.13:8081 flg=0x10000000 cmp=host.exp.exponent/.LauncherActivity} from uid 2000
03-30 14:03:29.556   547   587 I ActivityTaskManager: START u0 {flg=0xc080000 cmp=host.exp.exponent/.experience.ExperienceActivity (has extras)} from uid 10145
03-30 14:03:29.574  5810  5869 D StartingSurfaceDrawer: addSplashScreen host.exp.exponent theme=7f1402b1 task=225 suggestType=3
03-30 14:07:49.666   547   592 I ActivityManager: Killing 25112:host.exp.exponent/u0a145 (adj 905): remove task
03-30 14:07:49.699   547   889 I WindowManager: WIN DEATH: Window{a586513 u0 host.exp.exponent/host.exp.exponent.experience.HomeActivity}
03-30 14:07:49.729   547   587 I WindowManager: WIN DEATH: Window{1eb4fae u0 host.exp.exponent/host.exp.exponent.experience.ExperienceActivity}
03-30 14:07:49.745   547   599 W UsageStatsService: Unexpected activity event reported! (host.exp.exponent/host.exp.exponent.experience.ExperienceActivity event : 23 instanceId : 260925204)
03-30 14:07:49.746   547   599 W UsageStatsService: Unexpected activity event reported! (host.exp.exponent/host.exp.exponent.experience.HomeActivity event : 23 instanceId : 220805442)
03-30 14:07:51.688   547   831 I ActivityTaskManager: START u0 {act=android.intent.action.MAIN cat=[android.intent.category.LAUNCHER] flg=0x10200000 cmp=host.exp.exponent/.experience.HomeActivity} from uid 2000
03-30 14:07:51.692  5810  5869 D StartingSurfaceDrawer: addSplashScreen host.exp.exponent theme=7f1402b0 task=226 suggestType=3
03-30 14:07:51.697   547   601 I ActivityManager: Start proc 25376:host.exp.exponent/u0a145 for pre-top-activity {host.exp.exponent/host.exp.exponent.experience.HomeActivity}
03-30 14:07:51.801   547   587 I ActivityTaskManager: START u0 {act=android.intent.action.VIEW dat=exp://192.168.1.13:8081 flg=0x10000000 cmp=host.exp.exponent/.LauncherActivity} from uid 2000
03-30 14:07:52.142   547   587 I ActivityTaskManager: START u0 {flg=0xc080000 cmp=host.exp.exponent/.experience.ExperienceActivity (has extras)} from uid 10145
03-30 14:07:52.151  5810  5869 D StartingSurfaceDrawer: addSplashScreen host.exp.exponent theme=7f1402b1 task=227 suggestType=3
03-30 14:07:52.425   547   831 I ActivityTaskManager: Activity reported stop, but no longer stopping: ActivityRecord{c42062a u0 host.exp.exponent/.LauncherActivity t226 f} isExiting} DESTROYED
03-30 14:11:42.576   547   592 I ActivityManager: Killing 25376:host.exp.exponent/u0a145 (adj 905): remove task
03-30 14:11:42.608   547  1621 I WindowManager: WIN DEATH: Window{9200989 u0 host.exp.exponent/host.exp.exponent.experience.ExperienceActivity}
03-30 14:11:42.617   547   599 W UsageStatsService: Unexpected activity event reported! (host.exp.exponent/host.exp.exponent.experience.ExperienceActivity event : 23 instanceId : 242492631)
03-30 14:11:42.617   547   599 W UsageStatsService: Unexpected activity event reported! (host.exp.exponent/host.exp.exponent.experience.HomeActivity event : 23 instanceId : 39953533)
03-30 14:11:53.471   547  4326 I ActivityTaskManager: START u0 {act=android.intent.action.MAIN cat=[android.intent.category.LAUNCHER] flg=0x10200000 cmp=host.exp.exponent/.experience.HomeActivity} from uid 2000
03-30 14:11:53.474  5810  5869 D StartingSurfaceDrawer: addSplashScreen host.exp.exponent theme=7f1402b0 task=228 suggestType=3
03-30 14:11:53.482   547   601 I ActivityManager: Start proc 25626:host.exp.exponent/u0a145 for pre-top-activity {host.exp.exponent/host.exp.exponent.experience.HomeActivity}
03-30 14:11:53.581   547  3456 I ActivityTaskManager: START u0 {act=android.intent.action.VIEW dat=exp://192.168.1.13:8081 flg=0x10000000 cmp=host.exp.exponent/.LauncherActivity} from uid 2000
03-30 14:11:53.919   547  4326 I ActivityTaskManager: START u0 {flg=0xc080000 cmp=host.exp.exponent/.experience.ExperienceActivity (has extras)} from uid 10145
03-30 14:11:53.937  5810  5869 D StartingSurfaceDrawer: addSplashScreen host.exp.exponent theme=7f1402b1 task=229 suggestType=3
03-30 14:11:54.195   547   587 I ActivityTaskManager: Activity reported stop, but no longer stopping: ActivityRecord{2a350d4 u0 host.exp.exponent/.LauncherActivity t228 f} isExiting} DESTROYED
03-30 14:17:53.863   547   592 I ActivityManager: Killing 25626:host.exp.exponent/u0a145 (adj 915): remove task
03-30 14:17:53.864   547   599 W UsageStatsService: Unexpected activity event reported! (host.exp.exponent/host.exp.exponent.experience.HomeActivity event : 23 instanceId : 85309384)
03-30 14:17:53.898   547   672 I WindowManager: WIN DEATH: Window{e3083a6 u0 host.exp.exponent/host.exp.exponent.experience.ExperienceActivity}
03-30 14:17:53.919   547   599 W UsageStatsService: Unexpected activity event reported! (host.exp.exponent/host.exp.exponent.experience.ExperienceActivity event : 23 instanceId : 17575167)
03-30 14:18:09.464   547  2600 I ActivityTaskManager: START u0 {act=android.intent.action.MAIN cat=[android.intent.category.LAUNCHER] flg=0x10200000 cmp=host.exp.exponent/.experience.HomeActivity} from uid 2000
03-30 14:18:09.466  5810  5869 D StartingSurfaceDrawer: addSplashScreen host.exp.exponent theme=7f1402b0 task=230 suggestType=3
03-30 14:18:09.477   547   601 I ActivityManager: Start proc 25923:host.exp.exponent/u0a145 for pre-top-activity {host.exp.exponent/host.exp.exponent.experience.HomeActivity}
03-30 14:18:09.564   547  1621 I ActivityTaskManager: START u0 {act=android.intent.action.VIEW dat=exp://192.168.1.13:8081 flg=0x10000000 cmp=host.exp.exponent/.LauncherActivity} from uid 2000
03-30 14:18:09.921   547  2600 I ActivityTaskManager: START u0 {flg=0xc080000 cmp=host.exp.exponent/.experience.ExperienceActivity (has extras)} from uid 10145
03-30 14:18:09.939  5810  5869 D StartingSurfaceDrawer: addSplashScreen host.exp.exponent theme=7f1402b1 task=231 suggestType=3
03-30 16:06:21.511   547   592 I ActivityManager: Killing 25923:host.exp.exponent/u0a145 (adj 915): remove task
03-30 16:06:21.538   547   586 I WindowManager: WIN DEATH: Window{555407b u0 host.exp.exponent/host.exp.exponent.experience.HomeActivity}
03-30 16:06:21.540   547   889 I WindowManager: WIN DEATH: Window{aaa5f37 u0 host.exp.exponent/host.exp.exponent.experience.ExperienceActivity}
03-30 16:06:21.550   547   599 W UsageStatsService: Unexpected activity event reported! (host.exp.exponent/host.exp.exponent.experience.ExperienceActivity event : 23 instanceId : 76226524)
03-30 16:06:21.551   547   599 W UsageStatsService: Unexpected activity event reported! (host.exp.exponent/host.exp.exponent.experience.HomeActivity event : 23 instanceId : 146340170)
03-31 11:16:47.551   547   547 D DevicePolicyManager: updateSystemUpdateFreezePeriodsRecord
03-31 11:17:06.072   547  5092 I ActivityTaskManager: START u0 {act=android.intent.action.MAIN cat=[android.intent.category.LAUNCHER] flg=0x10200000 cmp=host.exp.exponent/.experience.HomeActivity} from uid 2000
03-31 11:17:06.215  5810  5869 D StartingSurfaceDrawer: addSplashScreen host.exp.exponent theme=7f1402b0 task=232 suggestType=3
03-31 11:17:06.366   547   601 I ActivityManager: Start proc 26787:host.exp.exponent/u0a145 for pre-top-activity {host.exp.exponent/host.exp.exponent.experience.HomeActivity}
03-31 11:17:06.513   547  2100 I ActivityTaskManager: START u0 {act=android.intent.action.VIEW dat=exp://192.168.1.13:8081 flg=0x10000000 cmp=host.exp.exponent/.LauncherActivity} from uid 2000
03-31 11:17:10.096   547  5092 I ActivityTaskManager: START u0 {flg=0xc080000 cmp=host.exp.exponent/.experience.ExperienceActivity (has extras)} from uid 10145
03-31 11:17:10.125  5810  5869 D StartingSurfaceDrawer: addSplashScreen host.exp.exponent theme=7f1402b1 task=234 suggestType=3
03-31 11:17:10.318   547   592 W ActivityTaskManager: Activity top resumed state loss timeout for ActivityRecord{7b61294 u0 host.exp.exponent/.LauncherActivity t232}
03-31 11:17:10.318   547   592 W ActivityTaskManager: Activity pause timeout for ActivityRecord{7b61294 u0 host.exp.exponent/.LauncherActivity t232}
03-31 11:17:12.327   547  2100 I ActivityTaskManager: Activity reported stop, but no longer stopping: ActivityRecord{7b61294 u0 host.exp.exponent/.LauncherActivity t232 f}} DESTROYING
03-31 11:17:19.368   547 26702 E ActivityManager:  +0% 26787/host.exp.exponent: 0% user + 0% kernel
03-31 11:17:19.368   547 26702 E ActivityManager: 98% TOTAL: 32% user + 64% kernel + 0.2% iowait + 1% softirq
03-31 11:17:19.369   547 26702 E ActivityManager: 100% TOTAL: 30% user + 69% kernel + 0.1% softirq
03-31 11:17:23.620   547  2424 W ProcessStats: Tracking association SourceState{f8772b0 host.exp.exponent/10145 Top #42125} whose proc state 1 is better than process ProcessState{1bba4fb com.google.android.gms.persistent/10101 pkg=com.google.android.gms} proc state 2 (7 skipped)
03-31 11:17:26.224   547  6014 I ActivityTaskManager: START u0 {act=android.intent.action.MAIN cat=[android.intent.category.LAUNCHER] flg=0x10200000 cmp=host.exp.exponent/.experience.HomeActivity} from uid 2000
03-31 11:17:26.251 27757 27798 D StartingSurfaceDrawer: addSplashScreen host.exp.exponent theme=7f1402b0 task=232 suggestType=3
03-31 11:17:26.371   547  2101 I ActivityTaskManager: START u0 {act=android.intent.action.VIEW dat=exp://192.168.1.13:8081 flg=0x10000000 cmp=host.exp.exponent/.LauncherActivity} from uid 2000
03-31 11:17:26.668   547   599 W UsageStatsService: Unexpected activity event reported! (host.exp.exponent/host.exp.exponent.LauncherActivity event : 23 instanceId : 73025179)
03-31 11:40:43.308   547   592 I ActivityManager: Killing 26787:host.exp.exponent/u0a145 (adj 905): remove task
03-31 11:40:43.340   547   587 I WindowManager: WIN DEATH: Window{a80cc1a u0 host.exp.exponent/host.exp.exponent.experience.ExperienceActivity}
03-31 11:40:43.345   547   902 I WindowManager: WIN DEATH: Window{fa06949 u0 host.exp.exponent/host.exp.exponent.experience.HomeActivity}
03-31 11:40:43.351   547   599 W UsageStatsService: Unexpected activity event reported! (host.exp.exponent/host.exp.exponent.experience.ExperienceActivity event : 23 instanceId : 2456016)
03-31 11:40:43.351   547   599 W UsageStatsService: Unexpected activity event reported! (host.exp.exponent/host.exp.exponent.experience.HomeActivity event : 23 instanceId : 34304691)
03-31 11:40:59.128   547  1621 I ActivityTaskManager: START u0 {act=android.intent.action.MAIN cat=[android.intent.category.LAUNCHER] flg=0x10200000 cmp=host.exp.exponent/.experience.HomeActivity} from uid 2000
03-31 11:40:59.131 27757 27798 D StartingSurfaceDrawer: addSplashScreen host.exp.exponent theme=7f1402b0 task=240 suggestType=3
03-31 11:40:59.138   547   601 I ActivityManager: Start proc 28165:host.exp.exponent/u0a145 for pre-top-activity {host.exp.exponent/host.exp.exponent.experience.HomeActivity}
03-31 11:40:59.218   547  3422 I ActivityTaskManager: START u0 {act=android.intent.action.VIEW dat=exp://192.168.1.13:8081 flg=0x10000000 cmp=host.exp.exponent/.LauncherActivity} from uid 2000
03-31 11:40:59.665   547  1621 I ActivityTaskManager: START u0 {flg=0xc080000 cmp=host.exp.exponent/.experience.ExperienceActivity (has extras)} from uid 10145
03-31 11:40:59.680 27757 27798 D StartingSurfaceDrawer: addSplashScreen host.exp.exponent theme=7f1402b1 task=241 suggestType=3
03-31 11:40:59.854   547  5092 I ActivityTaskManager: Activity reported stop, but no longer stopping: ActivityRecord{9d55e12 u0 host.exp.exponent/.LauncherActivity t240 f}} DESTROYING
03-31 11:42:27.993   547   592 I ActivityManager: Killing 28165:host.exp.exponent/u0a145 (adj 905): remove task
03-31 11:42:28.036   547  5471 I WindowManager: WIN DEATH: Window{f9c52cc u0 host.exp.exponent/host.exp.exponent.experience.ExperienceActivity}
03-31 11:42:28.045   547   599 W UsageStatsService: Unexpected activity event reported! (host.exp.exponent/host.exp.exponent.experience.ExperienceActivity event : 23 instanceId : 149874544)
03-31 11:42:28.046   547   599 W UsageStatsService: Unexpected activity event reported! (host.exp.exponent/host.exp.exponent.experience.HomeActivity event : 23 instanceId : 63828990)
03-31 11:42:40.677   547  3422 I ActivityTaskManager: START u0 {act=android.intent.action.MAIN cat=[android.intent.category.LAUNCHER] flg=0x10200000 cmp=host.exp.exponent/.experience.HomeActivity} from uid 2000
03-31 11:42:40.680 27757 27798 D StartingSurfaceDrawer: addSplashScreen host.exp.exponent theme=7f1402b0 task=242 suggestType=3
03-31 11:42:40.691   547   601 I ActivityManager: Start proc 28535:host.exp.exponent/u0a145 for pre-top-activity {host.exp.exponent/host.exp.exponent.experience.HomeActivity}
03-31 11:42:40.741   547  1963 I ActivityTaskManager: START u0 {act=android.intent.action.VIEW dat=exp://192.168.1.13:8081 flg=0x10000000 cmp=host.exp.exponent/.LauncherActivity} from uid 2000
03-31 11:42:41.063   547  3422 I ActivityTaskManager: START u0 {flg=0xc080000 cmp=host.exp.exponent/.experience.ExperienceActivity (has extras)} from uid 10145
03-31 11:42:41.079 27757 27798 D StartingSurfaceDrawer: addSplashScreen host.exp.exponent theme=7f1402b1 task=243 suggestType=3
03-31 11:42:41.248   547  1963 I ActivityTaskManager: Activity reported stop, but no longer stopping: ActivityRecord{8df46c u0 host.exp.exponent/.LauncherActivity t242 f}} DESTROYING
03-31 11:45:02.479   547   592 I ActivityManager: Killing 28535:host.exp.exponent/u0a145 (adj 905): remove task
03-31 11:45:02.506   547  3456 I WindowManager: WIN DEATH: Window{59e86ce u0 host.exp.exponent/host.exp.exponent.experience.HomeActivity}
03-31 11:45:02.509   547  1621 I WindowManager: WIN DEATH: Window{66c3fdb u0 host.exp.exponent/host.exp.exponent.experience.ExperienceActivity}
03-31 11:45:02.519   547   599 W UsageStatsService: Unexpected activity event reported! (host.exp.exponent/host.exp.exponent.experience.ExperienceActivity event : 23 instanceId : 22360626)
03-31 11:45:02.520   547   599 W UsageStatsService: Unexpected activity event reported! (host.exp.exponent/host.exp.exponent.experience.HomeActivity event : 23 instanceId : 113731119)
03-31 11:45:14.743   547  1963 I ActivityTaskManager: START u0 {act=android.intent.action.MAIN cat=[android.intent.category.LAUNCHER] flg=0x10200000 cmp=host.exp.exponent/.experience.HomeActivity} from uid 2000
03-31 11:45:14.746 27757 27798 D StartingSurfaceDrawer: addSplashScreen host.exp.exponent theme=7f1402b0 task=244 suggestType=3
03-31 11:45:14.752   547   601 I ActivityManager: Start proc 28795:host.exp.exponent/u0a145 for pre-top-activity {host.exp.exponent/host.exp.exponent.experience.HomeActivity}
03-31 11:45:14.820   547  1963 I ActivityTaskManager: START u0 {act=android.intent.action.VIEW dat=exp://192.168.1.13:8081 flg=0x10000000 cmp=host.exp.exponent/.LauncherActivity} from uid 2000
03-31 11:45:15.157   547  2809 I ActivityTaskManager: START u0 {flg=0xc080000 cmp=host.exp.exponent/.experience.ExperienceActivity (has extras)} from uid 10145
03-31 11:45:15.162 27757 27798 D StartingSurfaceDrawer: addSplashScreen host.exp.exponent theme=7f1402b1 task=245 suggestType=3
03-31 12:01:25.095   547   592 I ActivityManager: Killing 28795:host.exp.exponent/u0a145 (adj 915): remove task
03-31 12:01:25.126   547  4809 I WindowManager: WIN DEATH: Window{dc8b35f u0 host.exp.exponent/host.exp.exponent.experience.ExperienceActivity}
03-31 12:01:25.139   547   599 W UsageStatsService: Unexpected activity event reported! (host.exp.exponent/host.exp.exponent.experience.ExperienceActivity event : 23 instanceId : 135495456)
03-31 12:01:25.140   547   599 W UsageStatsService: Unexpected activity event reported! (host.exp.exponent/host.exp.exponent.experience.HomeActivity event : 23 instanceId : 146812718)
03-31 12:03:05.045   547  1963 I ActivityTaskManager: START u0 {act=android.intent.action.MAIN cat=[android.intent.category.LAUNCHER] flg=0x10200000 cmp=host.exp.exponent/.experience.HomeActivity} from uid 2000
03-31 12:03:05.048 27757 27798 D StartingSurfaceDrawer: addSplashScreen host.exp.exponent theme=7f1402b0 task=246 suggestType=3
03-31 12:03:05.052   547   601 I ActivityManager: Start proc 29253:host.exp.exponent/u0a145 for pre-top-activity {host.exp.exponent/host.exp.exponent.experience.HomeActivity}
03-31 12:03:05.136   547  1963 I ActivityTaskManager: START u0 {act=android.intent.action.VIEW dat=exp://192.168.1.13:8081 flg=0x10000000 cmp=host.exp.exponent/.LauncherActivity} from uid 2000
03-31 12:03:05.415   547  1963 I ActivityTaskManager: START u0 {flg=0xc080000 cmp=host.exp.exponent/.experience.ExperienceActivity (has extras)} from uid 10145
03-31 12:03:05.428 27757 27798 D StartingSurfaceDrawer: addSplashScreen host.exp.exponent theme=7f1402b1 task=247 suggestType=3
03-31 12:06:17.074   547   592 I ActivityManager: Killing 29253:host.exp.exponent/u0a145 (adj 915): remove task
03-31 12:06:17.103   547  2425 I WindowManager: WIN DEATH: Window{5a3714b u0 host.exp.exponent/host.exp.exponent.experience.ExperienceActivity}
03-31 12:06:17.116   547   599 W UsageStatsService: Unexpected activity event reported! (host.exp.exponent/host.exp.exponent.experience.ExperienceActivity event : 23 instanceId : 150612295)
03-31 12:06:17.116   547   599 W UsageStatsService: Unexpected activity event reported! (host.exp.exponent/host.exp.exponent.experience.HomeActivity event : 23 instanceId : 257463024)
03-31 12:06:37.985   547   831 I ActivityTaskManager: START u0 {act=android.intent.action.MAIN cat=[android.intent.category.LAUNCHER] flg=0x10200000 cmp=host.exp.exponent/.experience.HomeActivity} from uid 2000
03-31 12:06:37.988 27757 27798 D StartingSurfaceDrawer: addSplashScreen host.exp.exponent theme=7f1402b0 task=248 suggestType=3
03-31 12:06:37.997   547   601 I ActivityManager: Start proc 29571:host.exp.exponent/u0a145 for pre-top-activity {host.exp.exponent/host.exp.exponent.experience.HomeActivity}
03-31 12:06:38.085   547  6014 I ActivityTaskManager: START u0 {act=android.intent.action.VIEW dat=exp://192.168.1.13:8081 flg=0x10000000 cmp=host.exp.exponent/.LauncherActivity} from uid 2000
03-31 12:06:38.383   547  6014 I ActivityTaskManager: START u0 {flg=0xc080000 cmp=host.exp.exponent/.experience.ExperienceActivity (has extras)} from uid 10145
03-31 12:06:38.395 27757 27798 D StartingSurfaceDrawer: addSplashScreen host.exp.exponent theme=7f1402b1 task=249 suggestType=3
03-31 12:11:09.520   547   592 I ActivityManager: Killing 29571:host.exp.exponent/u0a145 (adj 915): remove task
03-31 12:11:09.524   547   599 W UsageStatsService: Unexpected activity event reported! (host.exp.exponent/host.exp.exponent.experience.HomeActivity event : 23 instanceId : 147841974)
03-31 12:11:09.550   547  5757 I WindowManager: WIN DEATH: Window{4098747 u0 host.exp.exponent/host.exp.exponent.experience.ExperienceActivity}
03-31 12:11:09.553   547  4095 I WindowManager: WIN DEATH: Window{b54ac49 u0 host.exp.exponent/host.exp.exponent.experience.ExperienceActivity EXITING}
03-31 12:11:09.556   547   599 W UsageStatsService: Unexpected activity event reported! (host.exp.exponent/host.exp.exponent.experience.ExperienceActivity event : 23 instanceId : 220872587)
03-31 12:12:11.424   547  3422 I ActivityTaskManager: START u0 {act=android.intent.action.MAIN cat=[android.intent.category.LAUNCHER] flg=0x10200000 cmp=host.exp.exponent/.experience.HomeActivity} from uid 2000
03-31 12:12:11.426 27757 27798 D StartingSurfaceDrawer: addSplashScreen host.exp.exponent theme=7f1402b0 task=250 suggestType=3
03-31 12:12:11.434   547   601 I ActivityManager: Start proc 29843:host.exp.exponent/u0a145 for pre-top-activity {host.exp.exponent/host.exp.exponent.experience.HomeActivity}
03-31 12:12:11.521   547  3422 I ActivityTaskManager: START u0 {act=android.intent.action.VIEW dat=exp://192.168.1.13:8081 flg=0x10000000 cmp=host.exp.exponent/.LauncherActivity} from uid 2000
03-31 12:12:11.807   547  2747 I ActivityTaskManager: START u0 {flg=0xc080000 cmp=host.exp.exponent/.experience.ExperienceActivity (has extras)} from uid 10145
03-31 12:12:11.811 27757 27798 D StartingSurfaceDrawer: addSplashScreen host.exp.exponent theme=7f1402b1 task=251 suggestType=3
03-31 12:12:12.045   547  1963 I ActivityTaskManager: Activity reported stop, but no longer stopping: ActivityRecord{e835bd0 u0 host.exp.exponent/.LauncherActivity t250 f} isExiting} DESTROYED
03-31 12:21:02.308   547   592 I ActivityManager: Killing 29843:host.exp.exponent/u0a145 (adj 915): remove task
03-31 12:21:02.349   547  1621 I WindowManager: WIN DEATH: Window{dffdeb u0 host.exp.exponent/host.exp.exponent.experience.HomeActivity}
03-31 12:21:02.354   547  1963 I WindowManager: WIN DEATH: Window{12f9c97 u0 host.exp.exponent/host.exp.exponent.experience.ExperienceActivity}
03-31 12:21:02.360   547   599 W UsageStatsService: Unexpected activity event reported! (host.exp.exponent/host.exp.exponent.experience.ExperienceActivity event : 23 instanceId : 119101280)
03-31 12:21:02.361   547   599 W UsageStatsService: Unexpected activity event reported! (host.exp.exponent/host.exp.exponent.experience.HomeActivity event : 23 instanceId : 70954539)
03-31 12:21:36.373   547  1621 I ActivityTaskManager: START u0 {act=android.intent.action.MAIN cat=[android.intent.category.LAUNCHER] flg=0x10200000 cmp=host.exp.exponent/.experience.HomeActivity} from uid 2000
03-31 12:21:36.375 27757 27798 D StartingSurfaceDrawer: addSplashScreen host.exp.exponent theme=7f1402b0 task=252 suggestType=3
03-31 12:21:36.384   547   601 I ActivityManager: Start proc 30147:host.exp.exponent/u0a145 for pre-top-activity {host.exp.exponent/host.exp.exponent.experience.HomeActivity}
03-31 12:21:36.458   547  5757 I ActivityTaskManager: START u0 {act=android.intent.action.VIEW dat=exp://192.168.1.13:8081 flg=0x10000000 cmp=host.exp.exponent/.LauncherActivity} from uid 2000
03-31 12:21:36.767   547  3422 I ActivityTaskManager: START u0 {flg=0xc080000 cmp=host.exp.exponent/.experience.ExperienceActivity (has extras)} from uid 10145
03-31 12:21:36.779 27757 27798 D StartingSurfaceDrawer: addSplashScreen host.exp.exponent theme=7f1402b1 task=253 suggestType=3
03-31 12:21:37.029   547  4095 I ActivityTaskManager: Activity reported stop, but no longer stopping: ActivityRecord{d4ac4b u0 host.exp.exponent/.LauncherActivity t252 f} isExiting} DESTROYED
03-31 12:29:59.510   547   721 E ClipboardService: Denying clipboard access to host.exp.exponent, application is not in focus nor is it a system service for user 0
03-31 12:29:59.671   547   721 E ClipboardService: Denying clipboard access to host.exp.exponent, application is not in focus nor is it a system service for user 0
03-31 12:29:59.671   547   721 E ClipboardService: Denying clipboard access to host.exp.exponent, application is not in focus nor is it a system service for user 0
03-31 12:29:59.675   547   721 E ClipboardService: Denying clipboard access to host.exp.exponent, application is not in focus nor is it a system service for user 0
03-31 12:29:59.886   547   721 E ClipboardService: Denying clipboard access to host.exp.exponent, application is not in focus nor is it a system service for user 0
03-31 12:30:42.097   547   592 I ActivityManager: Killing 30147:host.exp.exponent/u0a145 (adj 915): remove task
03-31 12:30:42.170   547   586 I WindowManager: WIN DEATH: Window{a019ed7 u0 host.exp.exponent/host.exp.exponent.experience.ExperienceActivity}
03-31 12:30:42.178   547   599 W UsageStatsService: Unexpected activity event reported! (host.exp.exponent/host.exp.exponent.experience.ExperienceActivity event : 23 instanceId : 122938457)
03-31 12:30:42.178   547   599 W UsageStatsService: Unexpected activity event reported! (host.exp.exponent/host.exp.exponent.experience.HomeActivity event : 23 instanceId : 94302505)
03-31 12:30:45.468   547  4809 I ActivityTaskManager: START u0 {act=android.intent.action.MAIN cat=[android.intent.category.LAUNCHER] flg=0x10200000 cmp=host.exp.exponent/.experience.HomeActivity} from uid 2000
03-31 12:30:45.470 27757 27798 D StartingSurfaceDrawer: addSplashScreen host.exp.exponent theme=7f1402b0 task=254 suggestType=3
03-31 12:30:45.477   547   601 I ActivityManager: Start proc 30441:host.exp.exponent/u0a145 for pre-top-activity {host.exp.exponent/host.exp.exponent.experience.HomeActivity}
03-31 12:30:45.560   547  1875 I ActivityTaskManager: START u0 {act=android.intent.action.VIEW dat=exp://192.168.1.13:8081 flg=0x10000000 cmp=host.exp.exponent/.LauncherActivity} from uid 2000
03-31 12:30:45.859   547  4809 I ActivityTaskManager: START u0 {flg=0xc080000 cmp=host.exp.exponent/.experience.ExperienceActivity (has extras)} from uid 10145
03-31 12:30:45.865 27757 27798 D StartingSurfaceDrawer: addSplashScreen host.exp.exponent theme=7f1402b1 task=255 suggestType=3
03-31 12:30:46.132   547  4326 I ActivityTaskManager: Activity reported stop, but no longer stopping: ActivityRecord{e415c0f u0 host.exp.exponent/.LauncherActivity t254 f} isExiting} DESTROYED
03-31 12:38:41.188   547   592 I ActivityManager: Killing 30441:host.exp.exponent/u0a145 (adj 915): remove task
03-31 12:38:41.220   547  1621 I WindowManager: WIN DEATH: Window{8abaabf u0 host.exp.exponent/host.exp.exponent.experience.ExperienceActivity}
03-31 12:38:41.225   547   599 W UsageStatsService: Unexpected activity event reported! (host.exp.exponent/host.exp.exponent.experience.ExperienceActivity event : 23 instanceId : 74998676)
03-31 12:38:41.226   547   599 W UsageStatsService: Unexpected activity event reported! (host.exp.exponent/host.exp.exponent.experience.HomeActivity event : 23 instanceId : 139340226)
03-31 12:38:53.205   547  1875 I ActivityTaskManager: START u0 {act=android.intent.action.MAIN cat=[android.intent.category.LAUNCHER] flg=0x10200000 cmp=host.exp.exponent/.experience.HomeActivity} from uid 2000
03-31 12:38:53.207 27757 27798 D StartingSurfaceDrawer: addSplashScreen host.exp.exponent theme=7f1402b0 task=256 suggestType=3
03-31 12:38:53.213   547   601 I ActivityManager: Start proc 30781:host.exp.exponent/u0a145 for pre-top-activity {host.exp.exponent/host.exp.exponent.experience.HomeActivity}
03-31 12:38:53.277   547  1621 I ActivityTaskManager: START u0 {act=android.intent.action.VIEW dat=exp://192.168.1.13:8081 flg=0x10000000 cmp=host.exp.exponent/.LauncherActivity} from uid 2000
03-31 12:38:53.540   547   589 I ActivityTaskManager: Displayed host.exp.exponent/.experience.HomeActivity: +328ms
03-31 12:38:53.560 30781 30781 W dev.expo.updates: {"timestamp":1743424733560,"message":"The expo-updates system is disabled due to an invalid configuration. Ensure a valid URL is supplied.","code":"InitializationError","level":"warn"}
03-31 12:38:53.577   547  5471 I ActivityTaskManager: START u0 {flg=0xc080000 cmp=host.exp.exponent/.experience.ExperienceActivity (has extras)} from uid 10145
03-31 12:38:53.595 27757 27798 D StartingSurfaceDrawer: addSplashScreen host.exp.exponent theme=7f1402b1 task=257 suggestType=3
03-31 12:38:53.743   547  1875 D ConnectivityService: requestNetwork for uid/pid:10145/30781 activeRequest: null callbackRequest: 981 [NetworkRequest [ REQUEST id=982, [ Capabilities: INTERNET&NOT_RESTRICTED&TRUSTED&NOT_VCN_MANAGED Uid: 10145 RequestorUid: 10145 RequestorPkg: host.exp.exponent] ]] callback flags: 0 priority: 2147483647
03-31 12:38:53.752 30781 30843 W unknown:ViewManagerPropertyUpdater: Could not find generated setter for class com.horcrux.svg.RenderableViewManager$FeMergeManager
03-31 12:38:53.765 30781 30843 W unknown:ViewManagerPropertyUpdater: Could not find generated setter for class com.horcrux.svg.VirtualViewManager$d
03-31 12:38:53.766 30781 30843 W unknown:ViewManagerPropertyUpdater: Could not find generated setter for class com.horcrux.svg.RenderableViewManager$LinearGradientManager
03-31 12:38:53.766 30781 30843 W unknown:ViewManagerPropertyUpdater: Could not find generated setter for class com.swmansion.rnscreens.ScreenContainerViewManager
03-31 12:38:53.767 30781 30843 W unknown:ViewManagerPropertyUpdater: Could not find generated setter for class com.facebook.react.uimanager.LayoutShadowNode
03-31 12:38:53.767 30781 30843 W unknown:ViewManagerPropertyUpdater: Could not find generated setter for class com.rnmaps.maps.MapCircleManager
03-31 12:38:53.768 30781 30843 W unknown:ViewManagerPropertyUpdater: Could not find generated setter for class com.horcrux.svg.RenderableViewManager$FeColorMatrixManager
03-31 12:38:53.768 30781 30843 W unknown:ViewManagerPropertyUpdater: Could not find generated setter for class com.horcrux.svg.RenderableViewManager$SymbolManager
03-31 12:38:53.769 30781 30843 W unknown:ViewManagerPropertyUpdater: Could not find generated setter for class com.horcrux.svg.RenderableViewManager$PatternManager
03-31 12:38:53.770 30781 30843 W unknown:ViewManagerPropertyUpdater: Could not find generated setter for class com.th3rdwave.safeareacontext.SafeAreaViewManager
03-31 12:38:53.770 30781 30843 W unknown:ViewManagerPropertyUpdater: Could not find generated setter for class com.th3rdwave.safeareacontext.p
03-31 12:38:53.771 30781 30843 W unknown:ViewManagerPropertyUpdater: Could not find generated setter for class com.horcrux.svg.SvgViewManager
03-31 12:38:53.772 30781 30843 W unknown:ViewManagerPropertyUpdater: Could not find generated setter for class com.swmansion.rnscreens.ScreenViewManager
03-31 12:38:53.773 30781 30843 W unknown:ViewManagerPropertyUpdater: Could not find generated setter for class com.shopify.reactnative.flash_list.AutoLayoutViewManager
03-31 12:38:53.773 30781 30843 W unknown:ViewManagerPropertyUpdater: Could not find generated setter for class expo.modules.kotlin.views.GroupViewManagerWrapper
03-31 12:38:53.774 30781 30843 W unknown:ViewManagerPropertyUpdater: Could not find generated setter for class com.horcrux.svg.RenderableViewManager$UseViewManager
03-31 12:38:53.774 30781 30843 W unknown:ViewManagerPropertyUpdater: Could not find generated setter for class com.horcrux.svg.RenderableViewManager$TSpanViewManager
03-31 12:38:53.775 30781 30843 W unknown:ViewManagerPropertyUpdater: Could not find generated setter for class com.horcrux.svg.RenderableViewManager$FilterManager
03-31 12:38:53.775 30781 30843 W unknown:ViewManagerPropertyUpdater: Could not find generated setter for class com.horcrux.svg.RenderableViewManager$MarkerManager
03-31 12:38:53.776 30781 30843 W unknown:ViewManagerPropertyUpdater: Could not find generated setter for class com.swmansion.rnscreens.SearchBarManager
03-31 12:38:53.777 30781 30843 W unknown:ViewManagerPropertyUpdater: Could not find generated setter for class com.th3rdwave.safeareacontext.SafeAreaProviderManager
03-31 12:38:53.777 30781 30843 W unknown:ViewManagerPropertyUpdater: Could not find generated setter for class com.rnmaps.maps.MapGradientPolylineManager
03-31 12:38:53.778 30781 30843 W unknown:ViewManagerPropertyUpdater: Could not find generated setter for class com.swmansion.gesturehandler.react.RNGestureHandlerButtonViewManager
03-31 12:38:53.778 30781 30843 W unknown:ViewManagerPropertyUpdater: Could not find generated setter for class com.shopify.reactnative.skia.SkiaDomViewManager
03-31 12:38:53.779 30781 30843 W unknown:ViewManagerPropertyUpdater: Could not find generated setter for class com.horcrux.svg.RenderableViewManager$ForeignObjectManager
03-31 12:38:53.779 30781 30843 W unknown:ViewManagerPropertyUpdater: Could not find generated setter for class com.horcrux.svg.RenderableViewManager$GroupViewManager
03-31 12:38:53.780 30781 30843 W unknown:ViewManagerPropertyUpdater: Could not find generated setter for class com.horcrux.svg.RenderableViewManager$TextViewManager
03-31 12:38:53.780 30781 30843 W unknown:ViewManagerPropertyUpdater: Could not find generated setter for class com.horcrux.svg.RenderableViewManager$ImageViewManager
03-31 12:38:53.780 30781 30843 W unknown:ViewManagerPropertyUpdater: Could not find generated setter for class com.horcrux.svg.RenderableViewManager$RadialGradientManager
03-31 12:38:53.781 30781 30843 W unknown:ViewManagerPropertyUpdater: Could not find generated setter for class com.swmansion.rnscreens.ScreenStackHeaderConfigViewManager
03-31 12:38:53.781 30781 30843 W unknown:ViewManagerPropertyUpdater: Could not find generated setter for class com.reactnativestripesdk.GooglePayButtonManager
03-31 12:38:53.782 30781 30843 W unknown:ViewManagerPropertyUpdater: Could not find generated setter for class com.horcrux.svg.RenderableViewManager$FeOffsetManager
03-31 12:38:53.782 30781 30843 W unknown:ViewManagerPropertyUpdater: Could not find generated setter for class com.rnmaps.maps.MapPolygonManager
03-31 12:38:53.782 30781 30843 W unknown:ViewManagerPropertyUpdater: Could not find generated setter for class com.horcrux.svg.RenderableViewManager$PathViewManager
03-31 12:38:53.783 30781 30843 W unknown:ViewManagerPropertyUpdater: Could not find generated setter for class com.swmansion.rnscreens.ScreenStackHeaderSubviewManager
03-31 12:38:53.783 30781 30843 W unknown:ViewManagerPropertyUpdater: Could not find generated setter for class com.reactnativecommunity.picker.ReactDialogPickerManager
03-31 12:38:53.784 30781 30843 W unknown:ViewManagerPropertyUpdater: Could not find generated setter for class com.reactnativecommunity.picker.k
03-31 12:38:53.784 30781 30843 W unknown:ViewManagerPropertyUpdater: Could not find generated setter for class com.reactnativestripesdk.pushprovisioning.AddToWalletButtonManager
03-31 12:38:53.785 30781 30843 W unknown:ViewManagerPropertyUpdater: Could not find generated setter for class com.horcrux.svg.RenderableViewManager$DefsViewManager
03-31 12:38:53.785 30781 30843 W unknown:ViewManagerPropertyUpdater: Could not find generated setter for class com.rnmaps.maps.MapUrlTileManager
03-31 12:38:53.785 30781 30843 W unknown:ViewManagerPropertyUpdater: Could not find generated setter for class com.swmansion.rnscreens.ScreenFooterManager
03-31 12:38:53.785 30781 30843 W unknown:ViewManagerPropertyUpdater: Could not find generated setter for class com.reactnativestripesdk.CardFormViewManager
03-31 12:38:53.786 30781 30843 W unknown:ViewManagerPropertyUpdater: Could not find generated setter for class com.rnmaps.maps.MapManager
03-31 12:38:53.786   547   680 D WifiNetworkFactory: got request NetworkRequest [ REQUEST id=982, [ Capabilities: INTERNET&NOT_RESTRICTED&TRUSTED&NOT_VCN_MANAGED Uid: 10145 RequestorUid: 10145 RequestorPkg: host.exp.exponent] ]
03-31 12:38:53.787   547   680 D UntrustedWifiNetworkFactory: got request NetworkRequest [ REQUEST id=982, [ Capabilities: INTERNET&NOT_RESTRICTED&TRUSTED&NOT_VCN_MANAGED Uid: 10145 RequestorUid: 10145 RequestorPkg: host.exp.exponent] ]
03-31 12:38:53.787 30781 30843 W unknown:ViewManagerPropertyUpdater: Could not find generated setter for class com.horcrux.svg.RenderableViewManager$FeGaussianBlurManager
03-31 12:38:53.787   547   680 D OemPaidWifiNetworkFactory: got request NetworkRequest [ REQUEST id=982, [ Capabilities: INTERNET&NOT_RESTRICTED&TRUSTED&NOT_VCN_MANAGED Uid: 10145 RequestorUid: 10145 RequestorPkg: host.exp.exponent] ]
03-31 12:38:53.787 30781 30843 W unknown:ViewManagerPropertyUpdater: Could not find generated setter for class com.reactnativecommunity.slider.ReactSliderManager
03-31 12:38:53.788 30781 30843 W unknown:ViewManagerPropertyUpdater: Could not find generated setter for class com.rnmaps.maps.MapMarkerManager
03-31 12:38:53.788 30781 30843 W unknown:ViewManagerPropertyUpdater: Could not find generated setter for class com.rnmaps.maps.MapLocalTileManager
03-31 12:38:53.789 30781 30843 W unknown:ViewManagerPropertyUpdater: Could not find generated setter for class com.reactnativestripesdk.StripeContainerManager
03-31 12:38:53.789 30781 30843 W unknown:ViewManagerPropertyUpdater: Could not find generated setter for class com.swmansion.rnscreens.ModalScreenViewManager
03-31 12:38:53.789 30781 30843 W unknown:ViewManagerPropertyUpdater: Could not find generated setter for class com.rnmaps.maps.MapPolylineManager
03-31 12:38:53.790 30781 30843 W unknown:ViewManagerPropertyUpdater: Could not find generated setter for class com.horcrux.svg.RenderableViewManager$ClipPathViewManager
03-31 12:38:53.790 30781 30843 W unknown:ViewManagerPropertyUpdater: Could not find generated setter for class com.horcrux.svg.RenderableViewManager$FeBlendManager
03-31 12:38:53.790 30781 30843 W unknown:ViewManagerPropertyUpdater: Could not find generated setter for class com.shopify.reactnative.flash_list.CellContainerManager
03-31 12:38:53.791 30781 30843 W unknown:ViewManagerPropertyUpdater: Could not find generated setter for class expo.modules.kotlin.views.SimpleViewManagerWrapper
03-31 12:38:53.792 30781 30843 W unknown:ViewManagerPropertyUpdater: Could not find generated setter for class com.reactnativepagerview.LEGACY_PagerViewViewManager
03-31 12:38:53.792 30781 30843 W unknown:ViewManagerPropertyUpdater: Could not find generated setter for class com.horcrux.svg.RenderableViewManager$CircleViewManager
03-31 12:38:53.792 30781 30843 W unknown:ViewManagerPropertyUpdater: Could not find generated setter for class com.swmansion.rnscreens.ScreenStackViewManager
03-31 12:38:53.792 30781 30843 W unknown:ViewManagerPropertyUpdater: Could not find generated setter for class com.reactnativestripesdk.CardFieldViewManager
03-31 12:38:53.793 30781 30843 W unknown:ViewManagerPropertyUpdater: Could not find generated setter for class com.rnmaps.maps.MapCalloutManager
03-31 12:38:53.793 30781 30843 W unknown:ViewManagerPropertyUpdater: Could not find generated setter for class com.airbnb.android.react.lottie.LottieAnimationViewManager
03-31 12:38:53.793 30781 30843 W unknown:ViewManagerPropertyUpdater: Could not find generated setter for class com.reactnativestripesdk.addresssheet.AddressSheetViewManager
03-31 12:38:53.794 30781 30843 W unknown:ViewManagerPropertyUpdater: Could not find generated setter for class com.horcrux.svg.RenderableViewManager$EllipseViewManager
