03-31 15:28:15.182 32631 32694 W unknown:ViewManagerPropertyUpdater: Could not find generated setter for class com.horcrux.svg.RenderableViewManager$RadialGradientManager
03-31 15:28:15.183 32631 32694 W unknown:ViewManagerPropertyUpdater: Could not find generated setter for class com.swmansion.rnscreens.ScreenStackHeaderConfigViewManager
03-31 15:28:15.183 32631 32694 W unknown:ViewManagerPropertyUpdater: Could not find generated setter for class com.reactnativestripesdk.GooglePayButtonManager
03-31 15:28:15.184 32631 32694 W unknown:ViewManagerPropertyUpdater: Could not find generated setter for class com.horcrux.svg.RenderableViewManager$FeOffsetManager
03-31 15:28:15.184 32631 32694 W unknown:ViewManagerPropertyUpdater: Could not find generated setter for class com.rnmaps.maps.MapPolygonManager
03-31 15:28:15.184 32631 32694 W unknown:ViewManagerPropertyUpdater: Could not find generated setter for class com.horcrux.svg.RenderableViewManager$PathViewManager
03-31 15:28:15.185 32631 32694 W unknown:ViewManagerPropertyUpdater: Could not find generated setter for class com.swmansion.rnscreens.ScreenStackHeaderSubviewManager
03-31 15:28:15.186 32631 32694 W unknown:ViewManagerPropertyUpdater: Could not find generated setter for class com.reactnativecommunity.picker.ReactDialogPickerManager
03-31 15:28:15.187 32631 32694 W unknown:ViewManagerPropertyUpdater: Could not find generated setter for class com.reactnativecommunity.picker.k
03-31 15:28:15.187 32631 32694 W unknown:ViewManagerPropertyUpdater: Could not find generated setter for class com.reactnativestripesdk.pushprovisioning.AddToWalletButtonManager
03-31 15:28:15.187 32631 32694 W unknown:ViewManagerPropertyUpdater: Could not find generated setter for class com.horcrux.svg.RenderableViewManager$DefsViewManager
03-31 15:28:15.187 32631 32694 W unknown:ViewManagerPropertyUpdater: Could not find generated setter for class com.rnmaps.maps.MapUrlTileManager
03-31 15:28:15.188 32631 32694 W unknown:ViewManagerPropertyUpdater: Could not find generated setter for class com.swmansion.rnscreens.ScreenFooterManager
03-31 15:28:15.188 32631 32694 W unknown:ViewManagerPropertyUpdater: Could not find generated setter for class com.reactnativestripesdk.CardFormViewManager
03-31 15:28:15.188 32631 32694 W unknown:ViewManagerPropertyUpdater: Could not find generated setter for class com.rnmaps.maps.MapManager
03-31 15:28:15.189 32631 32694 W unknown:ViewManagerPropertyUpdater: Could not find generated setter for class com.horcrux.svg.RenderableViewManager$FeGaussianBlurManager
03-31 15:28:15.189 32631 32694 W unknown:ViewManagerPropertyUpdater: Could not find generated setter for class com.reactnativecommunity.slider.ReactSliderManager
03-31 15:28:15.190 32631 32694 W unknown:ViewManagerPropertyUpdater: Could not find generated setter for class com.rnmaps.maps.MapMarkerManager
03-31 15:28:15.191 32631 32694 W unknown:ViewManagerPropertyUpdater: Could not find generated setter for class com.rnmaps.maps.MapLocalTileManager
03-31 15:28:15.191 32631 32694 W unknown:ViewManagerPropertyUpdater: Could not find generated setter for class com.reactnativestripesdk.StripeContainerManager
03-31 15:28:15.191 32631 32694 W unknown:ViewManagerPropertyUpdater: Could not find generated setter for class com.swmansion.rnscreens.ModalScreenViewManager
03-31 15:28:15.192 32631 32694 W unknown:ViewManagerPropertyUpdater: Could not find generated setter for class com.rnmaps.maps.MapPolylineManager
03-31 15:28:15.192 32631 32694 W unknown:ViewManagerPropertyUpdater: Could not find generated setter for class com.horcrux.svg.RenderableViewManager$ClipPathViewManager
03-31 15:28:15.192 32631 32694 W unknown:ViewManagerPropertyUpdater: Could not find generated setter for class com.horcrux.svg.RenderableViewManager$FeBlendManager
03-31 15:28:15.193 32631 32694 W unknown:ViewManagerPropertyUpdater: Could not find generated setter for class com.shopify.reactnative.flash_list.CellContainerManager
03-31 15:28:15.194 32631 32694 W unknown:ViewManagerPropertyUpdater: Could not find generated setter for class expo.modules.kotlin.views.SimpleViewManagerWrapper
03-31 15:28:15.194 32631 32694 W unknown:ViewManagerPropertyUpdater: Could not find generated setter for class com.reactnativepagerview.LEGACY_PagerViewViewManager
03-31 15:28:15.194 32631 32694 W unknown:ViewManagerPropertyUpdater: Could not find generated setter for class com.horcrux.svg.RenderableViewManager$CircleViewManager
03-31 15:28:15.195 32631 32694 W unknown:ViewManagerPropertyUpdater: Could not find generated setter for class com.swmansion.rnscreens.ScreenStackViewManager
03-31 15:28:15.195 32631 32694 W unknown:ViewManagerPropertyUpdater: Could not find generated setter for class com.reactnativestripesdk.CardFieldViewManager
03-31 15:28:15.197 32631 32694 W unknown:ViewManagerPropertyUpdater: Could not find generated setter for class com.rnmaps.maps.MapCalloutManager
03-31 15:28:15.199 32631 32694 W unknown:ViewManagerPropertyUpdater: Could not find generated setter for class com.airbnb.android.react.lottie.LottieAnimationViewManager
03-31 15:28:15.200 32631 32694 W unknown:ViewManagerPropertyUpdater: Could not find generated setter for class com.reactnativestripesdk.addresssheet.AddressSheetViewManager
03-31 15:28:15.200 32631 32694 W unknown:ViewManagerPropertyUpdater: Could not find generated setter for class com.horcrux.svg.RenderableViewManager$EllipseViewManager
03-31 15:28:15.201 32631 32694 W unknown:ViewManagerPropertyUpdater: Could not find generated setter for class com.rnmaps.maps.MapHeatmapManager
03-31 15:28:15.201 32631 32694 W unknown:ViewManagerPropertyUpdater: Could not find generated setter for class com.horcrux.svg.RenderableViewManager$LineViewManager
03-31 15:28:15.202 32631 32694 W unknown:ViewManagerPropertyUpdater: Could not find generated setter for class com.reactnativecommunity.webview.RNCWebViewManager
03-31 15:28:15.203 32631 32694 W unknown:ViewManagerPropertyUpdater: Could not find generated setter for class com.horcrux.svg.RenderableViewManager$FeFloodManager
03-31 15:28:15.204 32631 32694 W unknown:ViewManagerPropertyUpdater: Could not find generated setter for class com.shopify.reactnative.skia.SkiaPictureViewManager
03-31 15:28:15.204 32631 32694 W unknown:ViewManagerPropertyUpdater: Could not find generated setter for class com.rnmaps.maps.MapWMSTileManager
03-31 15:28:15.204 32631 32694 W unknown:ViewManagerPropertyUpdater: Could not find generated setter for class org.reactnative.maskedview.RNCMaskedViewManager
03-31 15:28:15.205 32631 32694 W unknown:ViewManagerPropertyUpdater: Could not find generated setter for class com.horcrux.svg.RenderableViewManager$MaskManager
03-31 15:28:15.205 32631 32694 W unknown:ViewManagerPropertyUpdater: Could not find generated setter for class com.swmansion.rnscreens.ScreenContentWrapperManager
03-31 15:28:15.205 32631 32694 W unknown:ViewManagerPropertyUpdater: Could not find generated setter for class com.horcrux.svg.RenderableViewManager$RectViewManager
03-31 15:28:15.206 32631 32694 W unknown:ViewManagerPropertyUpdater: Could not find generated setter for class com.horcrux.svg.RenderableViewManager$TextPathViewManager
03-31 15:28:15.206 32631 32694 W unknown:ViewManagerPropertyUpdater: Could not find generated setter for class com.reactnativepagerview.PagerViewViewManager
03-31 15:28:15.207 32631 32694 W unknown:ViewManagerPropertyUpdater: Could not find generated setter for class com.reactnativestripesdk.AuBECSDebitFormViewManager
03-31 15:28:15.208 32631 32694 W unknown:ViewManagerPropertyUpdater: Could not find generated setter for class com.rnmaps.maps.MapOverlayManager
03-31 15:28:15.208 32631 32694 W unknown:ViewManagerPropertyUpdater: Could not find generated setter for class com.swmansion.gesturehandler.react.RNGestureHandlerRootViewManager
03-31 15:28:15.209 32631 32694 W unknown:ViewManagerPropertyUpdater: Could not find generated setter for class com.reactnativecommunity.picker.ReactDropdownPickerManager
03-31 15:28:15.240 32631 32694 W unknown:ViewManagerPropertyUpdater: Could not find generated setter for class com.facebook.react.views.safeareaview.ReactSafeAreaViewManager
03-31 15:28:15.240 32631 32694 W unknown:ViewManagerPropertyUpdater: Could not find generated setter for class com.facebook.react.views.safeareaview.ReactSafeAreaViewShadowNode
03-31 15:28:15.241 32631 32694 W unknown:ViewManagerPropertyUpdater: Could not find generated setter for class com.facebook.react.views.modal.ReactModalHostManager
03-31 15:28:15.242 32631 32694 W unknown:ViewManagerPropertyUpdater: Could not find generated setter for class com.facebook.react.views.text.frescosupport.FrescoBasedReactTextInlineImageViewManager
03-31 15:28:15.242 32631 32694 W unknown:ViewManagerPropertyUpdater: Could not find generated setter for class com.facebook.react.views.text.frescosupport.FrescoBasedReactTextInlineImageShadowNode
03-31 15:28:15.243 32631 32694 W unknown:ViewManagerPropertyUpdater: Could not find generated setter for class com.facebook.react.views.progressbar.ReactProgressBarViewManager
03-31 15:28:15.243 32631 32694 W unknown:ViewManagerPropertyUpdater: Could not find generated setter for class com.facebook.react.views.progressbar.ProgressBarShadowNode
03-31 15:28:15.243 32631 32694 W unknown:ViewManagerPropertyUpdater: Could not find generated setter for class com.facebook.react.views.scroll.ReactHorizontalScrollViewManager
03-31 15:28:15.245 32631 32694 W unknown:ViewManagerPropertyUpdater: Could not find generated setter for class com.facebook.react.views.image.ReactImageManager
03-31 15:28:15.246 32631 32694 W unknown:ViewManagerPropertyUpdater: Could not find generated setter for class com.facebook.react.views.text.ReactTextViewManager
03-31 15:28:15.247 32631 32694 W unknown:ViewManagerPropertyUpdater: Could not find generated setter for class com.facebook.react.views.text.ReactTextShadowNode
03-31 15:28:15.248 32631 32694 W unknown:ViewManagerPropertyUpdater: Could not find generated setter for class com.facebook.react.views.scroll.ReactHorizontalScrollContainerViewManager
03-31 15:28:15.248 32631 32694 W unknown:ViewManagerPropertyUpdater: Could not find generated setter for class com.facebook.react.views.unimplementedview.ReactUnimplementedViewManager
03-31 15:28:15.249 32631 32694 W unknown:ViewManagerPropertyUpdater: Could not find generated setter for class com.facebook.react.views.scroll.ReactScrollViewManager
03-31 15:28:15.250 32631 32694 W unknown:ViewManagerPropertyUpdater: Could not find generated setter for class com.facebook.react.views.view.ReactViewManager
03-31 15:28:15.251 32631 32694 W unknown:ViewManagerPropertyUpdater: Could not find generated setter for class com.facebook.react.views.drawer.ReactDrawerLayoutManager
03-31 15:28:15.252 32631 32694 W unknown:ViewManagerPropertyUpdater: Could not find generated setter for class com.facebook.react.views.switchview.ReactSwitchManager
03-31 15:28:15.253 32631 32694 W unknown:ViewManagerPropertyUpdater: Could not find generated setter for class com.facebook.react.views.switchview.ReactSwitchManager$ReactSwitchShadowNode
03-31 15:28:15.253 32631 32694 W unknown:ViewManagerPropertyUpdater: Could not find generated setter for class com.facebook.react.views.text.ReactVirtualTextViewManager
03-31 15:28:15.253 32631 32694 W unknown:ViewManagerPropertyUpdater: Could not find generated setter for class com.facebook.react.views.text.ReactVirtualTextShadowNode
03-31 15:28:15.254 32631 32694 W unknown:ViewManagerPropertyUpdater: Could not find generated setter for class com.facebook.react.views.swiperefresh.SwipeRefreshLayoutManager
03-31 15:28:15.255 32631 32694 W unknown:ViewManagerPropertyUpdater: Could not find generated setter for class com.facebook.react.views.text.ReactRawTextManager
03-31 15:28:15.255 32631 32694 W unknown:ViewManagerPropertyUpdater: Could not find generated setter for class com.facebook.react.views.text.ReactRawTextShadowNode
03-31 15:28:15.255 32631 32694 W unknown:ViewManagerPropertyUpdater: Could not find generated setter for class com.facebook.react.views.textinput.ReactTextInputManager
03-31 15:28:15.256 32631 32694 W unknown:ViewManagerPropertyUpdater: Could not find generated setter for class com.facebook.react.views.textinput.ReactTextInputShadowNode
03-31 15:28:15.267 32631 32694 I ExpoModulesCore:  Constants were exported
03-31 15:28:15.333   547  2809 D ConnectivityService: requestNetwork for uid/pid:10145/32631 activeRequest: null callbackRequest: 1012 [NetworkRequest [ REQUEST id=1013, [ Capabilities: INTERNET&NOT_RESTRICTED&TRUSTED&NOT_VCN_MANAGED Uid: 10145 RequestorUid: 10145 RequestorPkg: host.exp.exponent] ]] callback flags: 0 priority: 2147483647
03-31 15:28:15.334   547   680 D WifiNetworkFactory: got request NetworkRequest [ REQUEST id=1013, [ Capabilities: INTERNET&NOT_RESTRICTED&TRUSTED&NOT_VCN_MANAGED Uid: 10145 RequestorUid: 10145 RequestorPkg: host.exp.exponent] ]
03-31 15:28:15.335   547   680 D UntrustedWifiNetworkFactory: got request NetworkRequest [ REQUEST id=1013, [ Capabilities: INTERNET&NOT_RESTRICTED&TRUSTED&NOT_VCN_MANAGED Uid: 10145 RequestorUid: 10145 RequestorPkg: host.exp.exponent] ]
03-31 15:28:15.335   547   680 D OemPaidWifiNetworkFactory: got request NetworkRequest [ REQUEST id=1013, [ Capabilities: INTERNET&NOT_RESTRICTED&TRUSTED&NOT_VCN_MANAGED Uid: 10145 RequestorUid: 10145 RequestorPkg: host.exp.exponent] ]
03-31 15:28:15.402   547  3422 W InputManager-JNI: Input channel object 'd249c Splash Screen host.exp.exponent (client)' was disposed without first being removed with the input manager!
03-31 15:28:15.642   547  2809 W InputManager-JNI: Input channel object 'e58cce9 host.exp.exponent/host.exp.exponent.LauncherActivity (client)' was disposed without first being removed with the input manager!
03-31 15:28:15.661 32631   302 I cr_VariationsUtils: Failed reading seed file "/data/user/0/host.exp.exponent/app_webview/variations_seed_new"
03-31 15:28:15.661 32631   302 I cr_VariationsUtils: Failed reading seed file "/data/user/0/host.exp.exponent/app_webview/variations_seed"
03-31 15:28:16.172 32631 32706 I dev.expo.updates: {"timestamp":1743434896172,"message":"Manifest code signing signature verified successfully","code":"None","level":"info"}
03-31 15:28:16.208 27757 27757 D InterruptionStateProvider: No bubble up: not allowed to bubble: 0|host.exp.exponent|10101|null|10145
03-31 15:28:16.208 27757 27757 D InterruptionStateProvider: No heads up: unimportant notification: 0|host.exp.exponent|10101|null|10145
03-31 15:28:16.209 27757 27802 D PeopleSpaceWidgetMgr: Sbn doesn't contain valid PeopleTileKey: null/0/host.exp.exponent
03-31 15:28:18.712 32631 32631 W unknown:ViewManagerPropertyUpdater: Could not find generated setter for class com.facebook.react.uimanager.RootViewManager
03-31 15:28:19.858 32631   481 D ProfileInstaller: Skipping profile installation for host.exp.exponent
03-31 15:28:46.329 32631   504 W unknown:ViewManagerPropertyUpdater: Could not find generated setter for class com.facebook.react.views.debuggingoverlay.DebuggingOverlayManager
03-31 15:28:46.389 32631   504 I ExpoModulesCore:  Constants were exported
03-31 15:28:47.686 32631   504 I ReactNativeJS: Running "main" with {"rootTag":31,"initialProps":{"exp":{"initialUri":"exp://192.168.1.13:8081","shell":false,"manifestString":"{\"id\":\"02aa8637-7433-4e5e-a036-caa70448c5fa\",\"createdAt\":\"2025-03-31T15:28:23.217Z\",\"runtimeVersion\":\"1.0.4\",\"launchAsset\":{\"key\":\"bundle\",\"contentType\":\"application\\/javascript\",\"url\":\"http:\\/\\/192.168.1.13:8081\\/index.bundle?platform=android&dev=true&hot=false&transform.engine=hermes&transform.bytecode=1&transform.routerRoot=app&unstable_transformProfile=hermes-stable\"},\"assets\":[],\"metadata\":{},\"extra\":{\"eas\":{\"projectId\":\"6a215b91-eeea-4f6f-81e3-4f39e16d39ca\"},\"expoClient\":{\"name\":\"BRKR\",\"slug\":\"BRKR-NEW\",\"version\":\"1.0.4\",\"runtimeVersion\":\"1.0.4\",\"orientation\":\"portrait\",\"icon\":\".\\/assets\\/images\\/brukericon.png\",\"userInterfaceStyle\":\"light\",\"newArchEnabled\":true,\"splash\":{\"image\":\".\\/assets\\/splash-icon.png\",\"resizeMode\":\"contain\",\"backgroundColor\":\"#ffffff\",\"imageUrl\":\"http:\\/\\/192.168.1.13:8081\\/assets\\/.\\/assets\\/splash-icon.png\"},\"updates\":{\"fallbackToCacheTimeout\":0,\"enabled\":true,\"checkAutomatically\":\"ON_LOAD\",\"url\":\"https:\\/\\/u.expo.dev\\/6a215b91-eeea-4f6f-81e3-4f39e16d39ca\"},\"ios\":{\"supportsTablet\":true},\"android\":{\"name\":\"BRKR\",\"package\":\"com.khyunsu.BRKRNEW\",\"adaptiveIcon\":{\"foregroundImage\":\".\\/assets\\/adaptive-icon.png\",\"backgroundColor\":\"#ffffff\",\"foregroundImageUrl\":\"http:\\/\\/192.168.1.13:8081\\/assets\\/.\\/assets\\/adaptive-icon.png\"}},\"web\":{\"favicon\":\".\\/assets\\/favicon.png\"},\"extra\":{\"eas\":{\"projectId\":\"6a215b91-eeea-4f6f-81e3-4f39e16d39ca\"}},\"_internal\":{\"isDebug\":false,\"projectRoot\":\"C:\\\\Users\\\\keyow\\\\BRKR-NEW\",\"dynamicConfigPath\":null,\"staticConfigPath\":\"C:\\\\Users\\\\keyow\\\\BRKR-NEW\\\\app.json\",\"packageJsonPath\":\"C:\\\\Users\\\\keyow\\\\BRKR-NEW\\\\package.json\"},\"sdkVersion\":\"52.0.0\",\"platforms\":[\"ios\",\"android\",\"web\"],\"iconUrl\":\"http:\\/\\/192.168.1.13:8081\\/assets\\/.\\/assets\\/images\\/brukericon.png\",\"hostUri\":\"192.168.1.13:8081\"},\"expoGo\":{\"debuggerHost\":\"192.168.1.13:8081\",\"developer\":{\"tool\":\"expo-cli\",\"projectRoot\":\"C:\\\\Users\\\\keyow\\\\BRKR-NEW\"},\"packagerOpts\":{\"dev\":true},\"mainModuleName\":\"index\",\"__flipperHack\":\"React Native packager is running\"},\"scopeKey\":\"@khyunsu\\/BRKR-NEW\"},\"isVerified\":true}"}},"fabric":true}
03-31 15:28:48.363 32631 32631 E unknown:NativeAnimatedNodesManager: 	at com.facebook.react.animated.NativeAnimatedNodesManager.runUpdates(SourceFile:73)
03-31 15:28:48.363 32631 32631 E unknown:NativeAnimatedNodesManager: 	at com.facebook.react.animated.NativeAnimatedNodesManager.runUpdates(SourceFile:73)
03-31 15:28:48.365 32631 32631 E unknown:NativeAnimatedNodesManager: 	at com.facebook.react.animated.NativeAnimatedNodesManager.runUpdates(SourceFile:73)
03-31 15:29:00.825  1286  1286 I AndroidIME: AbstractIme.onActivate():86 LatinIme.onActivate() : EditorInfo = inputType=Text imeActionName=DONE dump=[inputType=0x4001 imeOptions=0xc000006 privateImeOptions=null actionLabel=null actionId=0 initialSelStart=0 initialSelEnd=0 initialCapsMode=0x2000 hintText= ( ) label=null packageName=host.exp.exponent autofillId=1073741828 fieldId=890 fieldName=null extras=Bundle[{android.support.text.emoji.emojiCompat_metadataVersion=8, android.support.text.emoji.emojiCompat_replaceAll=false}] hintLocales=null contentMimeTypes=null ], IncognitoMode = false, DeviceLocked = false
03-31 15:29:07.685  1286  1286 I AndroidIME: AbstractIme.onActivate():86 LatinIme.onActivate() : EditorInfo = inputType=Text imeActionName=DONE dump=[inputType=0x4001 imeOptions=0xc000006 privateImeOptions=null actionLabel=null actionId=0 initialSelStart=0 initialSelEnd=0 initialCapsMode=0x2000 hintText= ( ) label=null packageName=host.exp.exponent autofillId=1073741836 fieldId=1784 fieldName=null extras=Bundle[{android.support.text.emoji.emojiCompat_metadataVersion=8, android.support.text.emoji.emojiCompat_replaceAll=false}] hintLocales=null contentMimeTypes=null ], IncognitoMode = false, DeviceLocked = false
03-31 15:29:32.833   547  2100 W InputManager-JNI: Input channel object '2e6242c host.exp.exponent/host.exp.exponent.experience.ExperienceActivity (client)' was disposed without first being removed with the input manager!
03-31 15:29:40.817   547  2100 W InputManager-JNI: Input channel object 'c044a63 host.exp.exponent/host.exp.exponent.experience.ExperienceActivity (client)' was disposed without first being removed with the input manager!
03-31 15:29:46.633   547   630 W InputManager-JNI: Input channel object '6bb0a7b host.exp.exponent/host.exp.exponent.experience.ExperienceActivity (client)' was disposed without first being removed with the input manager!
03-31 15:29:52.486  1286  1286 I AndroidIME: AbstractIme.onActivate():86 LatinIme.onActivate() : EditorInfo = inputType=Text imeActionName=DONE dump=[inputType=0x4001 imeOptions=0xc000006 privateImeOptions=null actionLabel=null actionId=0 initialSelStart=0 initialSelEnd=0 initialCapsMode=0x2000 hintText= ( ) label=null packageName=host.exp.exponent autofillId=1073741869 fieldId=4026 fieldName=null extras=Bundle[{android.support.text.emoji.emojiCompat_metadataVersion=8, android.support.text.emoji.emojiCompat_replaceAll=false}] hintLocales=null contentMimeTypes=null ], IncognitoMode = false, DeviceLocked = false
03-31 15:35:56.383   547   586 W InputManager-JNI: Input channel object 'c643e08 host.exp.exponent/host.exp.exponent.experience.ExperienceActivity (client)' was disposed without first being removed with the input manager!
03-31 15:36:00.603  1286  1286 I AndroidIME: AbstractIme.onActivate():86 LatinIme.onActivate() : EditorInfo = inputType=Text imeActionName=DONE dump=[inputType=0x4001 imeOptions=0xc000006 privateImeOptions=null actionLabel=null actionId=0 initialSelStart=0 initialSelEnd=0 initialCapsMode=0x2000 hintText= ( ) label=null packageName=host.exp.exponent autofillId=1073741888 fieldId=6156 fieldName=null extras=Bundle[{android.support.text.emoji.emojiCompat_metadataVersion=8, android.support.text.emoji.emojiCompat_replaceAll=false}] hintLocales=null contentMimeTypes=null ], IncognitoMode = false, DeviceLocked = false
03-31 15:36:15.169   547  1621 W InputManager-JNI: Input channel object '41c257 host.exp.exponent/host.exp.exponent.experience.ExperienceActivity (client)' was disposed without first being removed with the input manager!
03-31 15:36:21.085   547  4095 W InputManager-JNI: Input channel object '4b5732 host.exp.exponent/host.exp.exponent.experience.ExperienceActivity (client)' was disposed without first being removed with the input manager!
03-31 15:36:23.983 32631 32631 E unknown:NativeAnimatedNodesManager: 	at com.facebook.react.animated.NativeAnimatedNodesManager.runUpdates(SourceFile:73)
03-31 15:36:23.983 32631 32631 E unknown:NativeAnimatedNodesManager: 	at com.facebook.react.animated.NativeAnimatedNodesManager.runUpdates(SourceFile:73)
03-31 15:36:24.903  1286  1286 I AndroidIME: AbstractIme.onActivate():86 LatinIme.onActivate() : EditorInfo = inputType=Text imeActionName=DONE dump=[inputType=0x4001 imeOptions=0xc000006 privateImeOptions=null actionLabel=null actionId=0 initialSelStart=0 initialSelEnd=0 initialCapsMode=0x2000 hintText= ( ) label=null packageName=host.exp.exponent autofillId=1073741908 fieldId=7778 fieldName=null extras=Bundle[{android.support.text.emoji.emojiCompat_metadataVersion=8, android.support.text.emoji.emojiCompat_replaceAll=false}] hintLocales=null contentMimeTypes=null ], IncognitoMode = false, DeviceLocked = false
03-31 15:36:34.327  1286  1286 I AndroidIME: AbstractIme.onActivate():86 LatinIme.onActivate() : EditorInfo = inputType=Text imeActionName=DONE dump=[inputType=0x4001 imeOptions=0x6 privateImeOptions=null actionLabel=null actionId=0 initialSelStart=7 initialSelEnd=7 initialCapsMode=0x0 hintText=: 2025-03 label=null packageName=host.exp.exponent autofillId=1073741912 fieldId=8672 fieldName=null extras=Bundle[{android.support.text.emoji.emojiCompat_metadataVersion=8, android.support.text.emoji.emojiCompat_replaceAll=false}] hintLocales=null contentMimeTypes=null ], IncognitoMode = false, DeviceLocked = false
03-31 15:37:53.482 32631 32631 E unknown:NativeAnimatedNodesManager: 	at com.facebook.react.animated.NativeAnimatedNodesManager.runUpdates(SourceFile:73)
03-31 15:37:53.482 32631 32631 E unknown:NativeAnimatedNodesManager: 	at com.facebook.react.animated.NativeAnimatedNodesManager.runUpdates(SourceFile:73)
03-31 15:37:55.180  1286  1286 I AndroidIME: AbstractIme.onActivate():86 LatinIme.onActivate() : EditorInfo = inputType=Text imeActionName=DONE dump=[inputType=0x4001 imeOptions=0x6 privateImeOptions=null actionLabel=null actionId=0 initialSelStart=7 initialSelEnd=7 initialCapsMode=0x0 hintText=: 2025-03 label=null packageName=host.exp.exponent autofillId=1073741913 fieldId=8792 fieldName=null extras=Bundle[{android.support.text.emoji.emojiCompat_metadataVersion=8, android.support.text.emoji.emojiCompat_replaceAll=false}] hintLocales=null contentMimeTypes=null ], IncognitoMode = false, DeviceLocked = false
03-31 15:37:55.424  1286  2022 I PersonalLanguageModelUpdater: PersonalLanguageModelUpdater$UpdateOperation.performInternal():162 run() : Added 0 words and 0 shortcuts
03-31 15:37:55.469  3476   627 I NetworkScheduler.Stats: Task com.google.android.gms/com.google.android.gms.icing.proxy.IcingInternalCorporaUpdateService started execution. cause:9 exec_start_elapsed_seconds: 146990 [CONTEXT service_id=218 ]
03-31 15:37:55.486  3476   661 I NetworkScheduler.Stats: Task com.google.android.gms/com.google.android.gms.icing.proxy.IcingInternalCorporaUpdateService finished executing. cause:9 result: 1 elapsed_millis: 22 uptime_millis: 22 exec_start_elapsed_seconds: 146990 [CONTEXT service_id=218 ]
03-31 15:39:55.235   547  1042 I MediaFocusControl: abandonAudioFocus() from uid/pid 10145/32631 clientId=android.media.AudioManager@6b743eexpo.modules.av.AVManager@7745192
03-31 15:39:55.243 27757 27802 D PeopleSpaceWidgetMgr: Sbn doesn't contain valid PeopleTileKey: null/0/host.exp.exponent
03-31 15:39:55.321  1286  2022 I PersonalLanguageModelUpdater: PersonalLanguageModelUpdater$UpdateOperation.performInternal():162 run() : Added 0 words and 0 shortcuts
03-31 15:39:55.327   547  4147 W InputManager-JNI: Input channel object '39d6840 host.exp.exponent/host.exp.exponent.experience.HomeActivity (client)' was disposed without first being removed with the input manager!
03-31 15:39:55.327   547   592 I ActivityManager: Killing 32631:host.exp.exponent/u0a145 (adj 915): remove task
03-31 15:39:55.365   547  1854 I WindowManager: WIN DEATH: Window{39457d0 u0 host.exp.exponent/host.exp.exponent.experience.ExperienceActivity}
03-31 15:39:55.365   547  1854 W InputManager-JNI: Input channel object '39457d0 host.exp.exponent/host.exp.exponent.experience.ExperienceActivity (client)' was disposed without first being removed with the input manager!
03-31 15:39:55.366   547   687 D ConnectivityService: releasing NetworkRequest [ REQUEST id=1011, [ Capabilities: INTERNET&NOT_RESTRICTED&TRUSTED&NOT_VCN_MANAGED Uid: 10145 RequestorUid: 10145 RequestorPkg: host.exp.exponent] ] (release request)
03-31 15:39:55.368   547   687 D ConnectivityService: releasing NetworkRequest [ REQUEST id=1013, [ Capabilities: INTERNET&NOT_RESTRICTED&TRUSTED&NOT_VCN_MANAGED Uid: 10145 RequestorUid: 10145 RequestorPkg: host.exp.exponent] ] (release request)
03-31 15:39:55.373   547   599 W UsageStatsService: Unexpected activity event reported! (host.exp.exponent/host.exp.exponent.experience.ExperienceActivity event : 23 instanceId : 90910445)
03-31 15:39:55.374   547   599 W UsageStatsService: Unexpected activity event reported! (host.exp.exponent/host.exp.exponent.experience.HomeActivity event : 23 instanceId : 212705283)
03-31 15:40:06.029   798   798 W Monkey  : args: [-p, host.exp.exponent, -c, android.intent.category.LAUNCHER, 1]
03-31 15:40:06.030   798   798 W Monkey  :  arg: "host.exp.exponent"
03-31 15:40:06.031   798   798 W Monkey  : data="host.exp.exponent"
03-31 15:40:06.042   547  1042 I ActivityTaskManager: START u0 {act=android.intent.action.MAIN cat=[android.intent.category.LAUNCHER] flg=0x10200000 cmp=host.exp.exponent/.experience.HomeActivity} from uid 2000
03-31 15:40:06.045 27757 27798 D StartingSurfaceDrawer: addSplashScreen host.exp.exponent theme=7f1402b0 task=264 suggestType=3
03-31 15:40:06.054   547   601 I ActivityManager: Start proc 818:host.exp.exponent/u0a145 for pre-top-activity {host.exp.exponent/host.exp.exponent.experience.HomeActivity}
03-31 15:40:06.058   818   818 W st.exp.exponen: Unexpected CPU variant for X86 using defaults: x86_64
03-31 15:40:06.082   818   818 V GraphicsEnvironment: ANGLE Developer option for 'host.exp.exponent' set to: 'default'
03-31 15:40:06.100   818   818 I FirebaseCrashlytics: Initializing Firebase Crashlytics 19.3.0 for host.exp.exponent
03-31 15:40:06.128   547  1042 I ActivityTaskManager: START u0 {act=android.intent.action.VIEW dat=exp://192.168.1.13:8081 flg=0x10000000 cmp=host.exp.exponent/.LauncherActivity} from uid 2000
03-31 15:40:06.196   818   883 W st.exp.exponen: ClassLoaderContext type mismatch. expected=PCL, found=DLC (PCL[] | DLC[];PCL[/data/app/~~yBLaMhoAIk1lfVzt4-Piow==/host.exp.exponent-PlTCxlG9lS5BYdrdvyVLMw==/base.apk*3910980249:/data/app/~~yBLaMhoAIk1lfVzt4-Piow==/host.exp.exponent-PlTCxlG9lS5BYdrdvyVLMw==/base.apk!classes2.dex*2661996871:/data/app/~~yBLaMhoAIk1lfVzt4-Piow==/host.exp.exponent-PlTCxlG9lS5BYdrdvyVLMw==/base.apk!classes3.dex*3068118765:/data/app/~~yBLaMhoAIk1lfVzt4-Piow==/host.exp.exponent-PlTCxlG9lS5BYdrdvyVLMw==/base.apk!classes4.dex*1140009710:/data/app/~~yBLaMhoAIk1lfVzt4-Piow==/host.exp.exponent-PlTCxlG9lS5BYdrdvyVLMw==/base.apk!classes5.dex*1267580171]{PCL[/system/framework/org.apache.http.legacy.jar*2058259660]})
03-31 15:40:06.209   818   818 W SoLoader: Recording new base apk path: /data/app/~~yBLaMhoAIk1lfVzt4-Piow==/host.exp.exponent-PlTCxlG9lS5BYdrdvyVLMw==/base.apk
03-31 15:40:06.210   818   818 I SoLoader: Preparing SO source: DirectApkSoSource[root = [/data/app/~~yBLaMhoAIk1lfVzt4-Piow==/host.exp.exponent-PlTCxlG9lS5BYdrdvyVLMw==/base.apk!/lib/x86_64]]
03-31 15:40:06.215   818   818 I SoLoader: Preparing SO source: ApplicationSoSource[DirectorySoSource[root = /data/app/~~yBLaMhoAIk1lfVzt4-Piow==/host.exp.exponent-PlTCxlG9lS5BYdrdvyVLMw==/lib/x86_64 flags = 0]]
03-31 15:40:06.229   818   920 I FA      :   adb shell setprop debug.firebase.analytics.app host.exp.exponent
03-31 15:40:06.385   547   589 I ActivityTaskManager: Displayed host.exp.exponent/.experience.HomeActivity: +336ms
03-31 15:40:06.411   818   818 W dev.expo.updates: {"timestamp":1743435606411,"message":"The expo-updates system is disabled due to an invalid configuration. Ensure a valid URL is supplied.","code":"InitializationError","level":"warn"}
03-31 15:40:06.429   547   889 I ActivityTaskManager: START u0 {flg=0xc080000 cmp=host.exp.exponent/.experience.ExperienceActivity (has extras)} from uid 10145
03-31 15:40:06.447 27757 27798 D StartingSurfaceDrawer: addSplashScreen host.exp.exponent theme=7f1402b1 task=265 suggestType=3
03-31 15:40:06.606   547   672 D ConnectivityService: requestNetwork for uid/pid:10145/818 activeRequest: null callbackRequest: 1015 [NetworkRequest [ REQUEST id=1016, [ Capabilities: INTERNET&NOT_RESTRICTED&TRUSTED&NOT_VCN_MANAGED Uid: 10145 RequestorUid: 10145 RequestorPkg: host.exp.exponent] ]] callback flags: 0 priority: 2147483647
03-31 15:40:06.615   547   680 D WifiNetworkFactory: got request NetworkRequest [ REQUEST id=1016, [ Capabilities: INTERNET&NOT_RESTRICTED&TRUSTED&NOT_VCN_MANAGED Uid: 10145 RequestorUid: 10145 RequestorPkg: host.exp.exponent] ]
03-31 15:40:06.615   547   680 D UntrustedWifiNetworkFactory: got request NetworkRequest [ REQUEST id=1016, [ Capabilities: INTERNET&NOT_RESTRICTED&TRUSTED&NOT_VCN_MANAGED Uid: 10145 RequestorUid: 10145 RequestorPkg: host.exp.exponent] ]
03-31 15:40:06.616   547   680 D OemPaidWifiNetworkFactory: got request NetworkRequest [ REQUEST id=1016, [ Capabilities: INTERNET&NOT_RESTRICTED&TRUSTED&NOT_VCN_MANAGED Uid: 10145 RequestorUid: 10145 RequestorPkg: host.exp.exponent] ]
03-31 15:40:06.618   818   946 W unknown:ViewManagerPropertyUpdater: Could not find generated setter for class com.horcrux.svg.RenderableViewManager$FeMergeManager
03-31 15:40:06.621   818   946 W unknown:ViewManagerPropertyUpdater: Could not find generated setter for class com.horcrux.svg.VirtualViewManager$d
03-31 15:40:06.622   818   946 W unknown:ViewManagerPropertyUpdater: Could not find generated setter for class com.horcrux.svg.RenderableViewManager$LinearGradientManager
03-31 15:40:06.623   818   946 W unknown:ViewManagerPropertyUpdater: Could not find generated setter for class com.swmansion.rnscreens.ScreenContainerViewManager
03-31 15:40:06.623   818   946 W unknown:ViewManagerPropertyUpdater: Could not find generated setter for class com.facebook.react.uimanager.LayoutShadowNode
03-31 15:40:06.624   818   946 W unknown:ViewManagerPropertyUpdater: Could not find generated setter for class com.rnmaps.maps.MapCircleManager
03-31 15:40:06.624   818   946 W unknown:ViewManagerPropertyUpdater: Could not find generated setter for class com.horcrux.svg.RenderableViewManager$FeColorMatrixManager
03-31 15:40:06.624   818   946 W unknown:ViewManagerPropertyUpdater: Could not find generated setter for class com.horcrux.svg.RenderableViewManager$SymbolManager
03-31 15:40:06.625   818   946 W unknown:ViewManagerPropertyUpdater: Could not find generated setter for class com.horcrux.svg.RenderableViewManager$PatternManager
03-31 15:40:06.625   818   946 W unknown:ViewManagerPropertyUpdater: Could not find generated setter for class com.th3rdwave.safeareacontext.SafeAreaViewManager
03-31 15:40:06.627   818   946 W unknown:ViewManagerPropertyUpdater: Could not find generated setter for class com.th3rdwave.safeareacontext.p
03-31 15:40:06.627   818   946 W unknown:ViewManagerPropertyUpdater: Could not find generated setter for class com.horcrux.svg.SvgViewManager
03-31 15:40:06.627   818   946 W unknown:ViewManagerPropertyUpdater: Could not find generated setter for class com.swmansion.rnscreens.ScreenViewManager
03-31 15:40:06.628   818   946 W unknown:ViewManagerPropertyUpdater: Could not find generated setter for class com.shopify.reactnative.flash_list.AutoLayoutViewManager
03-31 15:40:06.628   818   946 W unknown:ViewManagerPropertyUpdater: Could not find generated setter for class expo.modules.kotlin.views.GroupViewManagerWrapper
03-31 15:40:06.630   818   946 W unknown:ViewManagerPropertyUpdater: Could not find generated setter for class com.horcrux.svg.RenderableViewManager$UseViewManager
03-31 15:40:06.630   818   946 W unknown:ViewManagerPropertyUpdater: Could not find generated setter for class com.horcrux.svg.RenderableViewManager$TSpanViewManager
03-31 15:40:06.631   818   946 W unknown:ViewManagerPropertyUpdater: Could not find generated setter for class com.horcrux.svg.RenderableViewManager$FilterManager
03-31 15:40:06.631   818   946 W unknown:ViewManagerPropertyUpdater: Could not find generated setter for class com.horcrux.svg.RenderableViewManager$MarkerManager
03-31 15:40:06.632   818   946 W unknown:ViewManagerPropertyUpdater: Could not find generated setter for class com.swmansion.rnscreens.SearchBarManager
03-31 15:40:06.633   818   946 W unknown:ViewManagerPropertyUpdater: Could not find generated setter for class com.th3rdwave.safeareacontext.SafeAreaProviderManager
03-31 15:40:06.633   818   946 W unknown:ViewManagerPropertyUpdater: Could not find generated setter for class com.rnmaps.maps.MapGradientPolylineManager
03-31 15:40:06.634   818   946 W unknown:ViewManagerPropertyUpdater: Could not find generated setter for class com.swmansion.gesturehandler.react.RNGestureHandlerButtonViewManager
03-31 15:40:06.635   818   946 W unknown:ViewManagerPropertyUpdater: Could not find generated setter for class com.shopify.reactnative.skia.SkiaDomViewManager
03-31 15:40:06.635   818   946 W unknown:ViewManagerPropertyUpdater: Could not find generated setter for class com.horcrux.svg.RenderableViewManager$ForeignObjectManager
03-31 15:40:06.635   818   946 W unknown:ViewManagerPropertyUpdater: Could not find generated setter for class com.horcrux.svg.RenderableViewManager$GroupViewManager
03-31 15:40:06.636   818   946 W unknown:ViewManagerPropertyUpdater: Could not find generated setter for class com.horcrux.svg.RenderableViewManager$TextViewManager
03-31 15:40:06.636   818   946 W unknown:ViewManagerPropertyUpdater: Could not find generated setter for class com.horcrux.svg.RenderableViewManager$ImageViewManager
03-31 15:40:06.636   818   946 W unknown:ViewManagerPropertyUpdater: Could not find generated setter for class com.horcrux.svg.RenderableViewManager$RadialGradientManager
03-31 15:40:06.637   818   946 W unknown:ViewManagerPropertyUpdater: Could not find generated setter for class com.swmansion.rnscreens.ScreenStackHeaderConfigViewManager
03-31 15:40:06.637   818   946 W unknown:ViewManagerPropertyUpdater: Could not find generated setter for class com.reactnativestripesdk.GooglePayButtonManager
03-31 15:40:06.637   818   946 W unknown:ViewManagerPropertyUpdater: Could not find generated setter for class com.horcrux.svg.RenderableViewManager$FeOffsetManager
03-31 15:40:06.638   818   946 W unknown:ViewManagerPropertyUpdater: Could not find generated setter for class com.rnmaps.maps.MapPolygonManager
03-31 15:40:06.638   818   946 W unknown:ViewManagerPropertyUpdater: Could not find generated setter for class com.horcrux.svg.RenderableViewManager$PathViewManager
03-31 15:40:06.638   818   946 W unknown:ViewManagerPropertyUpdater: Could not find generated setter for class com.swmansion.rnscreens.ScreenStackHeaderSubviewManager
03-31 15:40:06.639   818   946 W unknown:ViewManagerPropertyUpdater: Could not find generated setter for class com.reactnativecommunity.picker.ReactDialogPickerManager
03-31 15:40:06.639   818   946 W unknown:ViewManagerPropertyUpdater: Could not find generated setter for class com.reactnativecommunity.picker.k
03-31 15:40:06.639   818   946 W unknown:ViewManagerPropertyUpdater: Could not find generated setter for class com.reactnativestripesdk.pushprovisioning.AddToWalletButtonManager
03-31 15:40:06.640   818   946 W unknown:ViewManagerPropertyUpdater: Could not find generated setter for class com.horcrux.svg.RenderableViewManager$DefsViewManager
03-31 15:40:06.640   818   946 W unknown:ViewManagerPropertyUpdater: Could not find generated setter for class com.rnmaps.maps.MapUrlTileManager
03-31 15:40:06.640   818   946 W unknown:ViewManagerPropertyUpdater: Could not find generated setter for class com.swmansion.rnscreens.ScreenFooterManager
03-31 15:40:06.640   818   946 W unknown:ViewManagerPropertyUpdater: Could not find generated setter for class com.reactnativestripesdk.CardFormViewManager
03-31 15:40:06.641   818   946 W unknown:ViewManagerPropertyUpdater: Could not find generated setter for class com.rnmaps.maps.MapManager
03-31 15:40:06.641   818   946 W unknown:ViewManagerPropertyUpdater: Could not find generated setter for class com.horcrux.svg.RenderableViewManager$FeGaussianBlurManager
03-31 15:40:06.641   818   946 W unknown:ViewManagerPropertyUpdater: Could not find generated setter for class com.reactnativecommunity.slider.ReactSliderManager
03-31 15:40:06.642   818   946 W unknown:ViewManagerPropertyUpdater: Could not find generated setter for class com.rnmaps.maps.MapMarkerManager
03-31 15:40:06.642   818   946 W unknown:ViewManagerPropertyUpdater: Could not find generated setter for class com.rnmaps.maps.MapLocalTileManager
03-31 15:40:06.643   818   946 W unknown:ViewManagerPropertyUpdater: Could not find generated setter for class com.reactnativestripesdk.StripeContainerManager
03-31 15:40:06.643   818   946 W unknown:ViewManagerPropertyUpdater: Could not find generated setter for class com.swmansion.rnscreens.ModalScreenViewManager
03-31 15:40:06.643   818   946 W unknown:ViewManagerPropertyUpdater: Could not find generated setter for class com.rnmaps.maps.MapPolylineManager
03-31 15:40:06.643   818   946 W unknown:ViewManagerPropertyUpdater: Could not find generated setter for class com.horcrux.svg.RenderableViewManager$ClipPathViewManager
03-31 15:40:06.644   818   946 W unknown:ViewManagerPropertyUpdater: Could not find generated setter for class com.horcrux.svg.RenderableViewManager$FeBlendManager
03-31 15:40:06.645   818   946 W unknown:ViewManagerPropertyUpdater: Could not find generated setter for class com.shopify.reactnative.flash_list.CellContainerManager
03-31 15:40:06.646   818   946 W unknown:ViewManagerPropertyUpdater: Could not find generated setter for class expo.modules.kotlin.views.SimpleViewManagerWrapper
03-31 15:40:06.646   818   946 W unknown:ViewManagerPropertyUpdater: Could not find generated setter for class com.reactnativepagerview.LEGACY_PagerViewViewManager
03-31 15:40:06.646   818   946 W unknown:ViewManagerPropertyUpdater: Could not find generated setter for class com.horcrux.svg.RenderableViewManager$CircleViewManager
03-31 15:40:06.647   818   946 W unknown:ViewManagerPropertyUpdater: Could not find generated setter for class com.swmansion.rnscreens.ScreenStackViewManager
03-31 15:40:06.647   818   946 W unknown:ViewManagerPropertyUpdater: Could not find generated setter for class com.reactnativestripesdk.CardFieldViewManager
03-31 15:40:06.647   818   946 W unknown:ViewManagerPropertyUpdater: Could not find generated setter for class com.rnmaps.maps.MapCalloutManager
03-31 15:40:06.648   818   946 W unknown:ViewManagerPropertyUpdater: Could not find generated setter for class com.airbnb.android.react.lottie.LottieAnimationViewManager
03-31 15:40:06.648   818   946 W unknown:ViewManagerPropertyUpdater: Could not find generated setter for class com.reactnativestripesdk.addresssheet.AddressSheetViewManager
03-31 15:40:06.648   818   946 W unknown:ViewManagerPropertyUpdater: Could not find generated setter for class com.horcrux.svg.RenderableViewManager$EllipseViewManager
03-31 15:40:06.649   818   946 W unknown:ViewManagerPropertyUpdater: Could not find generated setter for class com.rnmaps.maps.MapHeatmapManager
03-31 15:40:06.649   818   946 W unknown:ViewManagerPropertyUpdater: Could not find generated setter for class com.horcrux.svg.RenderableViewManager$LineViewManager
03-31 15:40:06.650   818   946 W unknown:ViewManagerPropertyUpdater: Could not find generated setter for class com.reactnativecommunity.webview.RNCWebViewManager
03-31 15:40:06.651   818   946 W unknown:ViewManagerPropertyUpdater: Could not find generated setter for class com.horcrux.svg.RenderableViewManager$FeFloodManager
03-31 15:40:06.651   818   946 W unknown:ViewManagerPropertyUpdater: Could not find generated setter for class com.shopify.reactnative.skia.SkiaPictureViewManager
03-31 15:40:06.652   818   946 W unknown:ViewManagerPropertyUpdater: Could not find generated setter for class com.rnmaps.maps.MapWMSTileManager
03-31 15:40:06.652   818   946 W unknown:ViewManagerPropertyUpdater: Could not find generated setter for class org.reactnative.maskedview.RNCMaskedViewManager
03-31 15:40:06.652   818   946 W unknown:ViewManagerPropertyUpdater: Could not find generated setter for class com.horcrux.svg.RenderableViewManager$MaskManager
03-31 15:40:06.652   818   946 W unknown:ViewManagerPropertyUpdater: Could not find generated setter for class com.swmansion.rnscreens.ScreenContentWrapperManager
03-31 15:40:06.653   818   946 W unknown:ViewManagerPropertyUpdater: Could not find generated setter for class com.horcrux.svg.RenderableViewManager$RectViewManager
03-31 15:40:06.653   818   946 W unknown:ViewManagerPropertyUpdater: Could not find generated setter for class com.horcrux.svg.RenderableViewManager$TextPathViewManager
03-31 15:40:06.654   818   946 W unknown:ViewManagerPropertyUpdater: Could not find generated setter for class com.reactnativepagerview.PagerViewViewManager
03-31 15:40:06.655   818   946 W unknown:ViewManagerPropertyUpdater: Could not find generated setter for class com.reactnativestripesdk.AuBECSDebitFormViewManager
03-31 15:40:06.655   818   946 W unknown:ViewManagerPropertyUpdater: Could not find generated setter for class com.rnmaps.maps.MapOverlayManager
03-31 15:40:06.655   818   946 W unknown:ViewManagerPropertyUpdater: Could not find generated setter for class com.swmansion.gesturehandler.react.RNGestureHandlerRootViewManager
03-31 15:40:06.655   818   946 W unknown:ViewManagerPropertyUpdater: Could not find generated setter for class com.reactnativecommunity.picker.ReactDropdownPickerManager
03-31 15:40:06.660   547   589 I ActivityTaskManager: Displayed host.exp.exponent/.experience.ExperienceActivity: +540ms
03-31 15:40:06.692   818   946 W unknown:ViewManagerPropertyUpdater: Could not find generated setter for class com.facebook.react.views.safeareaview.ReactSafeAreaViewManager
03-31 15:40:06.692   818   946 W unknown:ViewManagerPropertyUpdater: Could not find generated setter for class com.facebook.react.views.safeareaview.ReactSafeAreaViewShadowNode
03-31 15:40:06.693   818   946 W unknown:ViewManagerPropertyUpdater: Could not find generated setter for class com.facebook.react.views.modal.ReactModalHostManager
03-31 15:40:06.694   818   946 W unknown:ViewManagerPropertyUpdater: Could not find generated setter for class com.facebook.react.views.text.frescosupport.FrescoBasedReactTextInlineImageViewManager
03-31 15:40:06.694   818   946 W unknown:ViewManagerPropertyUpdater: Could not find generated setter for class com.facebook.react.views.text.frescosupport.FrescoBasedReactTextInlineImageShadowNode
03-31 15:40:06.695   818   946 W unknown:ViewManagerPropertyUpdater: Could not find generated setter for class com.facebook.react.views.progressbar.ReactProgressBarViewManager
03-31 15:40:06.695   818   946 W unknown:ViewManagerPropertyUpdater: Could not find generated setter for class com.facebook.react.views.progressbar.ProgressBarShadowNode
03-31 15:40:06.696   818   946 W unknown:ViewManagerPropertyUpdater: Could not find generated setter for class com.facebook.react.views.scroll.ReactHorizontalScrollViewManager
03-31 15:40:06.698   818   946 W unknown:ViewManagerPropertyUpdater: Could not find generated setter for class com.facebook.react.views.image.ReactImageManager
03-31 15:40:06.699   818   946 W unknown:ViewManagerPropertyUpdater: Could not find generated setter for class com.facebook.react.views.text.ReactTextViewManager
03-31 15:40:06.700   818   946 W unknown:ViewManagerPropertyUpdater: Could not find generated setter for class com.facebook.react.views.text.ReactTextShadowNode
03-31 15:40:06.701   818   946 W unknown:ViewManagerPropertyUpdater: Could not find generated setter for class com.facebook.react.views.scroll.ReactHorizontalScrollContainerViewManager
03-31 15:40:06.701   818   946 W unknown:ViewManagerPropertyUpdater: Could not find generated setter for class com.facebook.react.views.unimplementedview.ReactUnimplementedViewManager
03-31 15:40:06.702   818   946 W unknown:ViewManagerPropertyUpdater: Could not find generated setter for class com.facebook.react.views.scroll.ReactScrollViewManager
03-31 15:40:06.703   818   946 W unknown:ViewManagerPropertyUpdater: Could not find generated setter for class com.facebook.react.views.view.ReactViewManager
03-31 15:40:06.704   818   946 W unknown:ViewManagerPropertyUpdater: Could not find generated setter for class com.facebook.react.views.drawer.ReactDrawerLayoutManager
03-31 15:40:06.705   818   946 W unknown:ViewManagerPropertyUpdater: Could not find generated setter for class com.facebook.react.views.switchview.ReactSwitchManager
03-31 15:40:06.705   818   946 W unknown:ViewManagerPropertyUpdater: Could not find generated setter for class com.facebook.react.views.switchview.ReactSwitchManager$ReactSwitchShadowNode
03-31 15:40:06.706   818   946 W unknown:ViewManagerPropertyUpdater: Could not find generated setter for class com.facebook.react.views.text.ReactVirtualTextViewManager
03-31 15:40:06.706   818   946 W unknown:ViewManagerPropertyUpdater: Could not find generated setter for class com.facebook.react.views.text.ReactVirtualTextShadowNode
03-31 15:40:06.706   818   946 W unknown:ViewManagerPropertyUpdater: Could not find generated setter for class com.facebook.react.views.swiperefresh.SwipeRefreshLayoutManager
03-31 15:40:06.707   818   946 W unknown:ViewManagerPropertyUpdater: Could not find generated setter for class com.facebook.react.views.text.ReactRawTextManager
03-31 15:40:06.708   818   946 W unknown:ViewManagerPropertyUpdater: Could not find generated setter for class com.facebook.react.views.text.ReactRawTextShadowNode
03-31 15:40:06.708   818   946 W unknown:ViewManagerPropertyUpdater: Could not find generated setter for class com.facebook.react.views.textinput.ReactTextInputManager
03-31 15:40:06.709   818   946 W unknown:ViewManagerPropertyUpdater: Could not find