03-30 09:25:47.551   547  5757 I ActivityTaskManager: START u0 {act=android.intent.action.VIEW dat=exp://192.168.1.13:8081 flg=0x10000000 cmp=host.exp.exponent/.LauncherActivity} from uid 2000
03-30 09:25:47.869   547  5757 I ActivityTaskManager: START u0 {flg=0xc080000 cmp=host.exp.exponent/.experience.ExperienceActivity (has extras)} from uid 10145
03-30 09:25:47.881  5810  5869 D StartingSurfaceDrawer: addSplashScreen host.exp.exponent theme=7f1402b1 task=157 suggestType=3
03-30 09:25:48.172   547  5757 I ActivityTaskManager: Activity reported stop, but no longer stopping: ActivityRecord{17f670d u0 host.exp.exponent/.LauncherActivity t156 f} isExiting} DESTROYED
03-30 09:32:46.570   547   592 I ActivityManager: Killing 11620:host.exp.exponent/u0a145 (adj 915): remove task
03-30 09:32:46.598   547   672 I WindowManager: WIN DEATH: Window{f0385d7 u0 host.exp.exponent/host.exp.exponent.experience.ExperienceActivity}
03-30 09:32:46.630   547   599 W UsageStatsService: Unexpected activity event reported! (host.exp.exponent/host.exp.exponent.experience.ExperienceActivity event : 23 instanceId : 255933344)
03-30 09:32:46.630   547   599 W UsageStatsService: Unexpected activity event reported! (host.exp.exponent/host.exp.exponent.experience.HomeActivity event : 23 instanceId : 206954414)
03-30 09:32:57.092   547  2100 I ActivityTaskManager: START u0 {act=android.intent.action.MAIN cat=[android.intent.category.LAUNCHER] flg=0x10200000 cmp=host.exp.exponent/.experience.HomeActivity} from uid 2000
03-30 09:32:57.094  5810  5869 D StartingSurfaceDrawer: addSplashScreen host.exp.exponent theme=7f1402b0 task=158 suggestType=3
03-30 09:32:57.101   547   601 I ActivityManager: Start proc 11890:host.exp.exponent/u0a145 for pre-top-activity {host.exp.exponent/host.exp.exponent.experience.HomeActivity}
03-30 09:32:57.186   547  2100 I ActivityTaskManager: START u0 {act=android.intent.action.VIEW dat=exp://192.168.1.13:8081 flg=0x10000000 cmp=host.exp.exponent/.LauncherActivity} from uid 2000
03-30 09:32:57.496   547   672 I ActivityTaskManager: START u0 {flg=0xc080000 cmp=host.exp.exponent/.experience.ExperienceActivity (has extras)} from uid 10145
03-30 09:32:57.510  5810  5869 D StartingSurfaceDrawer: addSplashScreen host.exp.exponent theme=7f1402b1 task=159 suggestType=3
03-30 09:32:57.750   547   889 I ActivityTaskManager: Activity reported stop, but no longer stopping: ActivityRecord{6197b23 u0 host.exp.exponent/.LauncherActivity t158 f} isExiting} DESTROYED
03-30 09:36:24.401   547   592 I ActivityManager: Killing 11890:host.exp.exponent/u0a145 (adj 915): remove task
03-30 09:36:24.430   547  5092 I WindowManager: WIN DEATH: Window{8e2aa9d u0 host.exp.exponent/host.exp.exponent.experience.ExperienceActivity}
03-30 09:36:24.451   547   599 W UsageStatsService: Unexpected activity event reported! (host.exp.exponent/host.exp.exponent.experience.ExperienceActivity event : 23 instanceId : 122769503)
03-30 09:36:24.451   547   599 W UsageStatsService: Unexpected activity event reported! (host.exp.exponent/host.exp.exponent.experience.HomeActivity event : 23 instanceId : 265588110)
03-30 09:36:27.493   547  3422 I ActivityTaskManager: START u0 {act=android.intent.action.MAIN cat=[android.intent.category.LAUNCHER] flg=0x10200000 cmp=host.exp.exponent/.experience.HomeActivity} from uid 2000
03-30 09:36:27.495  5810  5869 D StartingSurfaceDrawer: addSplashScreen host.exp.exponent theme=7f1402b0 task=160 suggestType=3
03-30 09:36:27.501   547   601 I ActivityManager: Start proc 12144:host.exp.exponent/u0a145 for pre-top-activity {host.exp.exponent/host.exp.exponent.experience.HomeActivity}
03-30 09:36:27.614   547   672 I ActivityTaskManager: START u0 {act=android.intent.action.VIEW dat=exp://192.168.1.13:8081 flg=0x10000000 cmp=host.exp.exponent/.LauncherActivity} from uid 2000
03-30 09:36:28.117   547   592 W ActivityTaskManager: Activity top resumed state loss timeout for ActivityRecord{19110e6 u0 host.exp.exponent/.experience.HomeActivity t160}
03-30 09:36:28.117   547   592 W ActivityTaskManager: Activity pause timeout for ActivityRecord{19110e6 u0 host.exp.exponent/.experience.HomeActivity t160}
03-30 09:36:28.290   547   889 I ActivityTaskManager: START u0 {flg=0xc080000 cmp=host.exp.exponent/.experience.ExperienceActivity (has extras)} from uid 10145
03-30 09:36:28.298  5810  5869 D StartingSurfaceDrawer: addSplashScreen host.exp.exponent theme=7f1402b1 task=161 suggestType=3
03-30 09:36:28.590   547   672 I ActivityTaskManager: Activity reported stop, but no longer stopping: ActivityRecord{ae6f859 u0 host.exp.exponent/.LauncherActivity t160 f}} DESTROYING
03-30 09:54:53.304   547   592 I ActivityManager: Killing 12144:host.exp.exponent/u0a145 (adj 915): remove task
03-30 09:54:53.332   547   586 I WindowManager: WIN DEATH: Window{25b738c u0 host.exp.exponent/host.exp.exponent.experience.ExperienceActivity}
03-30 09:54:53.338   547   599 W UsageStatsService: Unexpected activity event reported! (host.exp.exponent/host.exp.exponent.experience.ExperienceActivity event : 23 instanceId : 218261165)
03-30 09:54:53.338   547   599 W UsageStatsService: Unexpected activity event reported! (host.exp.exponent/host.exp.exponent.experience.HomeActivity event : 23 instanceId : 134662696)
03-30 09:55:03.303   547   630 I ActivityTaskManager: START u0 {act=android.intent.action.MAIN cat=[android.intent.category.LAUNCHER] flg=0x10200000 cmp=host.exp.exponent/.experience.HomeActivity} from uid 2000
03-30 09:55:03.306  5810  5869 D StartingSurfaceDrawer: addSplashScreen host.exp.exponent theme=7f1402b0 task=162 suggestType=3
03-30 09:55:03.312   547   601 I ActivityManager: Start proc 12454:host.exp.exponent/u0a145 for pre-top-activity {host.exp.exponent/host.exp.exponent.experience.HomeActivity}
03-30 09:55:03.411   547  3422 I ActivityTaskManager: START u0 {act=android.intent.action.VIEW dat=exp://192.168.1.13:8081 flg=0x10000000 cmp=host.exp.exponent/.LauncherActivity} from uid 2000
03-30 09:55:03.712   547  2809 I ActivityTaskManager: START u0 {flg=0xc080000 cmp=host.exp.exponent/.experience.ExperienceActivity (has extras)} from uid 10145
03-30 09:55:03.727  5810  5869 D StartingSurfaceDrawer: addSplashScreen host.exp.exponent theme=7f1402b1 task=163 suggestType=3
03-30 10:12:46.485   547   599 W UsageStatsService: Unexpected activity event reported! (host.exp.exponent/host.exp.exponent.experience.ExperienceActivity event : 23 instanceId : 53274037)
03-30 10:12:47.479   547   592 I ActivityManager: Killing 12454:host.exp.exponent/u0a145 (adj 900): remove task
03-30 10:12:47.516   547   599 W UsageStatsService: Unexpected activity event reported! (host.exp.exponent/host.exp.exponent.experience.HomeActivity event : 23 instanceId : 94083017)
03-30 10:13:10.509   547   586 I ActivityTaskManager: START u0 {act=android.intent.action.MAIN cat=[android.intent.category.LAUNCHER] flg=0x10200000 cmp=host.exp.exponent/.experience.HomeActivity} from uid 2000
03-30 10:13:10.513  5810  5869 D StartingSurfaceDrawer: addSplashScreen host.exp.exponent theme=7f1402b0 task=164 suggestType=3
03-30 10:13:10.520   547   601 I ActivityManager: Start proc 12860:host.exp.exponent/u0a145 for pre-top-activity {host.exp.exponent/host.exp.exponent.experience.HomeActivity}
03-30 10:13:10.609   547  2809 I ActivityTaskManager: START u0 {act=android.intent.action.VIEW dat=exp://192.168.1.13:8081 flg=0x10000000 cmp=host.exp.exponent/.LauncherActivity} from uid 2000
03-30 10:13:10.927   547  2809 I ActivityTaskManager: START u0 {flg=0xc080000 cmp=host.exp.exponent/.experience.ExperienceActivity (has extras)} from uid 10145
03-30 10:13:10.943  5810  5869 D StartingSurfaceDrawer: addSplashScreen host.exp.exponent theme=7f1402b1 task=165 suggestType=3
03-30 10:13:11.132   547  4326 I ActivityTaskManager: Activity reported stop, but no longer stopping: ActivityRecord{7592c6a u0 host.exp.exponent/.LauncherActivity t164 f}} DESTROYING
03-30 10:17:03.023   547   592 I ActivityManager: Killing 12860:host.exp.exponent/u0a145 (adj 915): remove task
03-30 10:17:03.063   547  3422 I WindowManager: WIN DEATH: Window{ed1cc91 u0 host.exp.exponent/host.exp.exponent.experience.ExperienceActivity}
03-30 10:17:03.071   547   599 W UsageStatsService: Unexpected activity event reported! (host.exp.exponent/host.exp.exponent.experience.ExperienceActivity event : 23 instanceId : 67668147)
03-30 10:17:03.071   547   599 W UsageStatsService: Unexpected activity event reported! (host.exp.exponent/host.exp.exponent.experience.HomeActivity event : 23 instanceId : 181141763)
03-30 10:17:11.862   547  5092 I ActivityTaskManager: START u0 {act=android.intent.action.MAIN cat=[android.intent.category.LAUNCHER] flg=0x10200000 cmp=host.exp.exponent/.experience.HomeActivity} from uid 2000
03-30 10:17:11.864  5810  5869 D StartingSurfaceDrawer: addSplashScreen host.exp.exponent theme=7f1402b0 task=166 suggestType=3
03-30 10:17:11.872   547   601 I ActivityManager: Start proc 13116:host.exp.exponent/u0a145 for pre-top-activity {host.exp.exponent/host.exp.exponent.experience.HomeActivity}
03-30 10:17:11.956   547  4095 I ActivityTaskManager: START u0 {act=android.intent.action.VIEW dat=exp://192.168.1.13:8081 flg=0x10000000 cmp=host.exp.exponent/.LauncherActivity} from uid 2000
03-30 10:17:12.306   547   831 I ActivityTaskManager: START u0 {flg=0xc080000 cmp=host.exp.exponent/.experience.ExperienceActivity (has extras)} from uid 10145
03-30 10:17:12.319  5810  5869 D StartingSurfaceDrawer: addSplashScreen host.exp.exponent theme=7f1402b1 task=167 suggestType=3
03-30 10:17:12.598   547  4147 I ActivityTaskManager: Activity reported stop, but no longer stopping: ActivityRecord{2c2e2d3 u0 host.exp.exponent/.LauncherActivity t166 f} isExiting} DESTROYED
03-30 10:23:24.038   547   592 I ActivityManager: Killing 13116:host.exp.exponent/u0a145 (adj 915): remove task
03-30 10:23:24.070   547  4147 I WindowManager: WIN DEATH: Window{c051694 u0 host.exp.exponent/host.exp.exponent.experience.ExperienceActivity}
03-30 10:23:24.079   547   599 W UsageStatsService: Unexpected activity event reported! (host.exp.exponent/host.exp.exponent.experience.ExperienceActivity event : 23 instanceId : 146001274)
03-30 10:23:24.079   547   599 W UsageStatsService: Unexpected activity event reported! (host.exp.exponent/host.exp.exponent.experience.HomeActivity event : 23 instanceId : 85936625)
03-30 10:23:37.038   547   831 I ActivityTaskManager: START u0 {act=android.intent.action.MAIN cat=[android.intent.category.LAUNCHER] flg=0x10200000 cmp=host.exp.exponent/.experience.HomeActivity} from uid 2000
03-30 10:23:37.041  5810  5869 D StartingSurfaceDrawer: addSplashScreen host.exp.exponent theme=7f1402b0 task=168 suggestType=3
03-30 10:23:37.049   547   601 I ActivityManager: Start proc 13376:host.exp.exponent/u0a145 for pre-top-activity {host.exp.exponent/host.exp.exponent.experience.HomeActivity}
03-30 10:23:37.140   547  4147 I ActivityTaskManager: START u0 {act=android.intent.action.VIEW dat=exp://192.168.1.13:8081 flg=0x10000000 cmp=host.exp.exponent/.LauncherActivity} from uid 2000
03-30 10:23:37.434   547   831 I ActivityTaskManager: START u0 {flg=0xc080000 cmp=host.exp.exponent/.experience.ExperienceActivity (has extras)} from uid 10145
03-30 10:23:37.456  5810  5869 D StartingSurfaceDrawer: addSplashScreen host.exp.exponent theme=7f1402b1 task=169 suggestType=3
03-30 10:23:37.712   547  6014 I ActivityTaskManager: Activity reported stop, but no longer stopping: ActivityRecord{db27a54 u0 host.exp.exponent/.LauncherActivity t168 f} isExiting} DESTROYED
03-30 10:24:09.969   547   592 I ActivityManager: Killing 13376:host.exp.exponent/u0a145 (adj 915): remove task
03-30 10:24:10.001   547   831 I WindowManager: WIN DEATH: Window{7433374 u0 host.exp.exponent/host.exp.exponent.experience.ExperienceActivity}
03-30 10:24:10.003   547   587 I WindowManager: WIN DEATH: Window{73424fd u0 host.exp.exponent/host.exp.exponent.experience.ExperienceActivity EXITING}
03-30 10:24:10.009   547   599 W UsageStatsService: Unexpected activity event reported! (host.exp.exponent/host.exp.exponent.experience.ExperienceActivity event : 23 instanceId : 262305616)
03-30 10:24:10.010   547   599 W UsageStatsService: Unexpected activity event reported! (host.exp.exponent/host.exp.exponent.experience.HomeActivity event : 23 instanceId : 60918506)
03-30 10:24:14.636   547  2425 I ActivityTaskManager: START u0 {act=android.intent.action.MAIN cat=[android.intent.category.LAUNCHER] flg=0x10200000 cmp=host.exp.exponent/.experience.HomeActivity} from uid 2000
03-30 10:24:14.639  5810  5869 D StartingSurfaceDrawer: addSplashScreen host.exp.exponent theme=7f1402b0 task=170 suggestType=3
03-30 10:24:14.647   547   601 I ActivityManager: Start proc 13612:host.exp.exponent/u0a145 for pre-top-activity {host.exp.exponent/host.exp.exponent.experience.HomeActivity}
03-30 10:24:14.733   547  1963 I ActivityTaskManager: START u0 {act=android.intent.action.VIEW dat=exp://192.168.1.13:8081 flg=0x10000000 cmp=host.exp.exponent/.LauncherActivity} from uid 2000
03-30 10:24:15.032   547  2425 I ActivityTaskManager: START u0 {flg=0xc080000 cmp=host.exp.exponent/.experience.ExperienceActivity (has extras)} from uid 10145
03-30 10:24:15.043  5810  5869 D StartingSurfaceDrawer: addSplashScreen host.exp.exponent theme=7f1402b1 task=171 suggestType=3
03-30 10:30:18.086   547   592 I ActivityManager: Killing 13612:host.exp.exponent/u0a145 (adj 915): remove task
03-30 10:30:18.117   547   587 I WindowManager: WIN DEATH: Window{5b0a100 u0 host.exp.exponent/host.exp.exponent.experience.ExperienceActivity}
03-30 10:30:18.121   547   599 W UsageStatsService: Unexpected activity event reported! (host.exp.exponent/host.exp.exponent.experience.ExperienceActivity event : 23 instanceId : 44520096)
03-30 10:30:18.121   547   599 W UsageStatsService: Unexpected activity event reported! (host.exp.exponent/host.exp.exponent.experience.HomeActivity event : 23 instanceId : 9022249)
03-30 10:30:28.662   547  3456 I ActivityTaskManager: START u0 {act=android.intent.action.MAIN cat=[android.intent.category.LAUNCHER] flg=0x10200000 cmp=host.exp.exponent/.experience.HomeActivity} from uid 2000
03-30 10:30:28.665  5810  5869 D StartingSurfaceDrawer: addSplashScreen host.exp.exponent theme=7f1402b0 task=172 suggestType=3
03-30 10:30:28.672   547   601 I ActivityManager: Start proc 13909:host.exp.exponent/u0a145 for pre-top-activity {host.exp.exponent/host.exp.exponent.experience.HomeActivity}
03-30 10:30:28.765   547  4095 I ActivityTaskManager: START u0 {act=android.intent.action.VIEW dat=exp://192.168.1.13:8081 flg=0x10000000 cmp=host.exp.exponent/.LauncherActivity} from uid 2000
03-30 10:30:29.064   547  4095 I ActivityTaskManager: START u0 {flg=0xc080000 cmp=host.exp.exponent/.experience.ExperienceActivity (has extras)} from uid 10145
03-30 10:30:29.076  5810  5869 D StartingSurfaceDrawer: addSplashScreen host.exp.exponent theme=7f1402b1 task=173 suggestType=3
03-30 10:30:29.396   547  3456 I ActivityTaskManager: Activity reported stop, but no longer stopping: ActivityRecord{c991a40 u0 host.exp.exponent/.LauncherActivity t172 f} isExiting} DESTROYED
03-30 10:30:55.526   547   592 I ActivityManager: Killing 13909:host.exp.exponent/u0a145 (adj 905): remove task
03-30 10:30:55.565   547   630 I WindowManager: WIN DEATH: Window{e84b973 u0 host.exp.exponent/host.exp.exponent.experience.ExperienceActivity}
03-30 10:30:55.569   547   599 W UsageStatsService: Unexpected activity event reported! (host.exp.exponent/host.exp.exponent.experience.ExperienceActivity event : 23 instanceId : 88708373)
03-30 10:30:55.569   547   599 W UsageStatsService: Unexpected activity event reported! (host.exp.exponent/host.exp.exponent.experience.HomeActivity event : 23 instanceId : 163529825)
03-30 10:30:59.005   547  4095 I ActivityTaskManager: START u0 {act=android.intent.action.MAIN cat=[android.intent.category.LAUNCHER] flg=0x10200000 cmp=host.exp.exponent/.experience.HomeActivity} from uid 2000
03-30 10:30:59.007  5810  5869 D StartingSurfaceDrawer: addSplashScreen host.exp.exponent theme=7f1402b0 task=174 suggestType=3
03-30 10:30:59.014   547   601 I ActivityManager: Start proc 14199:host.exp.exponent/u0a145 for pre-top-activity {host.exp.exponent/host.exp.exponent.experience.HomeActivity}
03-30 10:30:59.108   547   630 I ActivityTaskManager: START u0 {act=android.intent.action.VIEW dat=exp://192.168.1.13:8081 flg=0x10000000 cmp=host.exp.exponent/.LauncherActivity} from uid 2000
03-30 10:30:59.405   547  1854 I ActivityTaskManager: START u0 {flg=0xc080000 cmp=host.exp.exponent/.experience.ExperienceActivity (has extras)} from uid 10145
03-30 10:30:59.410  5810  5869 D StartingSurfaceDrawer: addSplashScreen host.exp.exponent theme=7f1402b1 task=175 suggestType=3
03-30 10:31:26.873   547   592 I ActivityManager: Killing 14199:host.exp.exponent/u0a145 (adj 905): remove task
03-30 10:31:26.902   547  4095 I WindowManager: WIN DEATH: Window{5451298 u0 host.exp.exponent/host.exp.exponent.experience.ExperienceActivity}
03-30 10:31:26.904   547  1854 I WindowManager: WIN DEATH: Window{4598076 u0 host.exp.exponent/host.exp.exponent.experience.ExperienceActivity EXITING}
03-30 10:31:26.908   547   599 W UsageStatsService: Unexpected activity event reported! (host.exp.exponent/host.exp.exponent.experience.ExperienceActivity event : 23 instanceId : 179103612)
03-30 10:31:26.910   547   599 W UsageStatsService: Unexpected activity event reported! (host.exp.exponent/host.exp.exponent.experience.HomeActivity event : 23 instanceId : 224328332)
03-30 10:31:37.390   547   601 I ActivityManager: Start proc 14412:host.exp.exponent/u0a145 for service {host.exp.exponent/com.google.android.datatransport.runtime.scheduling.jobscheduling.JobInfoSchedulerService}
03-30 10:44:39.369   547   587 I ActivityTaskManager: START u0 {act=android.intent.action.MAIN cat=[android.intent.category.LAUNCHER] flg=0x10200000 cmp=host.exp.exponent/.experience.HomeActivity} from uid 2000
03-30 10:44:39.375  5810  5869 D StartingSurfaceDrawer: addSplashScreen host.exp.exponent theme=7f1402b0 task=176 suggestType=3
03-30 10:44:39.449   547  4095 I ActivityTaskManager: START u0 {act=android.intent.action.VIEW dat=exp://192.168.1.13:8081 flg=0x10000000 cmp=host.exp.exponent/.LauncherActivity} from uid 2000
03-30 10:44:39.692   547  5757 I ActivityTaskManager: START u0 {flg=0xc080000 cmp=host.exp.exponent/.experience.ExperienceActivity (has extras)} from uid 10145
03-30 10:44:39.710  5810  5869 D StartingSurfaceDrawer: addSplashScreen host.exp.exponent theme=7f1402b1 task=177 suggestType=3
03-30 10:51:24.804   547   592 I ActivityManager: Killing 14412:host.exp.exponent/u0a145 (adj 915): remove task
03-30 10:51:24.811   547   599 W UsageStatsService: Unexpected activity event reported! (host.exp.exponent/host.exp.exponent.experience.HomeActivity event : 23 instanceId : 113894209)
03-30 10:51:24.834   547  1854 I WindowManager: WIN DEATH: Window{195fc30 u0 host.exp.exponent/host.exp.exponent.experience.ExperienceActivity}
03-30 10:51:24.839   547   599 W UsageStatsService: Unexpected activity event reported! (host.exp.exponent/host.exp.exponent.experience.ExperienceActivity event : 23 instanceId : 174155982)
03-30 10:51:34.491   547  3422 I ActivityTaskManager: START u0 {act=android.intent.action.MAIN cat=[android.intent.category.LAUNCHER] flg=0x10200000 cmp=host.exp.exponent/.experience.HomeActivity} from uid 2000
03-30 10:51:34.493  5810  5869 D StartingSurfaceDrawer: addSplashScreen host.exp.exponent theme=7f1402b0 task=178 suggestType=3
03-30 10:51:34.504   547   601 I ActivityManager: Start proc 14732:host.exp.exponent/u0a145 for pre-top-activity {host.exp.exponent/host.exp.exponent.experience.HomeActivity}
03-30 10:51:34.559   547   831 I ActivityTaskManager: START u0 {act=android.intent.action.VIEW dat=exp://192.168.1.13:8081 flg=0x10000000 cmp=host.exp.exponent/.LauncherActivity} from uid 2000
03-30 10:51:34.905   547  3422 I ActivityTaskManager: START u0 {flg=0xc080000 cmp=host.exp.exponent/.experience.ExperienceActivity (has extras)} from uid 10145
03-30 10:51:34.919  5810  5869 D StartingSurfaceDrawer: addSplashScreen host.exp.exponent theme=7f1402b1 task=179 suggestType=3
03-30 10:51:35.155   547  1042 I ActivityTaskManager: Activity reported stop, but no longer stopping: ActivityRecord{ecd67b7 u0 host.exp.exponent/.LauncherActivity t178 f} isExiting} DESTROYED
03-30 10:55:32.814   547   592 I ActivityManager: Killing 14732:host.exp.exponent/u0a145 (adj 915): remove task
03-30 10:55:32.845   547  2101 I WindowManager: WIN DEATH: Window{9fd83f3 u0 host.exp.exponent/host.exp.exponent.experience.ExperienceActivity}
03-30 10:55:32.857   547   599 W UsageStatsService: Unexpected activity event reported! (host.exp.exponent/host.exp.exponent.experience.ExperienceActivity event : 23 instanceId : 217596799)
03-30 10:55:32.857   547   599 W UsageStatsService: Unexpected activity event reported! (host.exp.exponent/host.exp.exponent.experience.HomeActivity event : 23 instanceId : 164787272)
03-30 10:55:43.405   547  1963 I ActivityTaskManager: START u0 {act=android.intent.action.MAIN cat=[android.intent.category.LAUNCHER] flg=0x10200000 cmp=host.exp.exponent/.experience.HomeActivity} from uid 2000
03-30 10:55:43.409  5810  5869 D StartingSurfaceDrawer: addSplashScreen host.exp.exponent theme=7f1402b0 task=180 suggestType=3
03-30 10:55:43.416   547   601 I ActivityManager: Start proc 15263:host.exp.exponent/u0a145 for pre-top-activity {host.exp.exponent/host.exp.exponent.experience.HomeActivity}
03-30 10:55:43.504   547  5092 I ActivityTaskManager: START u0 {act=android.intent.action.VIEW dat=exp://192.168.1.13:8081 flg=0x10000000 cmp=host.exp.exponent/.LauncherActivity} from uid 2000
03-30 10:55:43.947   547   630 I ActivityTaskManager: START u0 {flg=0xc080000 cmp=host.exp.exponent/.experience.ExperienceActivity (has extras)} from uid 10145
03-30 10:55:43.975  5810  5869 D StartingSurfaceDrawer: addSplashScreen host.exp.exponent theme=7f1402b1 task=181 suggestType=3
03-30 10:56:12.772   547   592 I ActivityManager: Killing 15263:host.exp.exponent/u0a145 (adj 915): remove task
03-30 10:56:12.820   547  1963 I WindowManager: WIN DEATH: Window{d50f4fa u0 host.exp.exponent/host.exp.exponent.experience.ExperienceActivity EXITING}
03-30 10:56:12.823   547   599 W UsageStatsService: Unexpected activity event reported! (host.exp.exponent/host.exp.exponent.experience.ExperienceActivity event : 23 instanceId : 187338101)
03-30 10:56:12.823   547   832 I WindowManager: WIN DEATH: Window{44bc49d u0 host.exp.exponent/host.exp.exponent.experience.ExperienceActivity}
03-30 10:56:12.850   547   599 W UsageStatsService: Unexpected activity event reported! (host.exp.exponent/host.exp.exponent.experience.HomeActivity event : 23 instanceId : 209431233)
03-30 10:56:14.742   547  5757 I ActivityTaskManager: START u0 {act=android.intent.action.MAIN cat=[android.intent.category.LAUNCHER] flg=0x10200000 cmp=host.exp.exponent/.experience.HomeActivity} from uid 2000
03-30 10:56:14.744  5810  5869 D StartingSurfaceDrawer: addSplashScreen host.exp.exponent theme=7f1402b0 task=182 suggestType=3
03-30 10:56:14.752   547   601 I ActivityManager: Start proc 15521:host.exp.exponent/u0a145 for pre-top-activity {host.exp.exponent/host.exp.exponent.experience.HomeActivity}
03-30 10:56:14.834   547  4147 I ActivityTaskManager: START u0 {act=android.intent.action.VIEW dat=exp://192.168.1.13:8081 flg=0x10000000 cmp=host.exp.exponent/.LauncherActivity} from uid 2000
03-30 10:56:15.211   547  4147 I ActivityTaskManager: START u0 {flg=0xc080000 cmp=host.exp.exponent/.experience.ExperienceActivity (has extras)} from uid 10145
03-30 10:56:15.219  5810  5869 D StartingSurfaceDrawer: addSplashScreen host.exp.exponent theme=7f1402b1 task=183 suggestType=3
03-30 10:56:15.581   547   896 I ActivityTaskManager: Activity reported stop, but no longer stopping: ActivityRecord{5d3bc0f u0 host.exp.exponent/.LauncherActivity t182 f} isExiting} DESTROYED
03-30 10:56:32.381   547   592 I ActivityManager: Killing 15521:host.exp.exponent/u0a145 (adj 905): remove task
03-30 10:56:32.414   547  4147 I WindowManager: WIN DEATH: Window{f610360 u0 host.exp.exponent/host.exp.exponent.experience.ExperienceActivity}
03-30 10:56:32.421   547   630 I WindowManager: WIN DEATH: Window{89036b3 u0 host.exp.exponent/host.exp.exponent.experience.ExperienceActivity EXITING}
03-30 10:56:32.430   547   599 W UsageStatsService: Unexpected activity event reported! (host.exp.exponent/host.exp.exponent.experience.ExperienceActivity event : 23 instanceId : 66724950)
03-30 10:56:32.432   547   599 W UsageStatsService: Unexpected activity event reported! (host.exp.exponent/host.exp.exponent.experience.HomeActivity event : 23 instanceId : 7497586)
03-30 10:56:32.440   547   601 I ActivityManager: Start proc 15723:host.exp.exponent/u0a145 for service {host.exp.exponent/com.google.android.datatransport.runtime.scheduling.jobscheduling.JobInfoSchedulerService}
03-30 10:56:41.299   547  2100 I ActivityTaskManager: START u0 {act=android.intent.action.MAIN cat=[android.intent.category.LAUNCHER] flg=0x10200000 cmp=host.exp.exponent/.experience.HomeActivity} from uid 2000
03-30 10:56:41.302  5810  5869 D StartingSurfaceDrawer: addSplashScreen host.exp.exponent theme=7f1402b0 task=184 suggestType=3
03-30 10:56:41.422   547  2100 I ActivityTaskManager: START u0 {act=android.intent.action.VIEW dat=exp://192.168.1.13:8081 flg=0x10000000 cmp=host.exp.exponent/.LauncherActivity} from uid 2000
03-30 10:56:41.683   547  2100 I ActivityTaskManager: START u0 {flg=0xc080000 cmp=host.exp.exponent/.experience.ExperienceActivity (has extras)} from uid 10145
03-30 10:56:41.701  5810  5869 D StartingSurfaceDrawer: addSplashScreen host.exp.exponent theme=7f1402b1 task=185 suggestType=3
03-30 10:56:42.065   547  5757 I ActivityTaskManager: Activity reported stop, but no longer stopping: ActivityRecord{6810581 u0 host.exp.exponent/.LauncherActivity t184 f}} DESTROYING
03-30 10:59:59.139   547   592 I ActivityManager: Killing 15723:host.exp.exponent/u0a145 (adj 915): remove task
03-30 10:59:59.167   547  5092 I WindowManager: WIN DEATH: Window{8cfb047 u0 host.exp.exponent/host.exp.exponent.experience.ExperienceActivity}
03-30 10:59:59.173   547   599 W UsageStatsService: Unexpected activity event reported! (host.exp.exponent/host.exp.exponent.experience.ExperienceActivity event : 23 instanceId : 130892631)
03-30 10:59:59.173   547   599 W UsageStatsService: Unexpected activity event reported! (host.exp.exponent/host.exp.exponent.experience.HomeActivity event : 23 instanceId : 166435109)
03-30 11:01:39.346   547  5757 I ActivityTaskManager: START u0 {act=android.intent.action.MAIN cat=[android.intent.category.LAUNCHER] flg=0x10200000 cmp=host.exp.exponent/.experience.HomeActivity} from uid 2000
03-30 11:01:39.349  5810  5869 D StartingSurfaceDrawer: addSplashScreen host.exp.exponent theme=7f1402b0 task=186 suggestType=3
03-30 11:01:39.362   547   601 I ActivityManager: Start proc 16026:host.exp.exponent/u0a145 for pre-top-activity {host.exp.exponent/host.exp.exponent.experience.HomeActivity}
03-30 11:01:39.456   547  5757 I ActivityTaskManager: START u0 {act=android.intent.action.VIEW dat=exp://192.168.1.13:8081 flg=0x10000000 cmp=host.exp.exponent/.LauncherActivity} from uid 2000
03-30 11:01:39.859   547  5757 I ActivityTaskManager: START u0 {flg=0xc080000 cmp=host.exp.exponent/.experience.ExperienceActivity (has extras)} from uid 10145
03-30 11:01:39.878  5810  5869 D StartingSurfaceDrawer: addSplashScreen host.exp.exponent theme=7f1402b1 task=187 suggestType=3
03-30 11:01:40.056   547  5757 I ActivityTaskManager: Activity reported stop, but no longer stopping: ActivityRecord{7bb6528 u0 host.exp.exponent/.LauncherActivity t186 f}} DESTROYING
03-30 11:22:50.168   547   592 I ActivityManager: Killing 16026:host.exp.exponent/u0a145 (adj 905): remove task
03-30 11:22:50.199   547   832 I WindowManager: WIN DEATH: Window{9d49e00 u0 host.exp.exponent/host.exp.exponent.experience.ExperienceActivity}
03-30 11:22:50.208   547   599 W UsageStatsService: Unexpected activity event reported! (host.exp.exponent/host.exp.exponent.experience.ExperienceActivity event : 23 instanceId : 58169489)
03-30 11:22:50.208   547   599 W UsageStatsService: Unexpected activity event reported! (host.exp.exponent/host.exp.exponent.experience.HomeActivity event : 23 instanceId : 259744628)
03-30 11:23:49.312   547  5757 I ActivityTaskManager: START u0 {act=android.intent.action.MAIN cat=[android.intent.category.LAUNCHER] flg=0x10200000 cmp=host.exp.exponent/.experience.HomeActivity} from uid 2000
03-30 11:23:49.315  5810  5869 D StartingSurfaceDrawer: addSplashScreen host.exp.exponent theme=7f1402b0 task=188 suggestType=3
03-30 11:23:49.320   547   601 I ActivityManager: Start proc 16381:host.exp.exponent/u0a145 for pre-top-activity {host.exp.exponent/host.exp.exponent.experience.HomeActivity}
03-30 11:23:49.440   547  1963 I ActivityTaskManager: START u0 {act=android.intent.action.VIEW dat=exp://192.168.1.13:8081 flg=0x10000000 cmp=host.exp.exponent/.LauncherActivity} from uid 2000
03-30 11:23:49.790   547  1963 I ActivityTaskManager: START u0 {flg=0xc080000 cmp=host.exp.exponent/.experience.ExperienceActivity (has extras)} from uid 10145
03-30 11:23:49.795  5810  5869 D StartingSurfaceDrawer: addSplashScreen host.exp.exponent theme=7f1402b1 task=189 suggestType=3
03-30 11:30:45.905   547   592 I ActivityManager: Killing 16381:host.exp.exponent/u0a145 (adj 915): remove task
03-30 11:30:45.946   547   832 I WindowManager: WIN DEATH: Window{3515d85 u0 host.exp.exponent/host.exp.exponent.experience.ExperienceActivity}
03-30 11:30:45.954   547   599 W UsageStatsService: Unexpected activity event reported! (host.exp.exponent/host.exp.exponent.experience.ExperienceActivity event : 23 instanceId : 88926418)
03-30 11:30:45.954   547   599 W UsageStatsService: Unexpected activity event reported! (host.exp.exponent/host.exp.exponent.experience.HomeActivity event : 23 instanceId : 173029875)
03-30 11:30:55.778   547  1875 I ActivityTaskManager: START u0 {act=android.intent.action.MAIN cat=[android.intent.category.LAUNCHER] flg=0x10200000 cmp=host.exp.exponent/.experience.HomeActivity} from uid 2000
03-30 11:30:55.781  5810  5869 D StartingSurfaceDrawer: addSplashScreen host.exp.exponent theme=7f1402b0 task=190 suggestType=3
03-30 11:30:55.787   547   601 I ActivityManager: Start proc 16662:host.exp.exponent/u0a145 for pre-top-activity {host.exp.exponent/host.exp.exponent.experience.HomeActivity}
03-30 11:30:55.864   547  1875 I ActivityTaskManager: START u0 {act=android.intent.action.VIEW dat=exp://192.168.1.13:8081 flg=0x10000000 cmp=host.exp.exponent/.LauncherActivity} from uid 2000
03-30 11:30:56.286   547  2809 I ActivityTaskManager: START u0 {flg=0xc080000 cmp=host.exp.exponent/.experience.ExperienceActivity (has extras)} from uid 10145
03-30 11:30:56.294  5810  5869 D StartingSurfaceDrawer: addSplashScreen host.exp.exponent theme=7f1402b1 task=191 suggestType=3
03-30 11:58:54.793   547   592 I ActivityManager: Killing 16662:host.exp.exponent/u0a145 (adj 915): remove task
03-30 11:58:54.835   547   830 I WindowManager: WIN DEATH: Window{268022b u0 host.exp.exponent/host.exp.exponent.experience.HomeActivity}
03-30 11:58:54.839   547  2424 I WindowManager: WIN DEATH: Window{d5b5da6 u0 host.exp.exponent/host.exp.exponent.experience.ExperienceActivity}
03-30 11:58:54.858   547   599 W UsageStatsService: Unexpected activity event reported! (host.exp.exponent/host.exp.exponent.experience.ExperienceActivity event : 23 instanceId : 109985535)
03-30 11:58:54.858   547   599 W UsageStatsService: Unexpected activity event reported! (host.exp.exponent/host.exp.exponent.experience.HomeActivity event : 23 instanceId : 71594603)
03-30 11:59:18.068   547  2101 I ActivityTaskManager: START u0 {act=android.intent.action.MAIN cat=[android.intent.category.LAUNCHER] flg=0x10200000 cmp=host.exp.exponent/.experience.HomeActivity} from uid 2000
03-30 11:59:18.071  5810  5869 D StartingSurfaceDrawer: addSplashScreen host.exp.exponent theme=7f1402b0 task=192 suggestType=3
03-30 11:59:18.089   547   601 I ActivityManager: Start proc 17102:host.exp.exponent/u0a145 for pre-top-activity {host.exp.exponent/host.exp.exponent.experience.HomeActivity}
03-30 11:59:18.173   547   831 I ActivityTaskManager: START u0 {act=android.intent.action.VIEW dat=exp://192.168.1.13:8081 flg=0x10000000 cmp=host.exp.exponent/.LauncherActivity} from uid 2000
03-30 11:59:18.543   547   831 I ActivityTaskManager: START u0 {flg=0xc080000 cmp=host.exp.exponent/.experience.ExperienceActivity (has extras)} from uid 10145
03-30 11:59:18.570  5810  5869 D StartingSurfaceDrawer: addSplashScreen host.exp.exponent theme=7f1402b1 task=193 suggestType=3
03-30 12:00:51.786   547   592 I ActivityManager: Killing 17102:host.exp.exponent/u0a145 (adj 915): remove task
03-30 12:00:51.795   547   599 W UsageStatsService: Unexpected activity event reported! (host.exp.exponent/host.exp.exponent.experience.HomeActivity event : 23 instanceId : 125428416)
03-30 12:00:51.821   547   832 I WindowManager: WIN DEATH: Window{5701d1 u0 host.exp.exponent/host.exp.exponent.experience.ExperienceActivity}
03-30 12:00:51.837   547   599 W UsageStatsService: Unexpected activity event reported! (host.exp.exponent/host.exp.exponent.experience.ExperienceActivity event : 23 instanceId : 224097267)
03-30 12:01:02.297   547  1621 I ActivityTaskManager: START u0 {act=android.intent.action.MAIN cat=[android.intent.category.LAUNCHER] flg=0x10200000 cmp=host.exp.exponent/.experience.HomeActivity} from uid 2000
03-30 12:01:02.302  5810  5869 D StartingSurfaceDrawer: addSplashScreen host.exp.exponent theme=7f1402b0 task=194 suggestType=3
03-30 12:01:02.313   547   601 I ActivityManager: Start proc 17359:host.exp.exponent/u0a145 for pre-top-activity {host.exp.exponent/host.exp.exponent.experience.HomeActivity}
03-30 12:01:02.418   547  4147 I ActivityTaskManager: START u0 {act=android.intent.action.VIEW dat=exp://192.168.1.13:8081 flg=0x10000000 cmp=host.exp.exponent/.LauncherActivity} from uid 2000
03-30 12:01:02.842   547  1621 I ActivityTaskManager: START u0 {flg=0xc080000 cmp=host.exp.exponent/.experience.ExperienceActivity (has extras)} from uid 10145
03-30 12:01:02.869  5810  5869 D StartingSurfaceDrawer: addSplashScreen host.exp.exponent theme=7f1402b1 task=195 suggestType=3
03-30 12:01:03.060   547  2100 I ActivityTaskManager: Activity reported stop, but no longer stopping: ActivityRecord{2d3c273 u0 host.exp.exponent/.LauncherActivity t194 f}} DESTROYING
03-30 12:06:03.270   547   592 I ActivityManager: Killing 17359:host.exp.exponent/u0a145 (adj 915): remove task
03-30 12:06:03.328   547  4147 I WindowManager: WIN DEATH: Window{8ca9a33 u0 host.exp.exponent/host.exp.exponent.experience.ExperienceActivity}
03-30 12:06:03.336   547   599 W UsageStatsService: Unexpected activity event reported! (host.exp.exponent/host.exp.exponent.experience.ExperienceActivity event : 23 instanceId : 184510533)
03-30 12:06:03.336   547   599 W UsageStatsService: Unexpected activity event reported! (host.exp.exponent/host.exp.exponent.experience.HomeActivity event : 23 instanceId : 68923576)
03-30 12:06:05.690   547  2424 I ActivityTaskManager: START u0 {act=android.intent.action.MAIN cat=[android.intent.category.LAUNCHER] flg=0x10200000 cmp=host.exp.exponent/.experience.HomeActivity} from uid 2000
03-30 12:06:05.693  5810  5869 D StartingSurfaceDrawer: addSplashScreen host.exp.exponent theme=7f1402b0 task=196 suggestType=3
03-30 12:06:05.703   547   601 I ActivityManager: Start proc 17619:host.exp.exponent/u0a145 for pre-top-activity {host.exp.exponent/host.exp.exponent.experience.HomeActivity}
03-30 12:06:05.781   547  2101 I ActivityTaskManager: START u0 {act=android.intent.action.VIEW dat=exp://192.168.1.13:8081 flg=0x10000000 cmp=host.exp.exponent/.LauncherActivity} from uid 2000
03-30 12:06:06.155   547  2424 I ActivityTaskManager: START u0 {flg=0xc080000 cmp=host.exp.exponent/.experience.ExperienceActivity (has extras)} from uid 10145
03-30 12:06:06.185  5810  5869 D StartingSurfaceDrawer: addSplashScreen host.exp.exponent theme=7f1402b1 task=197 suggestType=3
03-30 12:09:44.746   547   592 I ActivityManager: Killing 17619:host.exp.exponent/u0a145 (adj 915): remove task
03-30 12:09:44.791   547   630 I WindowManager: WIN DEATH: Window{edf0cac u0 host.exp.exponent/host.exp.exponent.experience.HomeActivity}
03-30 12:09:44.795   547  1621 I WindowManager: WIN DEATH: Window{8bd71f8 u0 host.exp.exponent/host.exp.exponent.experience.ExperienceActivity}
03-30 12:09:44.796   547   889 I WindowManager: WIN DEATH: Window{13d433e u0 host.exp.exponent/host.exp.exponent.experience.ExperienceActivity EXITING}
03-30 12:09:44.800   547   599 W UsageStatsService: Unexpected activity event reported! (host.exp.exponent/host.exp.exponent.experience.ExperienceActivity event : 23 instanceId : 214841385)
03-30 12:09:44.800   547   599 W UsageStatsService: Unexpected activity event reported! (host.exp.exponent/host.exp.exponent.experience.HomeActivity event : 23 instanceId : 198747807)
03-30 12:09:54.422   547  1963 I ActivityTaskManager: START u0 {act=android.intent.action.MAIN cat=[android.intent.category.LAUNCHER] flg=0x10200000 cmp=host.exp.exponent/.experience.HomeActivity} from uid 2000
03-30 12:09:54.425  5810  5869 D StartingSurfaceDrawer: addSplashScreen host.exp.exponent theme=7f1402b0 task=198 suggestType=3
03-30 12:09:54.430   547   601 I ActivityManager: Start proc 17870:host.exp.exponent/u0a145 for pre-top-activity {host.exp.exponent/host.exp.exponent.experience.HomeActivity}
03-30 12:09:54.511   547   889 I ActivityTaskManager: START u0 {act=android.intent.action.VIEW dat=exp://192.168.1.13:8081 flg=0x10000000 cmp=host.exp.exponent/.LauncherActivity} from uid 2000
03-30 12:09:54.891   547   832 I ActivityTaskManager: START u0 {flg=0xc080000 cmp=host.exp.exponent/.experience.ExperienceActivity (has extras)} from uid 10145
03-30 12:09:54.902  5810  5869 D StartingSurfaceDrawer: addSplashScreen host.exp.exponent theme=7f1402b1 task=199 suggestType=3
03-30 12:09:55.240   547   630 I ActivityTaskManager: Activity reported stop, but no longer stopping: ActivityRecord{567e9c5 u0 host.exp.exponent/.LauncherActivity t198 f} isExiting} DESTROYED
03-30 12:36:25.947   547   592 I ActivityManager: Killing 17870:host.exp.exponent/u0a145 (adj 915): remove task
03-30 12:36:26.040   547   830 I WindowManager: WIN DEATH: Window{3649c46 u0 host.exp.exponent/host.exp.exponent.experience.HomeActivity}
03-30 12:36:26.044   547  2101 I WindowManager: WIN DEATH: Window{ed6aa9 u0 host.exp.exponent/host.exp.exponent.experience.ExperienceActivity}
03-30 12:36:26.045   547  2809 I WindowManager: WIN DEATH: Window{702d27c u0 host.exp.exponent/host.exp.exponent.experience.ExperienceActivity EXITING}
03-30 12:36:26.055   547   599 W UsageStatsService: Unexpected activity event reported! (host.exp.exponent/host.exp.exponent.experience.ExperienceActivity event : 23 instanceId : 164480027)
03-30 12:36:26.055   547   599 W UsageStatsService: Unexpected activity event reported! (host.exp.exponent/host.exp.exponent.experience.HomeActivity event : 23 instanceId : 165083526)
03-30 12:36:36.579   547   832 I ActivityTaskManager: START u0 {act=android.intent.action.MAIN cat=[android.intent.category.LAUNCHER] flg=0x10200000 cmp=host.exp.exponent/.experience.HomeActivity} from uid 2000
03-30 12:36:36.583  5810  5869 D StartingSurfaceDrawer: addSplashScreen host.exp.exponent theme=7f1402b0 task=200 suggestType=3
03-30 12:36:36.589   547   601 I ActivityManager: Start proc 18956:host.exp.exponent/u0a145 for pre-top-activity {host.exp.exponent/host.exp.exponent.experience.HomeActivity}
03-30 12:36:36.729   547   586 I ActivityTaskManager: START u0 {act=android.intent.action.VIEW dat=exp://192.168.1.13:8081 flg=0x10000000 cmp=host.exp.exponent/.LauncherActivity} from uid 2000
03-30 12:36:37.089   547  4095 I ActivityTaskManager: START u0 {flg=0xc080000 cmp=host.exp.exponent/.experience.ExperienceActivity (has extras)} from uid 10145
03-30 12:36:37.120  5810  5869 D StartingSurfaceDrawer: addSplashScreen host.exp.exponent theme=7f1402b1 task=201 suggestType=3
03-30 12:36:51.722   547   592 I ActivityManager: Killing 18956:host.exp.exponent/u0a145 (adj 915): remove task
03-30 12:36:51.755   547  2747 I WindowManager: WIN DEATH: Window{58a136a u0 host.exp.exponent/host.exp.exponent.experience.ExperienceActivity}
03-30 12:36:51.757   547  2100 I WindowManager: WIN DEATH: Window{6257f7e u0 host.exp.exponent/host.exp.exponent.experience.ExperienceActivity EXITING}
03-30 12:36:51.757   547   599 W UsageStatsService: Unexpected activity event reported! (host.exp.exponent/host.exp.exponent.experience.ExperienceActivity event : 23 instanceId : 160066547)
03-30 12:36:51.760   547   599 W UsageStatsService: Unexpected activity event reported! (host.exp.exponent/host.exp.exponent.experience.HomeActivity event : 23 instanceId : 172889255)
03-30 12:37:04.662   547  1875 I ActivityTaskManager: START u0 {act=android.intent.action.MAIN cat=[android.intent.category.LAUNCHER] flg=0x10200000 cmp=host.exp.exponent/.experience.HomeActivity} from uid 2000
03-30 12:37:04.665  5810  5869 D StartingSurfaceDrawer: addSplashScreen host.exp.exponent theme=7f1402b0 task=202 suggestType=3
03-30 12:37:04.670   547   601 I ActivityManager: Start proc 19179:host.exp.exponent/u0a145 for pre-top-activity {host.exp.exponent/host.exp.exponent.experience.HomeActivity}
03-30 12:37:04.729   547  1875 I ActivityTaskManager: START u0 {act=android.intent.action.VIEW dat=exp://192.168.1.13:8081 flg=0x10000000 cmp=host.exp.exponent/.LauncherActivity} from uid 2000
03-30 12:37:05.182   547  1875 I ActivityTaskManager: START u0 {flg=0xc080000 cmp=host.exp.exponent/.experience.ExperienceActivity (has extras)} from uid 10145
03-30 12:37:05.192  5810  5869 D StartingSurfaceDrawer: addSplashScreen host.exp.exponent theme=7f1402b1 task=203 suggestType=3
03-30 12:37:05.588   547  2100 I ActivityTaskManager: Activity reported stop, but no longer stopping: ActivityRecord{342b49 u0 host.exp.exponent/.LauncherActivity t202 f} isExiting} DESTROYED
03-30 12:37:19.078   547   592 I ActivityManager: Killing 19179:host.exp.exponent/u0a145 (adj 915): remove task
03-30 12:37:19.089   547   599 W UsageStatsService: Unexpected activity event reported! (host.exp.exponent/host.exp.exponent.experience.HomeActivity event : 23 instanceId : 134941728)
03-30 12:37:19.114   547   830 I WindowManager: WIN DEATH: Window{33c9135 u0 host.exp.exponent/host.exp.exponent.experience.ExperienceActivity}
03-30 12:37:19.120   547   599 W UsageStatsService: Unexpected activity event reported! (host.exp.exponent/host.exp.exponent.experience.ExperienceActivity event : 23 instanceId : 157840951)
03-30 12:37:27.502   547  1042 I ActivityTaskManager: START u0 {act=android.intent.action.MAIN cat=[android.intent.category.LAUNCHER] flg=0x10200000 cmp=host.exp.exponent/.experience.HomeActivity} from uid 2000
03-30 12:37:27.505  5810  5869 D StartingSurfaceDrawer: addSplashScreen host.exp.exponent theme=7f1402b0 task=204 suggestType=3
03-30 12:37:27.514   547   601 I ActivityManager: Start proc 19369:host.exp.exponent/u0a145 for pre-top-activity {host.exp.exponent/host.exp.exponent.experience.HomeActivity}
03-30 12:37:27.572   547  3422 I ActivityTaskManager: START u0 {act=android.intent.action.VIEW dat=exp://192.168.1.13:8081 flg=0x10000000 cmp=host.exp.exponent/.LauncherActivity} from uid 2000
03-30 12:37:28.016   547  2100 I ActivityTaskManager: START u0 {flg=0xc080000 cmp=host.exp.exponent/.experience.ExperienceActivity (has extras)} from uid 10145
03-30 12:37:28.028  5810  5869 D StartingSurfaceDrawer: addSplashScreen host.exp.exponent theme=7f1402b1 task=205 suggestType=3
03-30 12:37:28.365   547  1854 I ActivityTaskManager: Activity reported stop, but no longer stopping: ActivityRecord{18c2613 u0 host.exp.exponent/.LauncherActivity t204 f} isExiting} DESTROYED
03-30 12:37:41.890   547   592 I ActivityManager: Killing 19369:host.exp.exponent/u0a145 (adj 915): remove task
03-30 12:37:41.909   547   896 I WindowManager: WIN DEATH: Window{ee3a59d u0 host.exp.exponent/host.exp.exponent.experience.HomeActivity}
03-30 12:37:41.921   547  1042 I WindowManager: WIN DEATH: Window{19881b3 u0 host.exp.exponent/host.exp.exponent.experience.ExperienceActivity}
03-30 12:37:41.945   547  4147 I WindowManager: WIN DEATH: Window{a78b3c7 u0 host.exp.exponent/host.exp.exponent.experience.ExperienceActivity EXITING}
03-30 12:37:41.950   547   599 W UsageStatsService: Unexpected activity event reported! (host.exp.exponent/host.exp.exponent.experience.ExperienceActivity event : 23 instanceId : 143910865)
03-30 12:37:41.951   547   599 W UsageStatsService: Unexpected activity event reported! (host.exp.exponent/host.exp.exponent.experience.HomeActivity event : 23 instanceId : 90503662)
03-30 12:38:31.064   547   547 D DevicePolicyManager: updateSystemUpdateFreezePeriodsRecord
03-30 12:38:32.327   547  2425 I ActivityTaskManager: START u0 {act=android.intent.action.MAIN cat=[android.intent.category.LAUNCHER] flg=0x10200000 cmp=host.exp.exponent/.experience.HomeActivity} from uid 2000
03-30 12:38:32.335  5810  5869 D StartingSurfaceDrawer: addSplashScreen host.exp.exponent theme=7f1402b0 task=206 suggestType=3
03-30 12:38:32.363   547   601 I ActivityManager: Start proc 19835:host.exp.exponent/u0a145 for pre-top-activity {host.exp.exponent/host.exp.exponent.experience.HomeActivity}
03-30 12:38:32.426   547  1875 I ActivityTaskManager: START u0 {act=android.intent.action.VIEW dat=exp://192.168.1.13:8081 flg=0x10000000 cmp=host.exp.exponent/.LauncherActivity} from uid 2000
03-30 12:38:32.926   547  2425 I ActivityTaskManager: START u0 {flg=0xc080000 cmp=host.exp.exponent/.experience.ExperienceActivity (has extras)} from uid 10145
03-30 12:38:32.935  5810  5869 D StartingSurfaceDrawer: addSplashScreen host.exp.exponent theme=7f1402b1 task=207 suggestType=3
03-30 12:41:57.682   547   592 I ActivityManager: Killing 19835:host.exp.exponent/u0a145 (adj 905): remove task
03-30 12:41:57.708   547  2100 I WindowManager: WIN DEATH: Window{2d895ca u0 host.exp.exponent/host.exp.exponent.experience.HomeActivity}
03-30 12:41:57.709   547  4326 I WindowManager: WIN DEATH: Window{aea4f30 u0 host.exp.exponent/host.exp.exponent.experience.ExperienceActivity EXITING}
03-30 12:41:57.710   547  4095 I WindowManager: WIN DEATH: Window{6913f19 u0 host.exp.exponent/host.exp.exponent.experience.ExperienceActivity}
03-30 12:41:57.713   547   599 W UsageStatsService: Unexpected activity event reported! (host.exp.exponent/host.exp.exponent.experience.ExperienceActivity event : 23 instanceId : 152015505)
03-30 12:41:57.716   547   599 W UsageStatsService: Unexpected activity event reported! (host.exp.exponent/host.exp.exponent.experience.HomeActivity event : 23 instanceId : 251569706)
03-30 12:42:01.403   547   832 I ActivityTaskManager: START u0 {act=android.intent.action.MAIN cat=[android.intent.category.LAUNCHER] flg=0x10200000 cmp=host.exp.exponent/.experience.HomeActivity} from uid 2000
03-30 12:42:01.407  5810  5869 D StartingSurfaceDrawer: addSplashScreen host.exp.exponent theme=7f1402b0 task=208 suggestType=3
03-30 12:42:01.415   547   601 I ActivityManager: Start proc 20654:host.exp.exponent/u0a145 for pre-top-activity {host.exp.exponent/host.exp.exponent.experience.HomeActivity}
03-30 12:42:01.534   547   832 I ActivityTaskManager: START u0 {act=android.intent.action.VIEW dat=exp://192.168.1.13:8081 flg=0x10000000 cmp=host.exp.exponent/.LauncherActivity} from uid 2000
03-30 12:42:01.919   547   832 I ActivityTaskManager: START u0 {flg=0xc080000 cmp=host.exp.exponent/.experience.ExperienceActivity (has extras)} from uid 10145
03-30 12:42:01.933  5810  5869 D StartingSurfaceDrawer: addSplashScreen host.exp.exponent theme=7f1402b1 task=209 suggestType=3
03-30 12:45:54.278   547   592 I ActivityManager: Killing 20654:host.exp.exponent/u0a145 (adj 905): remove task
03-30 12:45:54.305   547  4326 I WindowManager: WIN DEATH: Window{70eef44 u0 host.exp.exponent/host.exp.exponent.experience.HomeActivity}
03-30 12:45:54.307   547  4147 I WindowManager: WIN DEATH: Window{478225a u0 host.exp.exponent/host.exp.exponent.experience.ExperienceActivity EXITING}
03-30 12:45:54.309   547  2100 I WindowManager: WIN DEATH: Window{f0124c5 u0 host.exp.exponent/host.exp.exponent.experience.ExperienceActivity}
03-30 12:45:54.311   547   599 W UsageStatsService: Unexpected activity event reported! (host.exp.exponent/host.exp.exponent.experience.ExperienceActivity event : 23 instanceId : 36365020)
03-30 12:45:54.313   547   599 W UsageStatsService: Unexpected activity event reported! (host.exp.exponent/host.exp.exponent.experience.HomeActivity event : 23 instanceId : 58685489)
03-30 12:46:55.570   547  2100 I ActivityTaskManager: START u0 {act=android.intent.action.MAIN cat=[android.intent.category.LAUNCHER] flg=0x10200000 cmp=host.exp.exponent/.experience.HomeActivity} from uid 2000
03-30 12:46:55.573  5810  5869 D StartingSurfaceDrawer: addSplashScreen host.exp.exponent theme=7f1402b0 task=210 suggestType=3
03-30 12:46:55.580   547   601 I ActivityManager: Start proc 20931:host.exp.exponent/u0a145 for pre-top-activity {host.exp.exponent/host.exp.exponent.experience.HomeActivity}
03-30 12:46:55.671   547  4326 I ActivityTaskManager: START u0 {act=android.intent.action.VIEW dat=exp://192.168.1.13:8081 flg=0x10000000 cmp=host.exp.exponent/.LauncherActivity} from uid 2000
03-30 12:46:55.963   547  4326 I ActivityTaskManager: START u0 {flg=0xc080000 cmp=host.exp.exponent/.experience.ExperienceActivity (has extras)} from uid 10145
03-30 12:46:55.983  5810  5869 D StartingSurfaceDrawer: addSplashScreen host.exp.exponent theme=7f1402b1 task=211 suggestType=3
